Archive member included to satisfy reference by file (symbol)

/usr/lib/gcc/arm-none-eabi/5.4.1/../../../arm-none-eabi/lib/armv7-m/libg_nano.a(lib_a-errno.o)
                              ./system/src/newlib/_sbrk.o (__errno)
/usr/lib/gcc/arm-none-eabi/5.4.1/../../../arm-none-eabi/lib/armv7-m/libg_nano.a(lib_a-impure.o)
                              /usr/lib/gcc/arm-none-eabi/5.4.1/../../../arm-none-eabi/lib/armv7-m/libg_nano.a(lib_a-errno.o) (_impure_ptr)
/usr/lib/gcc/arm-none-eabi/5.4.1/../../../arm-none-eabi/lib/armv7-m/libg_nano.a(lib_a-memcpy.o)
                              ./src/webserver/httpd.o (memcpy)
/usr/lib/gcc/arm-none-eabi/5.4.1/../../../arm-none-eabi/lib/armv7-m/libg_nano.a(lib_a-memset.o)
                              ./src/uip/uip_arp.o (memset)
/usr/lib/gcc/arm-none-eabi/5.4.1/../../../arm-none-eabi/lib/armv7-m/libg_nano.a(lib_a-printf.o)
                              ./src/uip/psock.o (printf)
/usr/lib/gcc/arm-none-eabi/5.4.1/../../../arm-none-eabi/lib/armv7-m/libg_nano.a(lib_a-snprintf.o)
                              ./src/webserver/httpd-cgi.o (snprintf)
/usr/lib/gcc/arm-none-eabi/5.4.1/../../../arm-none-eabi/lib/armv7-m/libg_nano.a(lib_a-strchr.o)
                              ./src/webserver/httpd.o (strchr)
/usr/lib/gcc/arm-none-eabi/5.4.1/../../../arm-none-eabi/lib/armv7-m/libg_nano.a(lib_a-strcpy.o)
                              ./src/webserver/httpd.o (strcpy)
/usr/lib/gcc/arm-none-eabi/5.4.1/../../../arm-none-eabi/lib/armv7-m/libg_nano.a(lib_a-strlen-stub.o)
                              ./src/webserver/httpd-cgi.o (strlen)
/usr/lib/gcc/arm-none-eabi/5.4.1/../../../arm-none-eabi/lib/armv7-m/libg_nano.a(lib_a-strncmp.o)
                              ./src/webserver/httpd-cgi.o (strncmp)
/usr/lib/gcc/arm-none-eabi/5.4.1/../../../arm-none-eabi/lib/armv7-m/libg_nano.a(lib_a-strncpy.o)
                              ./src/webserver/httpd.o (strncpy)
/usr/lib/gcc/arm-none-eabi/5.4.1/../../../arm-none-eabi/lib/armv7-m/libg_nano.a(lib_a-strrchr.o)
                              ./src/webserver/httpd.o (strrchr)
/usr/lib/gcc/arm-none-eabi/5.4.1/../../../arm-none-eabi/lib/armv7-m/libg_nano.a(lib_a-findfp.o)
                              /usr/lib/gcc/arm-none-eabi/5.4.1/../../../arm-none-eabi/lib/armv7-m/libg_nano.a(lib_a-printf.o) (__sinit)
/usr/lib/gcc/arm-none-eabi/5.4.1/../../../arm-none-eabi/lib/armv7-m/libg_nano.a(lib_a-fwalk.o)
                              /usr/lib/gcc/arm-none-eabi/5.4.1/../../../arm-none-eabi/lib/armv7-m/libg_nano.a(lib_a-findfp.o) (_fwalk)
/usr/lib/gcc/arm-none-eabi/5.4.1/../../../arm-none-eabi/lib/armv7-m/libg_nano.a(lib_a-nano-mallocr.o)
                              /usr/lib/gcc/arm-none-eabi/5.4.1/../../../arm-none-eabi/lib/armv7-m/libg_nano.a(lib_a-findfp.o) (_malloc_r)
/usr/lib/gcc/arm-none-eabi/5.4.1/../../../arm-none-eabi/lib/armv7-m/libg_nano.a(lib_a-nano-svfprintf.o)
                              /usr/lib/gcc/arm-none-eabi/5.4.1/../../../arm-none-eabi/lib/armv7-m/libg_nano.a(lib_a-snprintf.o) (_svfprintf_r)
/usr/lib/gcc/arm-none-eabi/5.4.1/../../../arm-none-eabi/lib/armv7-m/libg_nano.a(lib_a-nano-vfprintf.o)
                              /usr/lib/gcc/arm-none-eabi/5.4.1/../../../arm-none-eabi/lib/armv7-m/libg_nano.a(lib_a-printf.o) (_vfprintf_r)
/usr/lib/gcc/arm-none-eabi/5.4.1/../../../arm-none-eabi/lib/armv7-m/libg_nano.a(lib_a-nano-vfprintf_i.o)
                              /usr/lib/gcc/arm-none-eabi/5.4.1/../../../arm-none-eabi/lib/armv7-m/libg_nano.a(lib_a-nano-svfprintf.o) (_printf_i)
/usr/lib/gcc/arm-none-eabi/5.4.1/../../../arm-none-eabi/lib/armv7-m/libg_nano.a(lib_a-sbrkr.o)
                              /usr/lib/gcc/arm-none-eabi/5.4.1/../../../arm-none-eabi/lib/armv7-m/libg_nano.a(lib_a-nano-mallocr.o) (_sbrk_r)
/usr/lib/gcc/arm-none-eabi/5.4.1/../../../arm-none-eabi/lib/armv7-m/libg_nano.a(lib_a-stdio.o)
                              /usr/lib/gcc/arm-none-eabi/5.4.1/../../../arm-none-eabi/lib/armv7-m/libg_nano.a(lib_a-findfp.o) (__sread)
/usr/lib/gcc/arm-none-eabi/5.4.1/../../../arm-none-eabi/lib/armv7-m/libg_nano.a(lib_a-wbuf.o)
                              /usr/lib/gcc/arm-none-eabi/5.4.1/../../../arm-none-eabi/lib/armv7-m/libg_nano.a(lib_a-nano-vfprintf.o) (__swbuf_r)
/usr/lib/gcc/arm-none-eabi/5.4.1/../../../arm-none-eabi/lib/armv7-m/libg_nano.a(lib_a-writer.o)
                              /usr/lib/gcc/arm-none-eabi/5.4.1/../../../arm-none-eabi/lib/armv7-m/libg_nano.a(lib_a-stdio.o) (_write_r)
/usr/lib/gcc/arm-none-eabi/5.4.1/../../../arm-none-eabi/lib/armv7-m/libg_nano.a(lib_a-wsetup.o)
                              /usr/lib/gcc/arm-none-eabi/5.4.1/../../../arm-none-eabi/lib/armv7-m/libg_nano.a(lib_a-nano-vfprintf.o) (__swsetup_r)
/usr/lib/gcc/arm-none-eabi/5.4.1/../../../arm-none-eabi/lib/armv7-m/libg_nano.a(lib_a-closer.o)
                              /usr/lib/gcc/arm-none-eabi/5.4.1/../../../arm-none-eabi/lib/armv7-m/libg_nano.a(lib_a-stdio.o) (_close_r)
[...]
Memory Configuration

Name             Origin             Length             Attributes
RAM              0x0000000020000000 0x0000000000005000 xrw
CCMRAM           0x0000000000000000 0x0000000000000000 xrw
FLASH            0x0000000008000000 0x0000000000010000 xr
FLASHB1          0x0000000000000000 0x0000000000000000 xr
EXTMEMB0         0x0000000000000000 0x0000000000000000 xr
EXTMEMB1         0x0000000000000000 0x0000000000000000 xr
EXTMEMB2         0x0000000000000000 0x0000000000000000 xr
EXTMEMB3         0x0000000000000000 0x0000000000000000 xr
MEMORY_ARRAY     0x0000000000000000 0x0000000000000000 xrw
*default*        0x0000000000000000 0xffffffffffffffff

Linker script and memory map

LOAD ./system/src/stm32f1-stdperiph/misc.o
LOAD ./system/src/stm32f1-stdperiph/stm32f10x_gpio.o
LOAD ./system/src/stm32f1-stdperiph/stm32f10x_rcc.o
LOAD ./system/src/newlib/_cxx.o
LOAD ./system/src/newlib/_exit.o
LOAD ./system/src/newlib/_sbrk.o
LOAD ./system/src/newlib/_startup.o
LOAD ./system/src/newlib/_syscalls.o
LOAD ./system/src/newlib/assert.o
LOAD ./system/src/diag/Trace.o
LOAD ./system/src/diag/trace_impl.o
LOAD ./system/src/cortexm/_initialize_hardware.o
LOAD ./system/src/cortexm/_reset_hardware.o
LOAD ./system/src/cortexm/exception_handlers.o
LOAD ./system/src/cmsis/system_stm32f10x.o
LOAD ./system/src/cmsis/vectors_stm32f10x.o
LOAD ./src/webserver/http-strings.o
LOAD ./src/webserver/httpd-cgi.o
LOAD ./src/webserver/httpd-fs.o
LOAD ./src/webserver/httpd.o
LOAD ./src/uip/psock.o
LOAD ./src/uip/timer.o
LOAD ./src/uip/uip-fw.o
LOAD ./src/uip/uip-neighbor.o
LOAD ./src/uip/uip-split.o
LOAD ./src/uip/uip.o
LOAD ./src/uip/uip_arp.o
LOAD ./src/uip/uiplib.o
LOAD ./src/ds18b20/ds18b20.o
LOAD ./src/SPI_driver.o
LOAD ./src/_write.o
LOAD ./src/clock-arch.o
LOAD ./src/enc28j60.o
LOAD ./src/main.o
LOAD /usr/lib/gcc/arm-none-eabi/5.4.1/../../../arm-none-eabi/lib/armv7-m/libstdc++_nano.a
LOAD /usr/lib/gcc/arm-none-eabi/5.4.1/../../../arm-none-eabi/lib/armv7-m/libm.a
START GROUP
LOAD /usr/lib/gcc/arm-none-eabi/5.4.1/armv7-m/libgcc.a
LOAD /usr/lib/gcc/arm-none-eabi/5.4.1/../../../arm-none-eabi/lib/armv7-m/libg_nano.a
LOAD /usr/lib/gcc/arm-none-eabi/5.4.1/../../../arm-none-eabi/lib/armv7-m/libc_nano.a
END GROUP
START GROUP
LOAD /usr/lib/gcc/arm-none-eabi/5.4.1/armv7-m/libgcc.a
LOAD /usr/lib/gcc/arm-none-eabi/5.4.1/../../../arm-none-eabi/lib/armv7-m/libc_nano.a
END GROUP
                0x0000000020005000                __stack = (ORIGIN (RAM) + LENGTH (RAM))
                0x0000000020005000                _estack = __stack
                0x0000000000000400                __Main_Stack_Size = 0x400
                [!provide]                        PROVIDE (_Main_Stack_Size, __Main_Stack_Size)
                0x0000000020004c00                __Main_Stack_Limit = (__stack - __Main_Stack_Size)
                [!provide]                        PROVIDE (_Main_Stack_Limit, __Main_Stack_Limit)
                0x0000000000000100                _Minimum_Stack_Size = 0x100
                0x000000002000235c                PROVIDE (_Heap_Begin, _end_noinit)
                0x0000000020004c00                PROVIDE (_Heap_Limit, (__stack - __Main_Stack_Size))

.isr_vector     0x0000000008000000      0x298
 FILL mask 0xff
                0x0000000008000000                __vectors_start = ABSOLUTE (.)
                0x0000000008000000                __vectors_start__ = ABSOLUTE (.)
 *(.isr_vector)
 .isr_vector    0x0000000008000000      0x10c ./system/src/cmsis/vectors_stm32f10x.o
                0x0000000008000000                __isr_vectors
 *(.cfmconfig)
 *(.after_vectors .after_vectors.*)
 .after_vectors
                0x000000000800010c      0x114 ./system/src/newlib/_startup.o
                0x000000000800010c                _start
 .after_vectors
                0x0000000008000220       0x74 ./system/src/cortexm/exception_handlers.o
                0x0000000008000220                Reset_Handler
                0x0000000008000228                NMI_Handler
                0x000000000800022c                HardFault_Handler
                0x0000000008000240                HardFault_Handler_C
                0x0000000008000244                MemManage_Handler
                0x0000000008000248                BusFault_Handler
                0x000000000800025c                BusFault_Handler_C
                0x0000000008000260                UsageFault_Handler
                0x0000000008000274                UsageFault_Handler_C
                0x0000000008000278                SVC_Handler
                0x000000000800027c                DebugMon_Handler
                0x0000000008000280                PendSV_Handler
                0x0000000008000284                SysTick_Handler
 .after_vectors
                0x0000000008000294        0x4 ./system/src/cmsis/vectors_stm32f10x.o
                0x0000000008000294                EXTI2_IRQHandler
                0x0000000008000294                TIM8_TRG_COM_IRQHandler
                0x0000000008000294                TIM8_CC_IRQHandler
                0x0000000008000294                TIM1_CC_IRQHandler
                0x0000000008000294                TIM6_IRQHandler
                0x0000000008000294                PVD_IRQHandler
                0x0000000008000294                SDIO_IRQHandler
                0x0000000008000294                CAN2_RX1_IRQHandler
                0x0000000008000294                EXTI3_IRQHandler
                0x0000000008000294                TIM8_TRG_COM_TIM14_IRQHandler
                0x0000000008000294                TIM1_UP_TIM10_IRQHandler
                0x0000000008000294                TIM8_UP_TIM13_IRQHandler
                0x0000000008000294                EXTI0_IRQHandler
                0x0000000008000294                I2C2_EV_IRQHandler
                0x0000000008000294                CAN1_RX0_IRQHandler
                0x0000000008000294                TIM1_UP_TIM16_IRQHandler
                0x0000000008000294                CAN2_SCE_IRQHandler
                0x0000000008000294                ADC1_2_IRQHandler
                0x0000000008000294                SPI1_IRQHandler
                0x0000000008000294                TAMPER_IRQHandler
                0x0000000008000294                TIM6_DAC_IRQHandler
                0x0000000008000294                TIM1_BRK_TIM9_IRQHandler
                0x0000000008000294                CAN2_RX0_IRQHandler
                0x0000000008000294                TIM8_UP_IRQHandler
                0x0000000008000294                DMA2_Channel2_IRQHandler
                0x0000000008000294                DMA1_Channel4_IRQHandler
                0x0000000008000294                USART3_IRQHandler
                0x0000000008000294                RTC_IRQHandler
                0x0000000008000294                DMA1_Channel7_IRQHandler
                0x0000000008000294                CAN1_RX1_IRQHandler
                0x0000000008000294                UART5_IRQHandler
                0x0000000008000294                ADC3_IRQHandler
                0x0000000008000294                TIM4_IRQHandler
                0x0000000008000294                DMA2_Channel1_IRQHandler
                0x0000000008000294                I2C1_EV_IRQHandler
                0x0000000008000294                DMA1_Channel6_IRQHandler
                0x0000000008000294                UART4_IRQHandler
                0x0000000008000294                DMA2_Channel4_IRQHandler
                0x0000000008000294                TIM3_IRQHandler
                0x0000000008000294                RCC_IRQHandler
                0x0000000008000294                TIM8_BRK_TIM12_IRQHandler
                0x0000000008000294                TIM1_TRG_COM_IRQHandler
                0x0000000008000294                DMA1_Channel1_IRQHandler
                0x0000000008000294                Default_Handler
                0x0000000008000294                CEC_IRQHandler
                0x0000000008000294                EXTI15_10_IRQHandler
                0x0000000008000294                TIM14_IRQHandler
                0x0000000008000294                TIM13_IRQHandler
                0x0000000008000294                TIM12_IRQHandler
                0x0000000008000294                TIM7_IRQHandler
                0x0000000008000294                CAN2_TX_IRQHandler
                0x0000000008000294                TIM5_IRQHandler
                0x0000000008000294                EXTI9_5_IRQHandler
                0x0000000008000294                ETH_WKUP_IRQHandler
                0x0000000008000294                SPI2_IRQHandler
                0x0000000008000294                CAN1_TX_IRQHandler
                0x0000000008000294                DMA2_Channel5_IRQHandler
                0x0000000008000294                DMA1_Channel5_IRQHandler
                0x0000000008000294                EXTI4_IRQHandler
                0x0000000008000294                USB_LP_CAN1_RX0_IRQHandler
                0x0000000008000294                TIM1_TRG_COM_TIM17_IRQHandler
                0x0000000008000294                USB_HP_CAN1_TX_IRQHandler
                0x0000000008000294                DMA1_Channel3_IRQHandler
                0x0000000008000294                FSMC_IRQHandler
                0x0000000008000294                ETH_IRQHandler
                0x0000000008000294                TIM1_UP_IRQHandler
                0x0000000008000294                WWDG_IRQHandler
                0x0000000008000294                TIM2_IRQHandler
                0x0000000008000294                OTG_FS_WKUP_IRQHandler
                0x0000000008000294                TIM1_TRG_COM_TIM11_IRQHandler
                0x0000000008000294                TIM1_BRK_IRQHandler
                0x0000000008000294                EXTI1_IRQHandler
                0x0000000008000294                RTCAlarm_IRQHandler
                0x0000000008000294                DMA2_Channel4_5_IRQHandler
                0x0000000008000294                USART2_IRQHandler
                0x0000000008000294                I2C2_ER_IRQHandler
                0x0000000008000294                DMA1_Channel2_IRQHandler
                0x0000000008000294                TIM8_BRK_IRQHandler
                0x0000000008000294                CAN1_SCE_IRQHandler
                0x0000000008000294                FLASH_IRQHandler
                0x0000000008000294                USART1_IRQHandler
                0x0000000008000294                OTG_FS_IRQHandler
                0x0000000008000294                SPI3_IRQHandler
                0x0000000008000294                I2C1_ER_IRQHandler
                0x0000000008000294                USBWakeUp_IRQHandler
                0x0000000008000294                DMA2_Channel3_IRQHandler
                0x0000000008000294                TIM1_BRK_TIM15_IRQHandler

.inits          0x0000000008000298       0x28
                0x0000000008000298                __data_regions_array_start = .
                0x0000000008000298        0x4 LONG 0x8004564 LOADADDR (.data)
                0x000000000800029c        0x4 LONG 0x20000000 ADDR (.data)
                0x00000000080002a0        0x4 LONG 0x20000090 (ADDR (.data) + SIZEOF (.data))
                0x00000000080002a4        0x4 LONG 0x8004564 LOADADDR (.data_CCMRAM)
                0x00000000080002a8        0x4 LONG 0x0 ADDR (.data_CCMRAM)
                0x00000000080002ac        0x4 LONG 0x0 (ADDR (.data_CCMRAM) + SIZEOF (.data_CCMRAM))
                0x00000000080002b0                __data_regions_array_end = .
                0x00000000080002b0                __bss_regions_array_start = .
                0x00000000080002b0        0x4 LONG 0x20000090 ADDR (.bss)
                0x00000000080002b4        0x4 LONG 0x2000235c (ADDR (.bss) + SIZEOF (.bss))
                0x00000000080002b8        0x4 LONG 0x0 ADDR (.bss_CCMRAM)
                0x00000000080002bc        0x4 LONG 0x0 (ADDR (.bss_CCMRAM) + SIZEOF (.bss_CCMRAM))
                0x00000000080002c0                __bss_regions_array_end = .
 *(.init)
 *(.fini)
                0x00000000080002c0                . = ALIGN (0x4)
                0x00000000080002c0                PROVIDE (__preinit_array_start, .)
 *(.preinit_array_sysinit .preinit_array_sysinit.*)
 *(.preinit_array_platform .preinit_array_platform.*)
 *(.preinit_array .preinit_array.*)
                0x00000000080002c0                PROVIDE (__preinit_array_end, .)
                0x00000000080002c0                . = ALIGN (0x4)
                0x00000000080002c0                PROVIDE (__init_array_start, .)
 *(SORT(.init_array.*))
 *(.init_array)
                0x00000000080002c0                PROVIDE (__init_array_end, .)
                0x00000000080002c0                . = ALIGN (0x4)
                0x00000000080002c0                PROVIDE (__fini_array_start, .)
 *(SORT(.fini_array.*))
 *(.fini_array)
                0x00000000080002c0                PROVIDE (__fini_array_end, .)

.flashtext
 *(.flashtext .flashtext.*)

.text           0x00000000080002c0     0x42a4
 *(.text .text.*)
 .text._exit    0x00000000080002c0        0x4 ./system/src/newlib/_exit.o
                0x00000000080002c0                _exit
 .text._sbrk    0x00000000080002c4       0x44 ./system/src/newlib/_sbrk.o
                0x00000000080002c4                _sbrk
 .text.__initialize_args
                0x0000000008000308       0x10 ./system/src/newlib/_syscalls.o
                0x0000000008000308                __initialize_args
 .text.__initialize_hardware_early
                0x0000000008000318       0x18 ./system/src/cortexm/_initialize_hardware.o
                0x0000000008000318                __initialize_hardware_early
 .text.__initialize_hardware
                0x0000000008000330        0x8 ./system/src/cortexm/_initialize_hardware.o
                0x0000000008000330                __initialize_hardware
 .text.SetSysClockTo72
                0x0000000008000338       0xc4 ./system/src/cmsis/system_stm32f10x.o
 .text.SetSysClock
                0x00000000080003fc        0x8 ./system/src/cmsis/system_stm32f10x.o
 .text.SystemInit
                0x0000000008000404       0x50 ./system/src/cmsis/system_stm32f10x.o
                0x0000000008000404                SystemInit
 .text.SystemCoreClockUpdate
                0x0000000008000454       0x94 ./system/src/cmsis/system_stm32f10x.o
                0x0000000008000454                SystemCoreClockUpdate
 .text.nullfunction
                0x00000000080004e8        0x8 ./src/webserver/httpd-cgi.o
 .text.getRoomTemperature
                0x00000000080004f0       0x30 ./src/webserver/httpd-cgi.o
 .text.get_temperature
                0x0000000008000520       0x44 ./src/webserver/httpd-cgi.o
 .text.httpd_cgi
                0x0000000008000564       0x38 ./src/webserver/httpd-cgi.o
                0x0000000008000564                httpd_cgi
 .text.httpd_fs_strcmp
                0x000000000800059c       0x30 ./src/webserver/httpd-fs.o
 .text.httpd_fs_open
                0x00000000080005cc       0x44 ./src/webserver/httpd-fs.o
                0x00000000080005cc                httpd_fs_open
 .text.handle_input
                0x0000000008000610      0x108 ./src/webserver/httpd.o
 .text.next_scriptstate
                0x0000000008000718       0x28 ./src/webserver/httpd.o
 .text.send_part_of_file
                0x0000000008000740       0x30 ./src/webserver/httpd.o
 .text.send_headers
                0x0000000008000770      0x1cc ./src/webserver/httpd.o
 .text.send_file
                0x000000000800093c       0x4c ./src/webserver/httpd.o
 .text.handle_script
                0x0000000008000988      0x124 ./src/webserver/httpd.o
 .text.handle_output
                0x0000000008000aac       0xe4 ./src/webserver/httpd.o
 .text.handle_connection
                0x0000000008000b90       0x18 ./src/webserver/httpd.o
 .text.generate_part_of_file
                0x0000000008000ba8       0x3c ./src/webserver/httpd.o
 .text.httpd_appcall
                0x0000000008000be4       0x88 ./src/webserver/httpd.o
                0x0000000008000be4                httpd_appcall
 .text.httpd_init
                0x0000000008000c6c        0xc ./src/webserver/httpd.o
                0x0000000008000c6c                httpd_init
 .text.buf_setup
                0x0000000008000c78        0x8 ./src/uip/psock.o
 .text.buf_bufto
                0x0000000008000c80       0x64 ./src/uip/psock.o
 .text.data_acked
                0x0000000008000ce4       0x50 ./src/uip/psock.o
 .text.send_data
                0x0000000008000d34       0x48 ./src/uip/psock.o
 .text.psock_send
                0x0000000008000d7c       0x54 ./src/uip/psock.o
                0x0000000008000d7c                psock_send
 .text.psock_generator_send
                0x0000000008000dd0       0x74 ./src/uip/psock.o
                0x0000000008000dd0                psock_generator_send
 .text.psock_datalen
                0x0000000008000e44        0xc ./src/uip/psock.o
                0x0000000008000e44                psock_datalen
 .text.psock_newdata
                0x0000000008000e50       0x30 ./src/uip/psock.o
                0x0000000008000e50                psock_newdata
 .text.psock_readto
                0x0000000008000e80       0x80 ./src/uip/psock.o
                0x0000000008000e80                psock_readto
 .text.psock_init
                0x0000000008000f00       0x20 ./src/uip/psock.o
                0x0000000008000f00                psock_init
 .text.chksum   0x0000000008000f20       0x3c ./src/uip/uip.o
 .text.uip_add32
                0x0000000008000f5c       0x5c ./src/uip/uip.o
                0x0000000008000f5c                uip_add32
 .text.uip_add_rcv_nxt
                0x0000000008000fb8       0x30 ./src/uip/uip.o
 .text.uip_init
                0x0000000008000fe8       0x5c ./src/uip/uip.o
                0x0000000008000fe8                uip_init
 .text.uip_listen
                0x0000000008001044       0x34 ./src/uip/uip.o
                0x0000000008001044                uip_listen
 .text.htons    0x0000000008001078        0xc ./src/uip/uip.o
                0x0000000008001078                htons
 .text.uip_ipchksum
                0x0000000008001084       0x20 ./src/uip/uip.o
                0x0000000008001084                uip_ipchksum
 .text.upper_layer_chksum
                0x00000000080010a4       0x3c ./src/uip/uip.o
 .text.uip_tcpchksum
                0x00000000080010e0        0xc ./src/uip/uip.o
                0x00000000080010e0                uip_tcpchksum
 .text.uip_process
                0x00000000080010ec      0xb54 ./src/uip/uip.o
                0x00000000080010ec                uip_process
 .text.uip_send
                0x0000000008001c40       0x28 ./src/uip/uip.o
                0x0000000008001c40                uip_send
 .text.uip_arp_update
                0x0000000008001c68      0x11c ./src/uip/uip_arp.o
 .text.uip_arp_init
                0x0000000008001d84       0x38 ./src/uip/uip_arp.o
                0x0000000008001d84                uip_arp_init
 .text.uip_arp_arpin
                0x0000000008001dbc       0xe8 ./src/uip/uip_arp.o
                0x0000000008001dbc                uip_arp_arpin
 .text.uip_arp_out
                0x0000000008001ea4      0x16c ./src/uip/uip_arp.o
                0x0000000008001ea4                uip_arp_out
 .text.ds18b20_reset
                0x0000000008002010       0x34 ./src/ds18b20/ds18b20.o
                0x0000000008002010                ds18b20_reset
 .text.ds18b20_slavePresent
                0x0000000008002044       0x50 ./src/ds18b20/ds18b20.o
                0x0000000008002044                ds18b20_slavePresent
 .text.ds18b20_write0
                0x0000000008002094       0x34 ./src/ds18b20/ds18b20.o
                0x0000000008002094                ds18b20_write0
 .text.ds18b20_write1
                0x00000000080020c8       0x3c ./src/ds18b20/ds18b20.o
                0x00000000080020c8                ds18b20_write1
 .text.ds18b20_readBit
                0x0000000008002104       0x78 ./src/ds18b20/ds18b20.o
                0x0000000008002104                ds18b20_readBit
 .text.ds18b20_SendCommand
                0x000000000800217c       0x28 ./src/ds18b20/ds18b20.o
                0x000000000800217c                ds18b20_SendCommand
 .text.ds18b20_ReadResponse
                0x00000000080021a4       0x20 ./src/ds18b20/ds18b20.o
                0x00000000080021a4                ds18b20_ReadResponse
 .text.ds18b20_GetTemperature
                0x00000000080021c4       0x6c ./src/ds18b20/ds18b20.o
                0x00000000080021c4                ds18b20_GetTemperature
 .text.ds18b20_GetTempSign
                0x0000000008002230        0x4 ./src/ds18b20/ds18b20.o
                0x0000000008002230                ds18b20_GetTempSign
 .text.ds18b20_GetTempInteger
                0x0000000008002234       0x40 ./src/ds18b20/ds18b20.o
                0x0000000008002234                ds18b20_GetTempInteger
 .text.ds18b20_GetTempFloat
                0x0000000008002274       0x40 ./src/ds18b20/ds18b20.o
                0x0000000008002274                ds18b20_GetTempFloat
 .text.SPI2_Init
                0x00000000080022b4       0xd8 ./src/SPI_driver.o
                0x00000000080022b4                SPI2_Init
 .text.SPI2_Transmit
                0x000000000800238c       0x1c ./src/SPI_driver.o
                0x000000000800238c                SPI2_Transmit
 .text.SPI2_Receive
                0x00000000080023a8       0x18 ./src/SPI_driver.o
                0x00000000080023a8                SPI2_Receive
 .text.enc28j60_rxtx
                0x00000000080023c0       0x18 ./src/enc28j60.o
                0x00000000080023c0                enc28j60_rxtx
 .text.enc28j60_read_op
                0x00000000080023d8       0x4c ./src/enc28j60.o
                0x00000000080023d8                enc28j60_read_op
 .text.enc28j60_write_op
                0x0000000008002424       0x40 ./src/enc28j60.o
                0x0000000008002424                enc28j60_write_op
 .text.enc28j60_soft_reset
                0x0000000008002464       0x68 ./src/enc28j60.o
                0x0000000008002464                enc28j60_soft_reset
 .text.enc28j60_set_bank
                0x00000000080024cc       0x38 ./src/enc28j60.o
                0x00000000080024cc                enc28j60_set_bank
 .text.enc28j60_rcr
                0x0000000008002504       0x14 ./src/enc28j60.o
                0x0000000008002504                enc28j60_rcr
 .text.enc28j60_rcr16
                0x0000000008002518       0x24 ./src/enc28j60.o
                0x0000000008002518                enc28j60_rcr16
 .text.enc28j60_wcr
                0x000000000800253c       0x18 ./src/enc28j60.o
                0x000000000800253c                enc28j60_wcr
 .text.enc28j60_wcr16
                0x0000000008002554       0x24 ./src/enc28j60.o
                0x0000000008002554                enc28j60_wcr16
 .text.enc28j60_bfc
                0x0000000008002578       0x18 ./src/enc28j60.o
                0x0000000008002578                enc28j60_bfc
 .text.enc28j60_bfs
                0x0000000008002590       0x18 ./src/enc28j60.o
                0x0000000008002590                enc28j60_bfs
 .text.enc28j60_read_buffer
                0x00000000080025a8       0x50 ./src/enc28j60.o
                0x00000000080025a8                enc28j60_read_buffer
 .text.enc28j60_write_buffer
                0x00000000080025f8       0x50 ./src/enc28j60.o
                0x00000000080025f8                enc28j60_write_buffer
 .text.enc28j60_write_phy
                0x0000000008002648       0x24 ./src/enc28j60.o
                0x0000000008002648                enc28j60_write_phy
 .text.enc28j60_init
                0x000000000800266c       0xf8 ./src/enc28j60.o
                0x000000000800266c                enc28j60_init
 .text.enc28j60_send_packet
                0x0000000008002764       0x70 ./src/enc28j60.o
                0x0000000008002764                enc28j60_send_packet
 .text.enc28j60_recv_packet
                0x00000000080027d4       0x84 ./src/enc28j60.o
                0x00000000080027d4                enc28j60_recv_packet
 .text.PortC_Init
                0x0000000008002858       0x1c ./src/main.o
                0x0000000008002858                PortC_Init
 .text.PortB_Init
                0x0000000008002874       0x28 ./src/main.o
                0x0000000008002874                PortB_Init
 .text.vTask_uIP_periodic
                0x000000000800289c       0x54 ./src/main.o
                0x000000000800289c                vTask_uIP_periodic
 .text.vTask_uIP
                0x00000000080028f0       0x68 ./src/main.o
                0x00000000080028f0                vTask_uIP
 .text.main     0x0000000008002958       0xa0 ./src/main.o
                0x0000000008002958                main
 .text          0x00000000080029f8        0xc /usr/lib/gcc/arm-none-eabi/5.4.1/../../../arm-none-eabi/lib/armv7-m/libg_nano.a(lib_a-errno.o)
                0x00000000080029f8                __errno
 .text          0x0000000008002a04       0xec /usr/lib/gcc/arm-none-eabi/5.4.1/../../../arm-none-eabi/lib/armv7-m/libg_nano.a(lib_a-memcpy.o)
                0x0000000008002a04                memcpy
 .text          0x0000000008002af0       0x9c /usr/lib/gcc/arm-none-eabi/5.4.1/../../../arm-none-eabi/lib/armv7-m/libg_nano.a(lib_a-memset.o)
                0x0000000008002af0                memset
 .text          0x0000000008002b8c      0x124 /usr/lib/gcc/arm-none-eabi/5.4.1/../../../arm-none-eabi/lib/armv7-m/libg_nano.a(lib_a-snprintf.o)
                0x0000000008002b8c                _sniprintf_r
                0x0000000008002b8c                _snprintf_r
                0x0000000008002c18                snprintf
                0x0000000008002c18                sniprintf
 .text          0x0000000008002cb0       0xd0 /usr/lib/gcc/arm-none-eabi/5.4.1/../../../arm-none-eabi/lib/armv7-m/libg_nano.a(lib_a-strchr.o)
                0x0000000008002cb0                strchr
 .text          0x0000000008002d80       0xbc /usr/lib/gcc/arm-none-eabi/5.4.1/../../../arm-none-eabi/lib/armv7-m/libg_nano.a(lib_a-strcpy.o)
                0x0000000008002d80                strcpy
 .text          0x0000000008002e3c       0x5c /usr/lib/gcc/arm-none-eabi/5.4.1/../../../arm-none-eabi/lib/armv7-m/libg_nano.a(lib_a-strlen-stub.o)
                0x0000000008002e3c                strlen
 .text          0x0000000008002e98       0x9c /usr/lib/gcc/arm-none-eabi/5.4.1/../../../arm-none-eabi/lib/armv7-m/libg_nano.a(lib_a-strncmp.o)
                0x0000000008002e98                strncmp
 .text          0x0000000008002f34       0x68 /usr/lib/gcc/arm-none-eabi/5.4.1/../../../arm-none-eabi/lib/armv7-m/libg_nano.a(lib_a-strncpy.o)
                0x0000000008002f34                strncpy
 .text          0x0000000008002f9c       0x24 /usr/lib/gcc/arm-none-eabi/5.4.1/../../../arm-none-eabi/lib/armv7-m/libg_nano.a(lib_a-strrchr.o)
                0x0000000008002f9c                strrchr
 .text          0x0000000008002fc0       0xbc /usr/lib/gcc/arm-none-eabi/5.4.1/../../../arm-none-eabi/lib/armv7-m/libg_nano.a(lib_a-nano-mallocr.o)
                0x0000000008002fc0                _malloc_r
 .text          0x000000000800307c      0x404 /usr/lib/gcc/arm-none-eabi/5.4.1/../../../arm-none-eabi/lib/armv7-m/libg_nano.a(lib_a-nano-svfprintf.o)
                0x000000000800307c                __ssputs_r
                0x0000000008003144                __ssprint_r
                0x0000000008003244                _svfprintf_r
                0x0000000008003244                _svfiprintf_r
 .text          0x0000000008003480      0x3dc /usr/lib/gcc/arm-none-eabi/5.4.1/../../../arm-none-eabi/lib/armv7-m/libg_nano.a(lib_a-nano-vfprintf_i.o)
                0x0000000008003480                _printf_common
                0x00000000080035b4                _printf_i
 .text          0x000000000800385c       0x24 /usr/lib/gcc/arm-none-eabi/5.4.1/../../../arm-none-eabi/lib/armv7-m/libg_nano.a(lib_a-sbrkr.o)
                0x000000000800385c                _sbrk_r
 .text          0x0000000008003880       0x8c /usr/lib/gcc/arm-none-eabi/5.4.1/../../../arm-none-eabi/lib/armv7-m/libg_nano.a(lib_a-memchr-stub.o)
                0x0000000008003880                memchr
 .text          0x000000000800390c       0xc8 /usr/lib/gcc/arm-none-eabi/5.4.1/../../../arm-none-eabi/lib/armv7-m/libg_nano.a(lib_a-memmove.o)
                0x000000000800390c                memmove
 .text          0x00000000080039d4       0x8c /usr/lib/gcc/arm-none-eabi/5.4.1/../../../arm-none-eabi/lib/armv7-m/libg_nano.a(lib_a-nano-freer.o)
                0x00000000080039d4                _free_r
 .text          0x0000000008003a60       0x48 /usr/lib/gcc/arm-none-eabi/5.4.1/../../../arm-none-eabi/lib/armv7-m/libg_nano.a(lib_a-nano-reallocr.o)
                0x0000000008003a60                _realloc_r
 .text          0x0000000008003aa8       0x14 /usr/lib/gcc/arm-none-eabi/5.4.1/../../../arm-none-eabi/lib/armv7-m/libg_nano.a(lib_a-nano-msizer.o)
                0x0000000008003aa8                _malloc_usable_size_r
 *(.rodata .rodata.* .constdata .constdata.*)
 .rodata.http_content_type_plain
                0x0000000008003abc       0x1d ./src/webserver/http-strings.o
                0x0000000008003abc                http_content_type_plain
 *fill*         0x0000000008003ad9        0x3 
 .rodata.http_referer
                0x0000000008003adc        0x9 ./src/webserver/http-strings.o
                0x0000000008003adc                http_referer
 *fill*         0x0000000008003ae5        0x3 
 .rodata.http_shtml
                0x0000000008003ae8        0x7 ./src/webserver/http-strings.o
                0x0000000008003ae8                http_shtml
 *fill*         0x0000000008003aef        0x1 
 .rodata.http_html
                0x0000000008003af0        0x6 ./src/webserver/http-strings.o
                0x0000000008003af0                http_html
 *fill*         0x0000000008003af6        0x2 
 .rodata.http_png
                0x0000000008003af8        0x5 ./src/webserver/http-strings.o
                0x0000000008003af8                http_png
 *fill*         0x0000000008003afd        0x3 
 .rodata.http_content_type_jpg
                0x0000000008003b00       0x1d ./src/webserver/http-strings.o
                0x0000000008003b00                http_content_type_jpg
 *fill*         0x0000000008003b1d        0x3 
 .rodata.http_content_type_binary
                0x0000000008003b20       0x2b ./src/webserver/http-strings.o
                0x0000000008003b20                http_content_type_binary
 *fill*         0x0000000008003b4b        0x1 
 .rodata.http_gif
                0x0000000008003b4c        0x5 ./src/webserver/http-strings.o
                0x0000000008003b4c                http_gif
 *fill*         0x0000000008003b51        0x3 
 .rodata.http_css
                0x0000000008003b54        0x5 ./src/webserver/http-strings.o
                0x0000000008003b54                http_css
 *fill*         0x0000000008003b59        0x3 
 .rodata.http_404_html
                0x0000000008003b5c        0xa ./src/webserver/http-strings.o
                0x0000000008003b5c                http_404_html
 *fill*         0x0000000008003b66        0x2 
 .rodata.http_content_type_html
                0x0000000008003b68       0x1c ./src/webserver/http-strings.o
                0x0000000008003b68                http_content_type_html
 .rodata.http_content_type_png
                0x0000000008003b84       0x1c ./src/webserver/http-strings.o
                0x0000000008003b84                http_content_type_png
 .rodata.http_content_type_css
                0x0000000008003ba0       0x1b ./src/webserver/http-strings.o
                0x0000000008003ba0                http_content_type_css
 *fill*         0x0000000008003bbb        0x1 
 .rodata.http_content_type_gif
                0x0000000008003bbc       0x1c ./src/webserver/http-strings.o
                0x0000000008003bbc                http_content_type_gif
 .rodata.http_header_404
                0x0000000008003bd8       0x5b ./src/webserver/http-strings.o
                0x0000000008003bd8                http_header_404
 *fill*         0x0000000008003c33        0x1 
 .rodata.http_header_200
                0x0000000008003c34       0x54 ./src/webserver/http-strings.o
                0x0000000008003c34                http_header_200
 .rodata.http_jpg
                0x0000000008003c88        0x5 ./src/webserver/http-strings.o
                0x0000000008003c88                http_jpg
 *fill*         0x0000000008003c8d        0x3 
 .rodata.http_get
                0x0000000008003c90        0x5 ./src/webserver/http-strings.o
                0x0000000008003c90                http_get
 *fill*         0x0000000008003c95        0x3 
 .rodata.http_index_html
                0x0000000008003c98        0xc ./src/webserver/http-strings.o
                0x0000000008003c98                http_index_html
 .rodata.str1.4
                0x0000000008003ca4       0x1c ./src/webserver/httpd-cgi.o
 .rodata.temperature
                0x0000000008003cc0        0x8 ./src/webserver/httpd-cgi.o
 .rodata.file_index_html
                0x0000000008003cc8       0x14 ./src/webserver/httpd-fs.o
                0x0000000008003cc8                file_index_html
 .rodata.data_style_css
                0x0000000008003cdc      0x402 ./src/webserver/httpd-fs.o
 *fill*         0x00000000080040de        0x2 
 .rodata.data_test_function_shtml
                0x00000000080040e0       0xbb ./src/webserver/httpd-fs.o
 *fill*         0x000000000800419b        0x1 
 .rodata.file_style_css
                0x000000000800419c       0x14 ./src/webserver/httpd-fs.o
                0x000000000800419c                file_style_css
 .rodata.file_test_function_shtml
                0x00000000080041b0       0x14 ./src/webserver/httpd-fs.o
                0x00000000080041b0                file_test_function_shtml
 .rodata.data_index_html
                0x00000000080041c4      0x2ea ./src/webserver/httpd-fs.o
 *fill*         0x00000000080044ae        0x2 
 .rodata.broadcast_ethaddr
                0x00000000080044b0        0x6 ./src/uip/uip_arp.o
 *fill*         0x00000000080044b6        0x2 
 .rodata        0x00000000080044b8        0x2 ./src/enc28j60.o
 *fill*         0x00000000080044ba        0x2 
 .rodata        0x00000000080044bc        0x6 ./src/main.o
 *fill*         0x00000000080044c2        0x2 
 .rodata.str1.4
                0x00000000080044c4        0x2 /usr/lib/gcc/arm-none-eabi/5.4.1/../../../arm-none-eabi/lib/armv7-m/libg_nano.a(lib_a-impure.o)
 *fill*         0x00000000080044c6        0x2 
 .rodata        0x00000000080044c8       0x60 /usr/lib/gcc/arm-none-eabi/5.4.1/../../../arm-none-eabi/lib/armv7-m/libg_nano.a(lib_a-findfp.o)
                0x00000000080044c8                __sf_fake_stderr
                0x00000000080044e8                __sf_fake_stdout
                0x0000000008004508                __sf_fake_stdin
 .rodata.str1.4
                0x0000000008004528       0x13 /usr/lib/gcc/arm-none-eabi/5.4.1/../../../arm-none-eabi/lib/armv7-m/libg_nano.a(lib_a-nano-svfprintf.o)
 *fill*         0x000000000800453b        0x1 
 .rodata.str1.4
                0x000000000800453c       0x28 /usr/lib/gcc/arm-none-eabi/5.4.1/../../../arm-none-eabi/lib/armv7-m/libg_nano.a(lib_a-nano-vfprintf_i.o)
                                         0x25 (size before relaxing)
 *(vtable)
 *(.eh_frame*)
 *(.glue_7)
 .glue_7        0x0000000008004564        0x0 linker stubs
 *(.glue_7t)
 .glue_7t       0x0000000008004564        0x0 linker stubs

.vfp11_veneer   0x0000000008004564        0x0
 .vfp11_veneer  0x0000000008004564        0x0 linker stubs

.v4_bx          0x0000000008004564        0x0
 .v4_bx         0x0000000008004564        0x0 linker stubs

.iplt           0x0000000008004564        0x0
 .iplt          0x0000000008004564        0x0 ./system/src/stm32f1-stdperiph/misc.o

.rel.dyn        0x0000000008004564        0x0
 .rel.iplt      0x0000000008004564        0x0 ./system/src/stm32f1-stdperiph/misc.o

.ARM.extab
 *(.ARM.extab* .gnu.linkonce.armextab.*)
                0x0000000008004564                . = ALIGN (0x4)
                0x0000000008004564                __exidx_start = .

.ARM.exidx
 *(.ARM.exidx* .gnu.linkonce.armexidx.*)
                0x0000000008004564                __exidx_end = .
                0x0000000008004564                . = ALIGN (0x4)
                0x0000000008004564                _etext = .
                0x0000000008004564                __etext = .

.data_CCMRAM    0x0000000000000000        0x0 load address 0x0000000008004564
 FILL mask 0xff
 *(.data.CCMRAM .data.CCMRAM.*)
                0x0000000000000000                . = ALIGN (0x4)
                0x0000000008004564                _sidata = LOADADDR (.data)

.data           0x0000000020000000       0x90 load address 0x0000000008004564
 FILL mask 0xff
                0x0000000020000000                _sdata = .
                0x0000000020000000                __data_start__ = .
 *(.data_begin .data_begin.*)
 .data_begin    0x0000000020000000        0x4 ./system/src/newlib/_startup.o
 *(.data .data.*)
 .data.argv.4282
                0x0000000020000004        0x8 ./system/src/newlib/_syscalls.o
 .data.AHBPrescTable
                0x000000002000000c       0x10 ./system/src/cmsis/system_stm32f10x.o
                0x000000002000000c                AHBPrescTable
 .data.SystemCoreClock
                0x000000002000001c        0x4 ./system/src/cmsis/system_stm32f10x.o
                0x000000002000001c                SystemCoreClock
 .data.calls    0x0000000020000020        0x8 ./src/webserver/httpd-cgi.o
 .data          0x0000000020000028       0x64 /usr/lib/gcc/arm-none-eabi/5.4.1/../../../arm-none-eabi/lib/armv7-m/libg_nano.a(lib_a-impure.o)
                0x0000000020000028                _impure_ptr
 *(.data_end .data_end.*)
 .data_end      0x000000002000008c        0x4 ./system/src/newlib/_startup.o
                0x0000000020000090                . = ALIGN (0x4)
                0x0000000020000090                _edata = .
                0x0000000020000090                __data_end__ = .

.igot.plt       0x0000000020000090        0x0 load address 0x00000000080045f4
 .igot.plt      0x0000000020000090        0x0 ./system/src/stm32f1-stdperiph/misc.o

.bss_CCMRAM     0x0000000000000000        0x0
 *(.bss.CCMRAM .bss.CCMRAM.*)

.bss            0x0000000020000090     0x22cc
                0x0000000020000090                __bss_start__ = .
                0x0000000020000090                _sbss = .
 *(.bss_begin .bss_begin.*)
 .bss_begin     0x0000000020000090        0x4 ./system/src/newlib/_startup.o
 *(.bss .bss.*)
 .bss.current_heap_end.3973
                0x0000000020000094        0x4 ./system/src/newlib/_sbrk.o
 .bss.name.4281
                0x0000000020000098        0x1 ./system/src/newlib/_syscalls.o
 *fill*         0x0000000020000099        0x3 
 .bss.count     0x000000002000009c        0x6 ./src/webserver/httpd-fs.o
 .bss.tmp16     0x00000000200000a2        0x2 ./src/uip/uip.o
 .bss.ipid      0x00000000200000a4        0x2 ./src/uip/uip.o
 *fill*         0x00000000200000a6        0x2 
 .bss.iss       0x00000000200000a8        0x4 ./src/uip/uip.o
 .bss.lastport  0x00000000200000ac        0x2 ./src/uip/uip.o
 .bss.c         0x00000000200000ae        0x1 ./src/uip/uip.o
 *fill*         0x00000000200000af        0x1 
 .bss.uip_ethaddr
                0x00000000200000b0        0x6 ./src/uip/uip.o
                0x00000000200000b0                uip_ethaddr
 .bss.i         0x00000000200000b6        0x1 ./src/uip/uip_arp.o
 .bss.tmpage    0x00000000200000b7        0x1 ./src/uip/uip_arp.o
 .bss.arp_table
                0x00000000200000b8       0x60 ./src/uip/uip_arp.o
 .bss.c         0x0000000020000118        0x1 ./src/uip/uip_arp.o
 .bss.arptime   0x0000000020000119        0x1 ./src/uip/uip_arp.o
 *fill*         0x000000002000011a        0x2 
 .bss.ipaddr    0x000000002000011c        0x4 ./src/uip/uip_arp.o
 .bss.enc28j60_current_bank
                0x0000000020000120        0x1 ./src/enc28j60.o
                0x0000000020000120                enc28j60_current_bank
 *fill*         0x0000000020000121        0x1 
 .bss.enc28j60_rxrdpt
                0x0000000020000122        0x2 ./src/enc28j60.o
                0x0000000020000122                enc28j60_rxrdpt
 .bss           0x0000000020000124        0x8 /usr/lib/gcc/arm-none-eabi/5.4.1/../../../arm-none-eabi/lib/armv7-m/libg_nano.a(lib_a-nano-mallocr.o)
                0x0000000020000124                __malloc_free_list
                0x0000000020000128                __malloc_sbrk_start
 *(COMMON)
 COMMON         0x000000002000012c        0x4 ./system/src/newlib/_syscalls.o
                0x000000002000012c                errno
 COMMON         0x0000000020000130     0x2228 ./src/uip/uip.o
                0x0000000020000130                uip_len
                0x0000000020000134                uip_sappdata
                0x0000000020000138                uip_acc32
                0x000000002000013c                uip_flags
                0x0000000020000140                uip_appdata
                0x0000000020000144                uip_conn
                0x0000000020000148                uip_conns
                0x0000000020002128                uip_listenports
                0x0000000020002178                uip_draddr
                0x000000002000217c                uip_stat
                0x00000000200021a8                uip_netmask
                0x00000000200021ac                uip_hostaddr
                0x00000000200021b0                uip_buf
                0x0000000020002356                uip_slen
 *(.bss_end .bss_end.*)
 .bss_end       0x0000000020002358        0x4 ./system/src/newlib/_startup.o
                0x000000002000235c                . = ALIGN (0x4)
                0x000000002000235c                __bss_end__ = .
                0x000000002000235c                _ebss = .

.noinit_CCMRAM
 *(.noinit.CCMRAM .noinit.CCMRAM.*)

.noinit         0x000000002000235c        0x0
                0x000000002000235c                _noinit = .
 *(.noinit .noinit.*)
                0x000000002000235c                . = ALIGN (0x4)
                0x000000002000235c                _end_noinit = .
                [!provide]                        PROVIDE (end, _end_noinit)
                [!provide]                        PROVIDE (_end, _end_noinit)
                [!provide]                        PROVIDE (__end, _end_noinit)
                [!provide]                        PROVIDE (__end__, _end_noinit)

._check_stack   0x000000002000235c      0x100
                0x000000002000245c                . = (. + _Minimum_Stack_Size)
 *fill*         0x000000002000235c      0x100 

.b1text
 *(.b1text)
 *(.b1rodata)
 *(.b1rodata.*)

.eb0text
 *(.eb0text)
 *(.eb0rodata)
 *(.eb0rodata.*)

.eb1text
 *(.eb1text)
 *(.eb1rodata)
 *(.eb1rodata.*)

.eb2text
 *(.eb2text)
 *(.eb2rodata)
 *(.eb2rodata.*)

.eb3text
 *(.eb3text)
 *(.eb3rodata)
 *(.eb3rodata.*)

.stab
 *(.stab)

.stabstr
 *(.stabstr)

.stab.excl
 *(.stab.excl)

.stab.exclstr
 *(.stab.exclstr)

.stab.index
 *(.stab.index)

.stab.indexstr
 *(.stab.indexstr)

.comment        0x0000000000000000       0x2b
 *(.comment)
 .comment       0x0000000000000000       0x2b ./system/src/newlib/_exit.o
                                         0x2c (size before relaxing)
 .comment       0x000000000000002b       0x2c ./system/src/newlib/_sbrk.o
 .comment       0x000000000000002b       0x2c ./system/src/newlib/_startup.o
 .comment       0x000000000000002b       0x2c ./system/src/newlib/_syscalls.o
 .comment       0x000000000000002b       0x2c ./system/src/cortexm/_initialize_hardware.o
 .comment       0x000000000000002b       0x2c ./system/src/cortexm/exception_handlers.o
 .comment       0x000000000000002b       0x2c ./system/src/cmsis/system_stm32f10x.o
 .comment       0x000000000000002b       0x2c ./system/src/cmsis/vectors_stm32f10x.o
 .comment       0x000000000000002b       0x2c ./src/webserver/http-strings.o
 .comment       0x000000000000002b       0x2c ./src/webserver/httpd-cgi.o
 .comment       0x000000000000002b       0x2c ./src/webserver/httpd-fs.o
 .comment       0x000000000000002b       0x2c ./src/webserver/httpd.o
 .comment       0x000000000000002b       0x2c ./src/uip/psock.o
 .comment       0x000000000000002b       0x2c ./src/uip/uip.o
 .comment       0x000000000000002b       0x2c ./src/uip/uip_arp.o
 .comment       0x000000000000002b       0x2c ./src/ds18b20/ds18b20.o
 .comment       0x000000000000002b       0x2c ./src/SPI_driver.o
 .comment       0x000000000000002b       0x2c ./src/enc28j60.o
 .comment       0x000000000000002b       0x2c ./src/main.o
 .comment       0x000000000000002b       0x2c /usr/lib/gcc/arm-none-eabi/5.4.1/../../../arm-none-eabi/lib/armv7-m/libg_nano.a(lib_a-errno.o)
 .comment       0x000000000000002b       0x2c /usr/lib/gcc/arm-none-eabi/5.4.1/../../../arm-none-eabi/lib/armv7-m/libg_nano.a(lib_a-impure.o)
 .comment       0x000000000000002b       0x2c /usr/lib/gcc/arm-none-eabi/5.4.1/../../../arm-none-eabi/lib/armv7-m/libg_nano.a(lib_a-memset.o)
 .comment       0x000000000000002b       0x2c /usr/lib/gcc/arm-none-eabi/5.4.1/../../../arm-none-eabi/lib/armv7-m/libg_nano.a(lib_a-snprintf.o)
 .comment       0x000000000000002b       0x2c /usr/lib/gcc/arm-none-eabi/5.4.1/../../../arm-none-eabi/lib/armv7-m/libg_nano.a(lib_a-strchr.o)
 .comment       0x000000000000002b       0x2c /usr/lib/gcc/arm-none-eabi/5.4.1/../../../arm-none-eabi/lib/armv7-m/libg_nano.a(lib_a-strcpy.o)
 .comment       0x000000000000002b       0x2c /usr/lib/gcc/arm-none-eabi/5.4.1/../../../arm-none-eabi/lib/armv7-m/libg_nano.a(lib_a-strlen-stub.o)
 .comment       0x000000000000002b       0x2c /usr/lib/gcc/arm-none-eabi/5.4.1/../../../arm-none-eabi/lib/armv7-m/libg_nano.a(lib_a-strncmp.o)
 .comment       0x000000000000002b       0x2c /usr/lib/gcc/arm-none-eabi/5.4.1/../../../arm-none-eabi/lib/armv7-m/libg_nano.a(lib_a-strncpy.o)
 .comment       0x000000000000002b       0x2c /usr/lib/gcc/arm-none-eabi/5.4.1/../../../arm-none-eabi/lib/armv7-m/libg_nano.a(lib_a-strrchr.o)
 .comment       0x000000000000002b       0x2c /usr/lib/gcc/arm-none-eabi/5.4.1/../../../arm-none-eabi/lib/armv7-m/libg_nano.a(lib_a-findfp.o)
 .comment       0x000000000000002b       0x2c /usr/lib/gcc/arm-none-eabi/5.4.1/../../../arm-none-eabi/lib/armv7-m/libg_nano.a(lib_a-nano-mallocr.o)
 .comment       0x000000000000002b       0x2c /usr/lib/gcc/arm-none-eabi/5.4.1/../../../arm-none-eabi/lib/armv7-m/libg_nano.a(lib_a-nano-svfprintf.o)
 .comment       0x000000000000002b       0x2c /usr/lib/gcc/arm-none-eabi/5.4.1/../../../arm-none-eabi/lib/armv7-m/libg_nano.a(lib_a-nano-vfprintf_i.o)
 .comment       0x000000000000002b       0x2c /usr/lib/gcc/arm-none-eabi/5.4.1/../../../arm-none-eabi/lib/armv7-m/libg_nano.a(lib_a-sbrkr.o)
 .comment       0x000000000000002b       0x2c /usr/lib/gcc/arm-none-eabi/5.4.1/../../../arm-none-eabi/lib/armv7-m/libg_nano.a(lib_a-memchr-stub.o)
 .comment       0x000000000000002b       0x2c /usr/lib/gcc/arm-none-eabi/5.4.1/../../../arm-none-eabi/lib/armv7-m/libg_nano.a(lib_a-memmove.o)
 .comment       0x000000000000002b       0x2c /usr/lib/gcc/arm-none-eabi/5.4.1/../../../arm-none-eabi/lib/armv7-m/libg_nano.a(lib_a-nano-freer.o)
 .comment       0x000000000000002b       0x2c /usr/lib/gcc/arm-none-eabi/5.4.1/../../../arm-none-eabi/lib/armv7-m/libg_nano.a(lib_a-nano-reallocr.o)
 .comment       0x000000000000002b       0x2c /usr/lib/gcc/arm-none-eabi/5.4.1/../../../arm-none-eabi/lib/armv7-m/libg_nano.a(lib_a-nano-msizer.o)

.ARM.attributes
                0x0000000000000000       0x31
 .ARM.attributes
                0x0000000000000000       0x33 ./system/src/newlib/_exit.o
 .ARM.attributes
                0x0000000000000033       0x33 ./system/src/newlib/_sbrk.o
 .ARM.attributes
                0x0000000000000066       0x33 ./system/src/newlib/_startup.o
 .ARM.attributes
                0x0000000000000099       0x33 ./system/src/newlib/_syscalls.o
 .ARM.attributes
                0x00000000000000cc       0x33 ./system/src/cortexm/_initialize_hardware.o
 .ARM.attributes
                0x00000000000000ff       0x33 ./system/src/cortexm/exception_handlers.o
 .ARM.attributes
                0x0000000000000132       0x33 ./system/src/cmsis/system_stm32f10x.o
 .ARM.attributes
                0x0000000000000165       0x33 ./system/src/cmsis/vectors_stm32f10x.o
 .ARM.attributes
                0x0000000000000198       0x33 ./src/webserver/http-strings.o
 .ARM.attributes
                0x00000000000001cb       0x33 ./src/webserver/httpd-cgi.o
 .ARM.attributes
                0x00000000000001fe       0x33 ./src/webserver/httpd-fs.o
 .ARM.attributes
                0x0000000000000231       0x33 ./src/webserver/httpd.o
 .ARM.attributes
                0x0000000000000264       0x33 ./src/uip/psock.o
 .ARM.attributes
                0x0000000000000297       0x33 ./src/uip/uip.o
 .ARM.attributes
                0x00000000000002ca       0x33 ./src/uip/uip_arp.o
 .ARM.attributes
                0x00000000000002fd       0x33 ./src/ds18b20/ds18b20.o
 .ARM.attributes
                0x0000000000000330       0x33 ./src/SPI_driver.o
 .ARM.attributes
                0x0000000000000363       0x33 ./src/enc28j60.o
 .ARM.attributes
                0x0000000000000396       0x33 ./src/main.o
 .ARM.attributes
                0x00000000000003c9       0x2d /usr/lib/gcc/arm-none-eabi/5.4.1/../../../arm-none-eabi/lib/armv7-m/libg_nano.a(lib_a-errno.o)
 .ARM.attributes
                0x00000000000003f6       0x2d /usr/lib/gcc/arm-none-eabi/5.4.1/../../../arm-none-eabi/lib/armv7-m/libg_nano.a(lib_a-impure.o)
 .ARM.attributes
                0x0000000000000423       0x1b /usr/lib/gcc/arm-none-eabi/5.4.1/../../../arm-none-eabi/lib/armv7-m/libg_nano.a(lib_a-memcpy.o)
 .ARM.attributes
                0x000000000000043e       0x2d /usr/lib/gcc/arm-none-eabi/5.4.1/../../../arm-none-eabi/lib/armv7-m/libg_nano.a(lib_a-memset.o)
 .ARM.attributes
                0x000000000000046b       0x2d /usr/lib/gcc/arm-none-eabi/5.4.1/../../../arm-none-eabi/lib/armv7-m/libg_nano.a(lib_a-snprintf.o)
 .ARM.attributes
                0x0000000000000498       0x2d /usr/lib/gcc/arm-none-eabi/5.4.1/../../../arm-none-eabi/lib/armv7-m/libg_nano.a(lib_a-strchr.o)
 .ARM.attributes
                0x00000000000004c5       0x2d /usr/lib/gcc/arm-none-eabi/5.4.1/../../../arm-none-eabi/lib/armv7-m/libg_nano.a(lib_a-strcpy.o)
 .ARM.attributes
                0x00000000000004f2       0x2d /usr/lib/gcc/arm-none-eabi/5.4.1/../../../arm-none-eabi/lib/armv7-m/libg_nano.a(lib_a-strlen-stub.o)
 .ARM.attributes
                0x000000000000051f       0x2d /usr/lib/gcc/arm-none-eabi/5.4.1/../../../arm-none-eabi/lib/armv7-m/libg_nano.a(lib_a-strncmp.o)
 .ARM.attributes
                0x000000000000054c       0x2d /usr/lib/gcc/arm-none-eabi/5.4.1/../../../arm-none-eabi/lib/armv7-m/libg_nano.a(lib_a-strncpy.o)
 .ARM.attributes
                0x0000000000000579       0x2d /usr/lib/gcc/arm-none-eabi/5.4.1/../../../arm-none-eabi/lib/armv7-m/libg_nano.a(lib_a-strrchr.o)
 .ARM.attributes
                0x00000000000005a6       0x2d /usr/lib/gcc/arm-none-eabi/5.4.1/../../../arm-none-eabi/lib/armv7-m/libg_nano.a(lib_a-findfp.o)
 .ARM.attributes
                0x00000000000005d3       0x2d /usr/lib/gcc/arm-none-eabi/5.4.1/../../../arm-none-eabi/lib/armv7-m/libg_nano.a(lib_a-nano-mallocr.o)
 .ARM.attributes
                0x0000000000000600       0x2d /usr/lib/gcc/arm-none-eabi/5.4.1/../../../arm-none-eabi/lib/armv7-m/libg_nano.a(lib_a-nano-svfprintf.o)
 .ARM.attributes
                0x000000000000062d       0x2d /usr/lib/gcc/arm-none-eabi/5.4.1/../../../arm-none-eabi/lib/armv7-m/libg_nano.a(lib_a-nano-vfprintf_i.o)
 .ARM.attributes
                0x000000000000065a       0x2d /usr/lib/gcc/arm-none-eabi/5.4.1/../../../arm-none-eabi/lib/armv7-m/libg_nano.a(lib_a-sbrkr.o)
 .ARM.attributes
                0x0000000000000687       0x2d /usr/lib/gcc/arm-none-eabi/5.4.1/../../../arm-none-eabi/lib/armv7-m/libg_nano.a(lib_a-memchr-stub.o)
 .ARM.attributes
                0x00000000000006b4       0x2d /usr/lib/gcc/arm-none-eabi/5.4.1/../../../arm-none-eabi/lib/armv7-m/libg_nano.a(lib_a-memmove.o)
 .ARM.attributes
                0x00000000000006e1       0x2d /usr/lib/gcc/arm-none-eabi/5.4.1/../../../arm-none-eabi/lib/armv7-m/libg_nano.a(lib_a-nano-freer.o)
 .ARM.attributes
                0x000000000000070e       0x2d /usr/lib/gcc/arm-none-eabi/5.4.1/../../../arm-none-eabi/lib/armv7-m/libg_nano.a(lib_a-nano-reallocr.o)
 .ARM.attributes
                0x000000000000073b       0x2d /usr/lib/gcc/arm-none-eabi/5.4.1/../../../arm-none-eabi/lib/armv7-m/libg_nano.a(lib_a-nano-msizer.o)

.debug
 *(.debug)

.line
 *(.line)

.debug_srcinfo
 *(.debug_srcinfo)

.debug_sfnames
 *(.debug_sfnames)

.debug_aranges  0x0000000000000000      0x828
 *(.debug_aranges)
 .debug_aranges
                0x0000000000000000       0x28 ./system/src/newlib/_exit.o
 .debug_aranges
                0x0000000000000028       0x20 ./system/src/newlib/_sbrk.o
 .debug_aranges
                0x0000000000000048       0x40 ./system/src/newlib/_startup.o
 .debug_aranges
                0x0000000000000088       0x30 ./system/src/newlib/_syscalls.o
 .debug_aranges
                0x00000000000000b8       0x28 ./system/src/cortexm/_initialize_hardware.o
 .debug_aranges
                0x00000000000000e0       0x80 ./system/src/cortexm/exception_handlers.o
 .debug_aranges
                0x0000000000000160       0x38 ./system/src/cmsis/system_stm32f10x.o
 .debug_aranges
                0x0000000000000198       0x20 ./system/src/cmsis/vectors_stm32f10x.o
 .debug_aranges
                0x00000000000001b8       0x18 ./src/webserver/http-strings.o
 .debug_aranges
                0x00000000000001d0       0x38 ./src/webserver/httpd-cgi.o
 .debug_aranges
                0x0000000000000208       0x38 ./src/webserver/httpd-fs.o
 .debug_aranges
                0x0000000000000240       0x70 ./src/webserver/httpd.o
 .debug_aranges
                0x00000000000002b0       0x78 ./src/uip/psock.o
 .debug_aranges
                0x0000000000000328       0xa0 ./src/uip/uip.o
 .debug_aranges
                0x00000000000003c8       0x40 ./src/uip/uip_arp.o
 .debug_aranges
                0x0000000000000408       0x70 ./src/ds18b20/ds18b20.o
 .debug_aranges
                0x0000000000000478       0x30 ./src/SPI_driver.o
 .debug_aranges
                0x00000000000004a8       0xa8 ./src/enc28j60.o
 .debug_aranges
                0x0000000000000550       0x40 ./src/main.o
 .debug_aranges
                0x0000000000000590       0x20 /usr/lib/gcc/arm-none-eabi/5.4.1/../../../arm-none-eabi/lib/armv7-m/libg_nano.a(lib_a-errno.o)
 .debug_aranges
                0x00000000000005b0       0x18 /usr/lib/gcc/arm-none-eabi/5.4.1/../../../arm-none-eabi/lib/armv7-m/libg_nano.a(lib_a-impure.o)
 .debug_aranges
                0x00000000000005c8       0x20 /usr/lib/gcc/arm-none-eabi/5.4.1/../../../arm-none-eabi/lib/armv7-m/libg_nano.a(lib_a-memcpy.o)
 .debug_aranges
                0x00000000000005e8       0x20 /usr/lib/gcc/arm-none-eabi/5.4.1/../../../arm-none-eabi/lib/armv7-m/libg_nano.a(lib_a-memset.o)
 .debug_aranges
                0x0000000000000608       0x20 /usr/lib/gcc/arm-none-eabi/5.4.1/../../../arm-none-eabi/lib/armv7-m/libg_nano.a(lib_a-snprintf.o)
 .debug_aranges
                0x0000000000000628       0x20 /usr/lib/gcc/arm-none-eabi/5.4.1/../../../arm-none-eabi/lib/armv7-m/libg_nano.a(lib_a-strchr.o)
 .debug_aranges
                0x0000000000000648       0x20 /usr/lib/gcc/arm-none-eabi/5.4.1/../../../arm-none-eabi/lib/armv7-m/libg_nano.a(lib_a-strcpy.o)
 .debug_aranges
                0x0000000000000668       0x20 /usr/lib/gcc/arm-none-eabi/5.4.1/../../../arm-none-eabi/lib/armv7-m/libg_nano.a(lib_a-strlen-stub.o)
 .debug_aranges
                0x0000000000000688       0x20 /usr/lib/gcc/arm-none-eabi/5.4.1/../../../arm-none-eabi/lib/armv7-m/libg_nano.a(lib_a-strncmp.o)
 .debug_aranges
                0x00000000000006a8       0x20 /usr/lib/gcc/arm-none-eabi/5.4.1/../../../arm-none-eabi/lib/armv7-m/libg_nano.a(lib_a-strncpy.o)
 .debug_aranges
                0x00000000000006c8       0x20 /usr/lib/gcc/arm-none-eabi/5.4.1/../../../arm-none-eabi/lib/armv7-m/libg_nano.a(lib_a-strrchr.o)
 .debug_aranges
                0x00000000000006e8       0x20 /usr/lib/gcc/arm-none-eabi/5.4.1/../../../arm-none-eabi/lib/armv7-m/libg_nano.a(lib_a-findfp.o)
 .debug_aranges
                0x0000000000000708       0x20 /usr/lib/gcc/arm-none-eabi/5.4.1/../../../arm-none-eabi/lib/armv7-m/libg_nano.a(lib_a-nano-mallocr.o)
 .debug_aranges
                0x0000000000000728       0x20 /usr/lib/gcc/arm-none-eabi/5.4.1/../../../arm-none-eabi/lib/armv7-m/libg_nano.a(lib_a-nano-svfprintf.o)
 .debug_aranges
                0x0000000000000748       0x20 /usr/lib/gcc/arm-none-eabi/5.4.1/../../../arm-none-eabi/lib/armv7-m/libg_nano.a(lib_a-nano-vfprintf_i.o)
 .debug_aranges
                0x0000000000000768       0x20 /usr/lib/gcc/arm-none-eabi/5.4.1/../../../arm-none-eabi/lib/armv7-m/libg_nano.a(lib_a-sbrkr.o)
 .debug_aranges
                0x0000000000000788       0x20 /usr/lib/gcc/arm-none-eabi/5.4.1/../../../arm-none-eabi/lib/armv7-m/libg_nano.a(lib_a-memchr-stub.o)
 .debug_aranges
                0x00000000000007a8       0x20 /usr/lib/gcc/arm-none-eabi/5.4.1/../../../arm-none-eabi/lib/armv7-m/libg_nano.a(lib_a-memmove.o)
 .debug_aranges
                0x00000000000007c8       0x20 /usr/lib/gcc/arm-none-eabi/5.4.1/../../../arm-none-eabi/lib/armv7-m/libg_nano.a(lib_a-nano-freer.o)
 .debug_aranges
                0x00000000000007e8       0x20 /usr/lib/gcc/arm-none-eabi/5.4.1/../../../arm-none-eabi/lib/armv7-m/libg_nano.a(lib_a-nano-reallocr.o)
 .debug_aranges
                0x0000000000000808       0x20 /usr/lib/gcc/arm-none-eabi/5.4.1/../../../arm-none-eabi/lib/armv7-m/libg_nano.a(lib_a-nano-msizer.o)

.debug_pubnames
 *(.debug_pubnames)

.debug_info     0x0000000000000000     0xdcfa
 *(.debug_info .gnu.linkonce.wi.*)
 .debug_info    0x0000000000000000       0xee ./system/src/newlib/_exit.o
 .debug_info    0x00000000000000ee      0x11f ./system/src/newlib/_sbrk.o
 .debug_info    0x000000000000020d      0x455 ./system/src/newlib/_startup.o
 .debug_info    0x0000000000000662      0x1c7 ./system/src/newlib/_syscalls.o
 .debug_info    0x0000000000000829      0x2b1 ./system/src/cortexm/_initialize_hardware.o
 .debug_info    0x0000000000000ada      0x281 ./system/src/cortexm/exception_handlers.o
 .debug_info    0x0000000000000d5b      0x497 ./system/src/cmsis/system_stm32f10x.o
 .debug_info    0x00000000000011f2       0xd1 ./system/src/cmsis/vectors_stm32f10x.o
 .debug_info    0x00000000000012c3      0x421 ./src/webserver/http-strings.o
 .debug_info    0x00000000000016e4      0x6c4 ./src/webserver/httpd-cgi.o
 .debug_info    0x0000000000001da8      0x3a6 ./src/webserver/httpd-fs.o
 .debug_info    0x000000000000214e      0xe2e ./src/webserver/httpd.o
 .debug_info    0x0000000000002f7c      0x8e2 ./src/uip/psock.o
 .debug_info    0x000000000000385e      0xf54 ./src/uip/uip.o
 .debug_info    0x00000000000047b2      0x670 ./src/uip/uip_arp.o
 .debug_info    0x0000000000004e22      0x5ee ./src/ds18b20/ds18b20.o
 .debug_info    0x0000000000005410      0x30e ./src/SPI_driver.o
 .debug_info    0x000000000000571e      0xd0b ./src/enc28j60.o
 .debug_info    0x0000000000006429      0x7af ./src/main.o
 .debug_info    0x0000000000006bd8      0x73c /usr/lib/gcc/arm-none-eabi/5.4.1/../../../arm-none-eabi/lib/armv7-m/libg_nano.a(lib_a-errno.o)
 .debug_info    0x0000000000007314      0x7da /usr/lib/gcc/arm-none-eabi/5.4.1/../../../arm-none-eabi/lib/armv7-m/libg_nano.a(lib_a-impure.o)
 .debug_info    0x0000000000007aee       0xc7 /usr/lib/gcc/arm-none-eabi/5.4.1/../../../arm-none-eabi/lib/armv7-m/libg_nano.a(lib_a-memcpy.o)
 .debug_info    0x0000000000007bb5      0x11e /usr/lib/gcc/arm-none-eabi/5.4.1/../../../arm-none-eabi/lib/armv7-m/libg_nano.a(lib_a-memset.o)
 .debug_info    0x0000000000007cd3      0x90c /usr/lib/gcc/arm-none-eabi/5.4.1/../../../arm-none-eabi/lib/armv7-m/libg_nano.a(lib_a-snprintf.o)
 .debug_info    0x00000000000085df      0x11d /usr/lib/gcc/arm-none-eabi/5.4.1/../../../arm-none-eabi/lib/armv7-m/libg_nano.a(lib_a-strchr.o)
 .debug_info    0x00000000000086fc       0xc4 /usr/lib/gcc/arm-none-eabi/5.4.1/../../../arm-none-eabi/lib/armv7-m/libg_nano.a(lib_a-strcpy.o)
 .debug_info    0x00000000000087c0       0xbc /usr/lib/gcc/arm-none-eabi/5.4.1/../../../arm-none-eabi/lib/armv7-m/libg_nano.a(lib_a-strlen-stub.o)
 .debug_info    0x000000000000887c       0xfc /usr/lib/gcc/arm-none-eabi/5.4.1/../../../arm-none-eabi/lib/armv7-m/libg_nano.a(lib_a-strncmp.o)
 .debug_info    0x0000000000008978      0x139 /usr/lib/gcc/arm-none-eabi/5.4.1/../../../arm-none-eabi/lib/armv7-m/libg_nano.a(lib_a-strncpy.o)
 .debug_info    0x0000000000008ab1       0xfd /usr/lib/gcc/arm-none-eabi/5.4.1/../../../arm-none-eabi/lib/armv7-m/libg_nano.a(lib_a-strrchr.o)
 .debug_info    0x0000000000008bae      0xd7c /usr/lib/gcc/arm-none-eabi/5.4.1/../../../arm-none-eabi/lib/armv7-m/libg_nano.a(lib_a-findfp.o)
 .debug_info    0x000000000000992a      0x8ec /usr/lib/gcc/arm-none-eabi/5.4.1/../../../arm-none-eabi/lib/armv7-m/libg_nano.a(lib_a-nano-mallocr.o)
 .debug_info    0x000000000000a216      0xd37 /usr/lib/gcc/arm-none-eabi/5.4.1/../../../arm-none-eabi/lib/armv7-m/libg_nano.a(lib_a-nano-svfprintf.o)
 .debug_info    0x000000000000af4d      0xb3b /usr/lib/gcc/arm-none-eabi/5.4.1/../../../arm-none-eabi/lib/armv7-m/libg_nano.a(lib_a-nano-vfprintf_i.o)
 .debug_info    0x000000000000ba88      0x7a1 /usr/lib/gcc/arm-none-eabi/5.4.1/../../../arm-none-eabi/lib/armv7-m/libg_nano.a(lib_a-sbrkr.o)
 .debug_info    0x000000000000c229      0x132 /usr/lib/gcc/arm-none-eabi/5.4.1/../../../arm-none-eabi/lib/armv7-m/libg_nano.a(lib_a-memchr-stub.o)
 .debug_info    0x000000000000c35b      0x138 /usr/lib/gcc/arm-none-eabi/5.4.1/../../../arm-none-eabi/lib/armv7-m/libg_nano.a(lib_a-memmove.o)
 .debug_info    0x000000000000c493      0x825 /usr/lib/gcc/arm-none-eabi/5.4.1/../../../arm-none-eabi/lib/armv7-m/libg_nano.a(lib_a-nano-freer.o)
 .debug_info    0x000000000000ccb8      0x882 /usr/lib/gcc/arm-none-eabi/5.4.1/../../../arm-none-eabi/lib/armv7-m/libg_nano.a(lib_a-nano-reallocr.o)
 .debug_info    0x000000000000d53a      0x7c0 /usr/lib/gcc/arm-none-eabi/5.4.1/../../../arm-none-eabi/lib/armv7-m/libg_nano.a(lib_a-nano-msizer.o)

.debug_abbrev   0x0000000000000000     0x3481
 *(.debug_abbrev)
 .debug_abbrev  0x0000000000000000       0xbd ./system/src/newlib/_exit.o
 .debug_abbrev  0x00000000000000bd       0xb9 ./system/src/newlib/_sbrk.o
 .debug_abbrev  0x0000000000000176      0x1ac ./system/src/newlib/_startup.o
 .debug_abbrev  0x0000000000000322       0xec ./system/src/newlib/_syscalls.o
 .debug_abbrev  0x000000000000040e       0xea ./system/src/cortexm/_initialize_hardware.o
 .debug_abbrev  0x00000000000004f8      0x118 ./system/src/cortexm/exception_handlers.o
 .debug_abbrev  0x0000000000000610      0x159 ./system/src/cmsis/system_stm32f10x.o
 .debug_abbrev  0x0000000000000769       0x9d ./system/src/cmsis/vectors_stm32f10x.o
 .debug_abbrev  0x0000000000000806       0x48 ./src/webserver/http-strings.o
 .debug_abbrev  0x000000000000084e      0x1d5 ./src/webserver/httpd-cgi.o
 .debug_abbrev  0x0000000000000a23      0x153 ./src/webserver/httpd-fs.o
 .debug_abbrev  0x0000000000000b76      0x220 ./src/webserver/httpd.o
 .debug_abbrev  0x0000000000000d96      0x25f ./src/uip/psock.o
 .debug_abbrev  0x0000000000000ff5      0x29c ./src/uip/uip.o
 .debug_abbrev  0x0000000000001291      0x1bf ./src/uip/uip_arp.o
 .debug_abbrev  0x0000000000001450      0x1dd ./src/ds18b20/ds18b20.o
 .debug_abbrev  0x000000000000162d       0xe5 ./src/SPI_driver.o
 .debug_abbrev  0x0000000000001712      0x1f3 ./src/enc28j60.o
 .debug_abbrev  0x0000000000001905      0x1e9 ./src/main.o
 .debug_abbrev  0x0000000000001aee      0x134 /usr/lib/gcc/arm-none-eabi/5.4.1/../../../arm-none-eabi/lib/armv7-m/libg_nano.a(lib_a-errno.o)
 .debug_abbrev  0x0000000000001c22      0x136 /usr/lib/gcc/arm-none-eabi/5.4.1/../../../arm-none-eabi/lib/armv7-m/libg_nano.a(lib_a-impure.o)
 .debug_abbrev  0x0000000000001d58       0x14 /usr/lib/gcc/arm-none-eabi/5.4.1/../../../arm-none-eabi/lib/armv7-m/libg_nano.a(lib_a-memcpy.o)
 .debug_abbrev  0x0000000000001d6c       0x9f /usr/lib/gcc/arm-none-eabi/5.4.1/../../../arm-none-eabi/lib/armv7-m/libg_nano.a(lib_a-memset.o)
 .debug_abbrev  0x0000000000001e0b      0x1eb /usr/lib/gcc/arm-none-eabi/5.4.1/../../../arm-none-eabi/lib/armv7-m/libg_nano.a(lib_a-snprintf.o)
 .debug_abbrev  0x0000000000001ff6       0x83 /usr/lib/gcc/arm-none-eabi/5.4.1/../../../arm-none-eabi/lib/armv7-m/libg_nano.a(lib_a-strchr.o)
 .debug_abbrev  0x0000000000002079       0x72 /usr/lib/gcc/arm-none-eabi/5.4.1/../../../arm-none-eabi/lib/armv7-m/libg_nano.a(lib_a-strcpy.o)
 .debug_abbrev  0x00000000000020eb       0x70 /usr/lib/gcc/arm-none-eabi/5.4.1/../../../arm-none-eabi/lib/armv7-m/libg_nano.a(lib_a-strlen-stub.o)
 .debug_abbrev  0x000000000000215b       0x81 /usr/lib/gcc/arm-none-eabi/5.4.1/../../../arm-none-eabi/lib/armv7-m/libg_nano.a(lib_a-strncmp.o)
 .debug_abbrev  0x00000000000021dc       0xa6 /usr/lib/gcc/arm-none-eabi/5.4.1/../../../arm-none-eabi/lib/armv7-m/libg_nano.a(lib_a-strncpy.o)
 .debug_abbrev  0x0000000000002282       0xac /usr/lib/gcc/arm-none-eabi/5.4.1/../../../arm-none-eabi/lib/armv7-m/libg_nano.a(lib_a-strrchr.o)
 .debug_abbrev  0x000000000000232e      0x320 /usr/lib/gcc/arm-none-eabi/5.4.1/../../../arm-none-eabi/lib/armv7-m/libg_nano.a(lib_a-findfp.o)
 .debug_abbrev  0x000000000000264e      0x22e /usr/lib/gcc/arm-none-eabi/5.4.1/../../../arm-none-eabi/lib/armv7-m/libg_nano.a(lib_a-nano-mallocr.o)
 .debug_abbrev  0x000000000000287c      0x25f /usr/lib/gcc/arm-none-eabi/5.4.1/../../../arm-none-eabi/lib/armv7-m/libg_nano.a(lib_a-nano-svfprintf.o)
 .debug_abbrev  0x0000000000002adb      0x1f5 /usr/lib/gcc/arm-none-eabi/5.4.1/../../../arm-none-eabi/lib/armv7-m/libg_nano.a(lib_a-nano-vfprintf_i.o)
 .debug_abbrev  0x0000000000002cd0      0x1a0 /usr/lib/gcc/arm-none-eabi/5.4.1/../../../arm-none-eabi/lib/armv7-m/libg_nano.a(lib_a-sbrkr.o)
 .debug_abbrev  0x0000000000002e70       0xab /usr/lib/gcc/arm-none-eabi/5.4.1/../../../arm-none-eabi/lib/armv7-m/libg_nano.a(lib_a-memchr-stub.o)
 .debug_abbrev  0x0000000000002f1b       0xab /usr/lib/gcc/arm-none-eabi/5.4.1/../../../arm-none-eabi/lib/armv7-m/libg_nano.a(lib_a-memmove.o)
 .debug_abbrev  0x0000000000002fc6      0x1b8 /usr/lib/gcc/arm-none-eabi/5.4.1/../../../arm-none-eabi/lib/armv7-m/libg_nano.a(lib_a-nano-freer.o)
 .debug_abbrev  0x000000000000317e      0x1a2 /usr/lib/gcc/arm-none-eabi/5.4.1/../../../arm-none-eabi/lib/armv7-m/libg_nano.a(lib_a-nano-reallocr.o)
 .debug_abbrev  0x0000000000003320      0x161 /usr/lib/gcc/arm-none-eabi/5.4.1/../../../arm-none-eabi/lib/armv7-m/libg_nano.a(lib_a-nano-msizer.o)

.debug_line     0x0000000000000000     0x60b6
 *(.debug_line)
 .debug_line    0x0000000000000000      0x257 ./system/src/newlib/_exit.o
 .debug_line    0x0000000000000257      0x209 ./system/src/newlib/_sbrk.o
 .debug_line    0x0000000000000460      0x2bf ./system/src/newlib/_startup.o
 .debug_line    0x000000000000071f      0x2c8 ./system/src/newlib/_syscalls.o
 .debug_line    0x00000000000009e7      0x33f ./system/src/cortexm/_initialize_hardware.o
 .debug_line    0x0000000000000d26      0x581 ./system/src/cortexm/exception_handlers.o
 .debug_line    0x00000000000012a7      0x39f ./system/src/cmsis/system_stm32f10x.o
 .debug_line    0x0000000000001646       0xcf ./system/src/cmsis/vectors_stm32f10x.o
 .debug_line    0x0000000000001715       0x40 ./src/webserver/http-strings.o
 .debug_line    0x0000000000001755      0x3d2 ./src/webserver/httpd-cgi.o
 .debug_line    0x0000000000001b27      0x21c ./src/webserver/httpd-fs.o
 .debug_line    0x0000000000001d43      0x47e ./src/webserver/httpd.o
 .debug_line    0x00000000000021c1      0x49b ./src/uip/psock.o
 .debug_line    0x000000000000265c      0x7bb ./src/uip/uip.o
 .debug_line    0x0000000000002e17      0x3ba ./src/uip/uip_arp.o
 .debug_line    0x00000000000031d1      0x53e ./src/ds18b20/ds18b20.o
 .debug_line    0x000000000000370f      0x34d ./src/SPI_driver.o
 .debug_line    0x0000000000003a5c      0x53b ./src/enc28j60.o
 .debug_line    0x0000000000003f97      0x483 ./src/main.o
 .debug_line    0x000000000000441a      0x101 /usr/lib/gcc/arm-none-eabi/5.4.1/../../../arm-none-eabi/lib/armv7-m/libg_nano.a(lib_a-errno.o)
 .debug_line    0x000000000000451b       0xe6 /usr/lib/gcc/arm-none-eabi/5.4.1/../../../arm-none-eabi/lib/armv7-m/libg_nano.a(lib_a-impure.o)
 .debug_line    0x0000000000004601       0xbb /usr/lib/gcc/arm-none-eabi/5.4.1/../../../arm-none-eabi/lib/armv7-m/libg_nano.a(lib_a-memcpy.o)
 .debug_line    0x00000000000046bc      0x10e /usr/lib/gcc/arm-none-eabi/5.4.1/../../../arm-none-eabi/lib/armv7-m/libg_nano.a(lib_a-memset.o)
 .debug_line    0x00000000000047ca      0x1f3 /usr/lib/gcc/arm-none-eabi/5.4.1/../../../arm-none-eabi/lib/armv7-m/libg_nano.a(lib_a-snprintf.o)
 .debug_line    0x00000000000049bd       0xda /usr/lib/gcc/arm-none-eabi/5.4.1/../../../arm-none-eabi/lib/armv7-m/libg_nano.a(lib_a-strchr.o)
 .debug_line    0x0000000000004a97       0xb1 /usr/lib/gcc/arm-none-eabi/5.4.1/../../../arm-none-eabi/lib/armv7-m/libg_nano.a(lib_a-strcpy.o)
 .debug_line    0x0000000000004b48       0xeb /usr/lib/gcc/arm-none-eabi/5.4.1/../../../arm-none-eabi/lib/armv7-m/libg_nano.a(lib_a-strlen-stub.o)
 .debug_line    0x0000000000004c33      0x141 /usr/lib/gcc/arm-none-eabi/5.4.1/../../../arm-none-eabi/lib/armv7-m/libg_nano.a(lib_a-strncmp.o)
 .debug_line    0x0000000000004d74      0x109 /usr/lib/gcc/arm-none-eabi/5.4.1/../../../arm-none-eabi/lib/armv7-m/libg_nano.a(lib_a-strncpy.o)
 .debug_line    0x0000000000004e7d       0xb1 /usr/lib/gcc/arm-none-eabi/5.4.1/../../../arm-none-eabi/lib/armv7-m/libg_nano.a(lib_a-strrchr.o)
 .debug_line    0x0000000000004f2e      0x276 /usr/lib/gcc/arm-none-eabi/5.4.1/../../../arm-none-eabi/lib/armv7-m/libg_nano.a(lib_a-findfp.o)
 .debug_line    0x00000000000051a4      0x194 /usr/lib/gcc/arm-none-eabi/5.4.1/../../../arm-none-eabi/lib/armv7-m/libg_nano.a(lib_a-nano-mallocr.o)
 .debug_line    0x0000000000005338      0x31d /usr/lib/gcc/arm-none-eabi/5.4.1/../../../arm-none-eabi/lib/armv7-m/libg_nano.a(lib_a-nano-svfprintf.o)
 .debug_line    0x0000000000005655      0x32d /usr/lib/gcc/arm-none-eabi/5.4.1/../../../arm-none-eabi/lib/armv7-m/libg_nano.a(lib_a-nano-vfprintf_i.o)
 .debug_line    0x0000000000005982      0x14b /usr/lib/gcc/arm-none-eabi/5.4.1/../../../arm-none-eabi/lib/armv7-m/libg_nano.a(lib_a-sbrkr.o)
 .debug_line    0x0000000000005acd      0x121 /usr/lib/gcc/arm-none-eabi/5.4.1/../../../arm-none-eabi/lib/armv7-m/libg_nano.a(lib_a-memchr-stub.o)
 .debug_line    0x0000000000005bee      0x11d /usr/lib/gcc/arm-none-eabi/5.4.1/../../../arm-none-eabi/lib/armv7-m/libg_nano.a(lib_a-memmove.o)
 .debug_line    0x0000000000005d0b      0x14b /usr/lib/gcc/arm-none-eabi/5.4.1/../../../arm-none-eabi/lib/armv7-m/libg_nano.a(lib_a-nano-freer.o)
 .debug_line    0x0000000000005e56      0x15e /usr/lib/gcc/arm-none-eabi/5.4.1/../../../arm-none-eabi/lib/armv7-m/libg_nano.a(lib_a-nano-reallocr.o)
 .debug_line    0x0000000000005fb4      0x102 /usr/lib/gcc/arm-none-eabi/5.4.1/../../../arm-none-eabi/lib/armv7-m/libg_nano.a(lib_a-nano-msizer.o)

.debug_frame    0x0000000000000000     0x11ec
 *(.debug_frame)
 .debug_frame   0x0000000000000000       0x38 ./system/src/newlib/_exit.o
 .debug_frame   0x0000000000000038       0x28 ./system/src/newlib/_sbrk.o
 .debug_frame   0x0000000000000060       0x7c ./system/src/newlib/_startup.o
 .debug_frame   0x00000000000000dc       0x50 ./system/src/newlib/_syscalls.o
 .debug_frame   0x000000000000012c       0x40 ./system/src/cortexm/_initialize_hardware.o
 .debug_frame   0x000000000000016c       0xe8 ./system/src/cortexm/exception_handlers.o
 .debug_frame   0x0000000000000254       0x68 ./system/src/cmsis/system_stm32f10x.o
 .debug_frame   0x00000000000002bc       0x20 ./system/src/cmsis/vectors_stm32f10x.o
 .debug_frame   0x00000000000002dc       0x78 ./src/webserver/httpd-cgi.o
 .debug_frame   0x0000000000000354       0x78 ./src/webserver/httpd-fs.o
 .debug_frame   0x00000000000003cc      0x12c ./src/webserver/httpd.o
 .debug_frame   0x00000000000004f8      0x12c ./src/uip/psock.o
 .debug_frame   0x0000000000000624      0x198 ./src/uip/uip.o
 .debug_frame   0x00000000000007bc       0x9c ./src/uip/uip_arp.o
 .debug_frame   0x0000000000000858       0xf4 ./src/ds18b20/ds18b20.o
 .debug_frame   0x000000000000094c       0x40 ./src/SPI_driver.o
 .debug_frame   0x000000000000098c      0x200 ./src/enc28j60.o
 .debug_frame   0x0000000000000b8c       0x78 ./src/main.o
 .debug_frame   0x0000000000000c04       0x20 /usr/lib/gcc/arm-none-eabi/5.4.1/../../../arm-none-eabi/lib/armv7-m/libg_nano.a(lib_a-errno.o)
 .debug_frame   0x0000000000000c24       0x34 /usr/lib/gcc/arm-none-eabi/5.4.1/../../../arm-none-eabi/lib/armv7-m/libg_nano.a(lib_a-memset.o)
 .debug_frame   0x0000000000000c58       0xd0 /usr/lib/gcc/arm-none-eabi/5.4.1/../../../arm-none-eabi/lib/armv7-m/libg_nano.a(lib_a-snprintf.o)
 .debug_frame   0x0000000000000d28       0x4c /usr/lib/gcc/arm-none-eabi/5.4.1/../../../arm-none-eabi/lib/armv7-m/libg_nano.a(lib_a-strchr.o)
 .debug_frame   0x0000000000000d74       0x20 /usr/lib/gcc/arm-none-eabi/5.4.1/../../../arm-none-eabi/lib/armv7-m/libg_nano.a(lib_a-strcpy.o)
 .debug_frame   0x0000000000000d94       0x20 /usr/lib/gcc/arm-none-eabi/5.4.1/../../../arm-none-eabi/lib/armv7-m/libg_nano.a(lib_a-strlen-stub.o)
 .debug_frame   0x0000000000000db4       0x54 /usr/lib/gcc/arm-none-eabi/5.4.1/../../../arm-none-eabi/lib/armv7-m/libg_nano.a(lib_a-strncmp.o)
 .debug_frame   0x0000000000000e08       0x34 /usr/lib/gcc/arm-none-eabi/5.4.1/../../../arm-none-eabi/lib/armv7-m/libg_nano.a(lib_a-strncpy.o)
 .debug_frame   0x0000000000000e3c       0x34 /usr/lib/gcc/arm-none-eabi/5.4.1/../../../arm-none-eabi/lib/armv7-m/libg_nano.a(lib_a-strrchr.o)
 .debug_frame   0x0000000000000e70      0x124 /usr/lib/gcc/arm-none-eabi/5.4.1/../../../arm-none-eabi/lib/armv7-m/libg_nano.a(lib_a-findfp.o)
 .debug_frame   0x0000000000000f94       0x2c /usr/lib/gcc/arm-none-eabi/5.4.1/../../../arm-none-eabi/lib/armv7-m/libg_nano.a(lib_a-nano-mallocr.o)
 .debug_frame   0x0000000000000fc0       0x9c /usr/lib/gcc/arm-none-eabi/5.4.1/../../../arm-none-eabi/lib/armv7-m/libg_nano.a(lib_a-nano-svfprintf.o)
 .debug_frame   0x000000000000105c       0x68 /usr/lib/gcc/arm-none-eabi/5.4.1/../../../arm-none-eabi/lib/armv7-m/libg_nano.a(lib_a-nano-vfprintf_i.o)
 .debug_frame   0x00000000000010c4       0x2c /usr/lib/gcc/arm-none-eabi/5.4.1/../../../arm-none-eabi/lib/armv7-m/libg_nano.a(lib_a-sbrkr.o)
 .debug_frame   0x00000000000010f0       0x34 /usr/lib/gcc/arm-none-eabi/5.4.1/../../../arm-none-eabi/lib/armv7-m/libg_nano.a(lib_a-memchr-stub.o)
 .debug_frame   0x0000000000001124       0x30 /usr/lib/gcc/arm-none-eabi/5.4.1/../../../arm-none-eabi/lib/armv7-m/libg_nano.a(lib_a-memmove.o)
 .debug_frame   0x0000000000001154       0x40 /usr/lib/gcc/arm-none-eabi/5.4.1/../../../arm-none-eabi/lib/armv7-m/libg_nano.a(lib_a-nano-freer.o)
 .debug_frame   0x0000000000001194       0x38 /usr/lib/gcc/arm-none-eabi/5.4.1/../../../arm-none-eabi/lib/armv7-m/libg_nano.a(lib_a-nano-reallocr.o)
 .debug_frame   0x00000000000011cc       0x20 /usr/lib/gcc/arm-none-eabi/5.4.1/../../../arm-none-eabi/lib/armv7-m/libg_nano.a(lib_a-nano-msizer.o)

.debug_str      0x0000000000000000    0x59b2e
 *(.debug_str)
 .debug_str     0x0000000000000000     0x6cbc ./system/src/newlib/_exit.o
                                       0x6e2b (size before relaxing)
 .debug_str     0x0000000000006cbc      0x4de ./system/src/newlib/_sbrk.o
                                       0x6216 (size before relaxing)
 .debug_str     0x000000000000719a      0xbbd ./system/src/newlib/_startup.o
                                       0x5daf (size before relaxing)
 .debug_str     0x0000000000007d57      0xd69 ./system/src/newlib/_syscalls.o
                                       0x6fd4 (size before relaxing)
 .debug_str     0x0000000000008ac0    0x4b003 ./system/src/cortexm/_initialize_hardware.o
                                      0x4df7b (size before relaxing)
 .debug_str     0x0000000000053ac3      0x1ce ./system/src/cortexm/exception_handlers.o
                                      0x52870 (size before relaxing)
 .debug_str     0x0000000000053c91      0x119 ./system/src/cmsis/system_stm32f10x.o
                                      0x4e025 (size before relaxing)
 .debug_str     0x0000000000053daa       0x57 ./system/src/cmsis/vectors_stm32f10x.o
                                       0x2fca (size before relaxing)
 .debug_str     0x0000000000053e01      0x1f7 ./src/webserver/http-strings.o
                                       0x2672 (size before relaxing)
 .debug_str     0x0000000000053ff8     0x2603 ./src/webserver/httpd-cgi.o
                                       0x8dfe (size before relaxing)
 .debug_str     0x00000000000565fb      0x138 ./src/webserver/httpd-fs.o
                                       0x4bc0 (size before relaxing)
 .debug_str     0x0000000000056733      0x225 ./src/webserver/httpd.o
                                       0x7c71 (size before relaxing)
 .debug_str     0x0000000000056958      0x168 ./src/uip/psock.o
                                       0x8cc9 (size before relaxing)
 .debug_str     0x0000000000056ac0      0x5d9 ./src/uip/uip.o
                                       0x9199 (size before relaxing)
 .debug_str     0x0000000000057099      0x2f9 ./src/uip/uip_arp.o
                                       0x7b0c (size before relaxing)
 .debug_str     0x0000000000057392      0x19a ./src/ds18b20/ds18b20.o
                                      0x4e1ba (size before relaxing)
 .debug_str     0x000000000005752c       0xb7 ./src/SPI_driver.o
                                      0x4df94 (size before relaxing)
 .debug_str     0x00000000000575e3     0x1630 ./src/enc28j60.o
                                      0x4f585 (size before relaxing)
 .debug_str     0x0000000000058c13      0x1a6 ./src/main.o
                                      0x513d5 (size before relaxing)
 .debug_str     0x0000000000058db9      0x3d2 /usr/lib/gcc/arm-none-eabi/5.4.1/../../../arm-none-eabi/lib/armv7-m/libg_nano.a(lib_a-errno.o)
                                        0x4e3 (size before relaxing)
 .debug_str     0x000000000005918b       0xd6 /usr/lib/gcc/arm-none-eabi/5.4.1/../../../arm-none-eabi/lib/armv7-m/libg_nano.a(lib_a-impure.o)
                                        0x53a (size before relaxing)
 .debug_str     0x0000000000059261       0x9a /usr/lib/gcc/arm-none-eabi/5.4.1/../../../arm-none-eabi/lib/armv7-m/libg_nano.a(lib_a-memset.o)
                                        0x1a6 (size before relaxing)
 .debug_str     0x00000000000592fb       0xab /usr/lib/gcc/arm-none-eabi/5.4.1/../../../arm-none-eabi/lib/armv7-m/libg_nano.a(lib_a-snprintf.o)
                                        0x537 (size before relaxing)
 .debug_str     0x00000000000593a6       0x2e /usr/lib/gcc/arm-none-eabi/5.4.1/../../../arm-none-eabi/lib/armv7-m/libg_nano.a(lib_a-strchr.o)
                                        0x19d (size before relaxing)
 .debug_str     0x00000000000593d4       0x9a /usr/lib/gcc/arm-none-eabi/5.4.1/../../../arm-none-eabi/lib/armv7-m/libg_nano.a(lib_a-strcpy.o)
                                        0x198 (size before relaxing)
 .debug_str     0x000000000005946e       0x3b /usr/lib/gcc/arm-none-eabi/5.4.1/../../../arm-none-eabi/lib/armv7-m/libg_nano.a(lib_a-strlen-stub.o)
                                        0x1a4 (size before relaxing)
 .debug_str     0x00000000000594a9       0x2f /usr/lib/gcc/arm-none-eabi/5.4.1/../../../arm-none-eabi/lib/armv7-m/libg_nano.a(lib_a-strncmp.o)
                                        0x194 (size before relaxing)
 .debug_str     0x00000000000594d8       0x51 /usr/lib/gcc/arm-none-eabi/5.4.1/../../../arm-none-eabi/lib/armv7-m/libg_nano.a(lib_a-strncpy.o)
                                        0x1bc (size before relaxing)
 .debug_str     0x0000000000059529       0x2f /usr/lib/gcc/arm-none-eabi/5.4.1/../../../arm-none-eabi/lib/armv7-m/libg_nano.a(lib_a-strrchr.o)
                                        0x199 (size before relaxing)
 .debug_str     0x0000000000059558      0x19a /usr/lib/gcc/arm-none-eabi/5.4.1/../../../arm-none-eabi/lib/armv7-m/libg_nano.a(lib_a-findfp.o)
                                        0x6d5 (size before relaxing)
 .debug_str     0x00000000000596f2      0x111 /usr/lib/gcc/arm-none-eabi/5.4.1/../../../arm-none-eabi/lib/armv7-m/libg_nano.a(lib_a-nano-mallocr.o)
                                        0x57e (size before relaxing)
 .debug_str     0x0000000000059803      0x199 /usr/lib/gcc/arm-none-eabi/5.4.1/../../../arm-none-eabi/lib/armv7-m/libg_nano.a(lib_a-nano-svfprintf.o)
                                        0x660 (size before relaxing)
 .debug_str     0x000000000005999c       0x88 /usr/lib/gcc/arm-none-eabi/5.4.1/../../../arm-none-eabi/lib/armv7-m/libg_nano.a(lib_a-nano-vfprintf_i.o)
                                        0x5ff (size before relaxing)
 .debug_str     0x0000000000059a24       0x2c /usr/lib/gcc/arm-none-eabi/5.4.1/../../../arm-none-eabi/lib/armv7-m/libg_nano.a(lib_a-sbrkr.o)
                                        0x4f2 (size before relaxing)
 .debug_str     0x0000000000059a50       0x50 /usr/lib/gcc/arm-none-eabi/5.4.1/../../../arm-none-eabi/lib/armv7-m/libg_nano.a(lib_a-memchr-stub.o)
                                        0x1be (size before relaxing)
 .debug_str     0x0000000000059aa0       0x38 /usr/lib/gcc/arm-none-eabi/5.4.1/../../../arm-none-eabi/lib/armv7-m/libg_nano.a(lib_a-memmove.o)
                                        0x1c5 (size before relaxing)
 .debug_str     0x0000000000059ad8       0x24 /usr/lib/gcc/arm-none-eabi/5.4.1/../../../arm-none-eabi/lib/armv7-m/libg_nano.a(lib_a-nano-freer.o)
                                        0x553 (size before relaxing)
 .debug_str     0x0000000000059afc       0x23 /usr/lib/gcc/arm-none-eabi/5.4.1/../../../arm-none-eabi/lib/armv7-m/libg_nano.a(lib_a-nano-reallocr.o)
                                        0x55b (size before relaxing)
 .debug_str     0x0000000000059b1f        0xf /usr/lib/gcc/arm-none-eabi/5.4.1/../../../arm-none-eabi/lib/armv7-m/libg_nano.a(lib_a-nano-msizer.o)
                                        0x539 (size before relaxing)

.debug_loc      0x0000000000000000     0x452a
 *(.debug_loc)
 .debug_loc     0x0000000000000000       0x82 ./system/src/newlib/_sbrk.o
 .debug_loc     0x0000000000000082      0x265 ./system/src/newlib/_startup.o
 .debug_loc     0x00000000000002e7       0x63 ./system/src/newlib/_syscalls.o
 .debug_loc     0x000000000000034a       0xdf ./system/src/cmsis/system_stm32f10x.o
 .debug_loc     0x0000000000000429      0x111 ./src/webserver/httpd-cgi.o
 .debug_loc     0x000000000000053a      0x1de ./src/webserver/httpd-fs.o
 .debug_loc     0x0000000000000718      0x34e ./src/webserver/httpd.o
 .debug_loc     0x0000000000000a66      0x50d ./src/uip/psock.o
 .debug_loc     0x0000000000000f73      0x4c6 ./src/uip/uip.o
 .debug_loc     0x0000000000001439      0x1d1 ./src/uip/uip_arp.o
 .debug_loc     0x000000000000160a      0x438 ./src/ds18b20/ds18b20.o
 .debug_loc     0x0000000000001a42       0x21 ./src/SPI_driver.o
 .debug_loc     0x0000000000001a63      0x51e ./src/enc28j60.o
 .debug_loc     0x0000000000001f81       0x32 ./src/main.o
 .debug_loc     0x0000000000001fb3      0x1ae /usr/lib/gcc/arm-none-eabi/5.4.1/../../../arm-none-eabi/lib/armv7-m/libg_nano.a(lib_a-memset.o)
 .debug_loc     0x0000000000002161      0x2ca /usr/lib/gcc/arm-none-eabi/5.4.1/../../../arm-none-eabi/lib/armv7-m/libg_nano.a(lib_a-snprintf.o)
 .debug_loc     0x000000000000242b      0x223 /usr/lib/gcc/arm-none-eabi/5.4.1/../../../arm-none-eabi/lib/armv7-m/libg_nano.a(lib_a-strchr.o)
 .debug_loc     0x000000000000264e       0x21 /usr/lib/gcc/arm-none-eabi/5.4.1/../../../arm-none-eabi/lib/armv7-m/libg_nano.a(lib_a-strcpy.o)
 .debug_loc     0x000000000000266f       0x21 /usr/lib/gcc/arm-none-eabi/5.4.1/../../../arm-none-eabi/lib/armv7-m/libg_nano.a(lib_a-strlen-stub.o)
 .debug_loc     0x0000000000002690      0x1b0 /usr/lib/gcc/arm-none-eabi/5.4.1/../../../arm-none-eabi/lib/armv7-m/libg_nano.a(lib_a-strncmp.o)
 .debug_loc     0x0000000000002840      0x155 /usr/lib/gcc/arm-none-eabi/5.4.1/../../../arm-none-eabi/lib/armv7-m/libg_nano.a(lib_a-strncpy.o)
 .debug_loc     0x0000000000002995       0xba /usr/lib/gcc/arm-none-eabi/5.4.1/../../../arm-none-eabi/lib/armv7-m/libg_nano.a(lib_a-strrchr.o)
 .debug_loc     0x0000000000002a4f      0x2f4 /usr/lib/gcc/arm-none-eabi/5.4.1/../../../arm-none-eabi/lib/armv7-m/libg_nano.a(lib_a-findfp.o)
 .debug_loc     0x0000000000002d43      0x378 /usr/lib/gcc/arm-none-eabi/5.4.1/../../../arm-none-eabi/lib/armv7-m/libg_nano.a(lib_a-nano-mallocr.o)
 .debug_loc     0x00000000000030bb      0x624 /usr/lib/gcc/arm-none-eabi/5.4.1/../../../arm-none-eabi/lib/armv7-m/libg_nano.a(lib_a-nano-svfprintf.o)
 .debug_loc     0x00000000000036df      0x692 /usr/lib/gcc/arm-none-eabi/5.4.1/../../../arm-none-eabi/lib/armv7-m/libg_nano.a(lib_a-nano-vfprintf_i.o)
 .debug_loc     0x0000000000003d71       0x4d /usr/lib/gcc/arm-none-eabi/5.4.1/../../../arm-none-eabi/lib/armv7-m/libg_nano.a(lib_a-sbrkr.o)
 .debug_loc     0x0000000000003dbe      0x1ba /usr/lib/gcc/arm-none-eabi/5.4.1/../../../arm-none-eabi/lib/armv7-m/libg_nano.a(lib_a-memchr-stub.o)
 .debug_loc     0x0000000000003f78      0x2aa /usr/lib/gcc/arm-none-eabi/5.4.1/../../../arm-none-eabi/lib/armv7-m/libg_nano.a(lib_a-memmove.o)
 .debug_loc     0x0000000000004222      0x135 /usr/lib/gcc/arm-none-eabi/5.4.1/../../../arm-none-eabi/lib/armv7-m/libg_nano.a(lib_a-nano-freer.o)
 .debug_loc     0x0000000000004357      0x11e /usr/lib/gcc/arm-none-eabi/5.4.1/../../../arm-none-eabi/lib/armv7-m/libg_nano.a(lib_a-nano-reallocr.o)
 .debug_loc     0x0000000000004475       0xb5 /usr/lib/gcc/arm-none-eabi/5.4.1/../../../arm-none-eabi/lib/armv7-m/libg_nano.a(lib_a-nano-msizer.o)

.debug_macinfo
 *(.debug_macinfo)

.debug_weaknames
 *(.debug_weaknames)

.debug_funcnames
 *(.debug_funcnames)

.debug_typenames
 *(.debug_typenames)

.debug_varnames
 *(.debug_varnames)
OUTPUT(Tsensor.elf elf32-littlearm)

.debug_ranges   0x0000000000000000      0x668
 .debug_ranges  0x0000000000000000       0x18 ./system/src/newlib/_exit.o
 .debug_ranges  0x0000000000000018       0x10 ./system/src/newlib/_sbrk.o
 .debug_ranges  0x0000000000000028       0x48 ./system/src/newlib/_startup.o
 .debug_ranges  0x0000000000000070       0x20 ./system/src/newlib/_syscalls.o
 .debug_ranges  0x0000000000000090       0x18 ./system/src/cortexm/_initialize_hardware.o
 .debug_ranges  0x00000000000000a8       0x70 ./system/src/cortexm/exception_handlers.o
 .debug_ranges  0x0000000000000118       0x28 ./system/src/cmsis/system_stm32f10x.o
 .debug_ranges  0x0000000000000140       0x10 ./system/src/cmsis/vectors_stm32f10x.o
 .debug_ranges  0x0000000000000150       0x28 ./src/webserver/httpd-cgi.o
 .debug_ranges  0x0000000000000178       0x28 ./src/webserver/httpd-fs.o
 .debug_ranges  0x00000000000001a0       0x60 ./src/webserver/httpd.o
 .debug_ranges  0x0000000000000200       0x68 ./src/uip/psock.o
 .debug_ranges  0x0000000000000268       0x90 ./src/uip/uip.o
 .debug_ranges  0x00000000000002f8       0x30 ./src/uip/uip_arp.o
 .debug_ranges  0x0000000000000328       0x90 ./src/ds18b20/ds18b20.o
 .debug_ranges  0x00000000000003b8       0x20 ./src/SPI_driver.o
 .debug_ranges  0x00000000000003d8       0x98 ./src/enc28j60.o
 .debug_ranges  0x0000000000000470       0x48 ./src/main.o
 .debug_ranges  0x00000000000004b8       0x10 /usr/lib/gcc/arm-none-eabi/5.4.1/../../../arm-none-eabi/lib/armv7-m/libg_nano.a(lib_a-strcpy.o)
 .debug_ranges  0x00000000000004c8       0x10 /usr/lib/gcc/arm-none-eabi/5.4.1/../../../arm-none-eabi/lib/armv7-m/libg_nano.a(lib_a-strlen-stub.o)
 .debug_ranges  0x00000000000004d8       0x68 /usr/lib/gcc/arm-none-eabi/5.4.1/../../../arm-none-eabi/lib/armv7-m/libg_nano.a(lib_a-findfp.o)
 .debug_ranges  0x0000000000000540       0x40 /usr/lib/gcc/arm-none-eabi/5.4.1/../../../arm-none-eabi/lib/armv7-m/libg_nano.a(lib_a-nano-mallocr.o)
 .debug_ranges  0x0000000000000580       0x38 /usr/lib/gcc/arm-none-eabi/5.4.1/../../../arm-none-eabi/lib/armv7-m/libg_nano.a(lib_a-nano-svfprintf.o)
 .debug_ranges  0x00000000000005b8       0xb0 /usr/lib/gcc/arm-none-eabi/5.4.1/../../../arm-none-eabi/lib/armv7-m/libg_nano.a(lib_a-nano-vfprintf_i.o)

.debug_macro    0x0000000000000000     0x4264
 .debug_macro   0x0000000000000000      0x19c ./system/src/newlib/_exit.o
 .debug_macro   0x000000000000019c       0x9c ./system/src/newlib/_exit.o
 .debug_macro   0x0000000000000238      0x10e ./system/src/newlib/_exit.o
 .debug_macro   0x0000000000000346       0x8d ./system/src/newlib/_exit.o
 .debug_macro   0x00000000000003d3       0x43 ./system/src/newlib/_exit.o
 .debug_macro   0x0000000000000416      0x30d ./system/src/newlib/_exit.o
 .debug_macro   0x0000000000000723       0x35 ./system/src/newlib/_exit.o
 .debug_macro   0x0000000000000758      0x151 ./system/src/newlib/_sbrk.o
 .debug_macro   0x00000000000008a9      0x174 ./system/src/newlib/_sbrk.o
 .debug_macro   0x0000000000000a1d       0x10 ./system/src/newlib/_sbrk.o
 .debug_macro   0x0000000000000a2d      0x23b ./system/src/newlib/_sbrk.o
 .debug_macro   0x0000000000000c68      0x15b ./system/src/newlib/_startup.o
 .debug_macro   0x0000000000000dc3      0x1d1 ./system/src/newlib/_syscalls.o
 .debug_macro   0x0000000000000f94       0x1c ./system/src/newlib/_syscalls.o
 .debug_macro   0x0000000000000fb0       0x10 ./system/src/newlib/_syscalls.o
 .debug_macro   0x0000000000000fc0       0x10 ./system/src/newlib/_syscalls.o
 .debug_macro   0x0000000000000fd0       0x10 ./system/src/newlib/_syscalls.o
 .debug_macro   0x0000000000000fe0       0x35 ./system/src/newlib/_syscalls.o
 .debug_macro   0x0000000000001015      0x122 ./system/src/newlib/_syscalls.o
 .debug_macro   0x0000000000001137       0x88 ./system/src/newlib/_syscalls.o
 .debug_macro   0x00000000000011bf      0x10c ./system/src/newlib/_syscalls.o
 .debug_macro   0x00000000000012cb      0x159 ./system/src/newlib/_syscalls.o
 .debug_macro   0x0000000000001424       0x16 ./system/src/newlib/_syscalls.o
 .debug_macro   0x000000000000143a      0x16b ./system/src/cortexm/_initialize_hardware.o
 .debug_macro   0x00000000000015a5      0x2f8 ./system/src/cortexm/exception_handlers.o
 .debug_macro   0x000000000000189d       0x3b ./system/src/cortexm/exception_handlers.o
 .debug_macro   0x00000000000018d8       0x22 ./system/src/cortexm/exception_handlers.o
 .debug_macro   0x00000000000018fa       0x10 ./system/src/cortexm/exception_handlers.o
 .debug_macro   0x000000000000190a       0xcf ./system/src/cortexm/exception_handlers.o
 .debug_macro   0x00000000000019d9       0xbe ./system/src/cortexm/exception_handlers.o
 .debug_macro   0x0000000000001a97       0x10 ./system/src/cortexm/exception_handlers.o
 .debug_macro   0x0000000000001aa7      0x16e ./system/src/cmsis/system_stm32f10x.o
 .debug_macro   0x0000000000001c15       0x34 ./system/src/cmsis/vectors_stm32f10x.o
 .debug_macro   0x0000000000001c49       0x11 ./src/webserver/http-strings.o
 .debug_macro   0x0000000000001c5a      0x241 ./src/webserver/httpd-cgi.o
 .debug_macro   0x0000000000001e9b       0x16 ./src/webserver/httpd-cgi.o
 .debug_macro   0x0000000000001eb1       0x37 ./src/webserver/httpd-cgi.o
 .debug_macro   0x0000000000001ee8       0x22 ./src/webserver/httpd-cgi.o
 .debug_macro   0x0000000000001f0a       0x73 ./src/webserver/httpd-cgi.o
 .debug_macro   0x0000000000001f7d       0x6d ./src/webserver/httpd-cgi.o
 .debug_macro   0x0000000000001fea       0x10 ./src/webserver/httpd-cgi.o
 .debug_macro   0x0000000000001ffa       0xbe ./src/webserver/httpd-cgi.o
 .debug_macro   0x00000000000020b8      0x22b ./src/webserver/httpd-cgi.o
 .debug_macro   0x00000000000022e3       0x10 ./src/webserver/httpd-cgi.o
 .debug_macro   0x00000000000022f3       0x16 ./src/webserver/httpd-cgi.o
 .debug_macro   0x0000000000002309       0x97 ./src/webserver/httpd-cgi.o
 .debug_macro   0x00000000000023a0       0xfd ./src/webserver/httpd-cgi.o
 .debug_macro   0x000000000000249d       0x10 ./src/webserver/httpd-cgi.o
 .debug_macro   0x00000000000024ad       0x16 ./src/webserver/httpd-cgi.o
 .debug_macro   0x00000000000024c3      0x189 ./src/webserver/httpd-cgi.o
 .debug_macro   0x000000000000264c       0x16 ./src/webserver/httpd-cgi.o
 .debug_macro   0x0000000000002662       0x28 ./src/webserver/httpd-cgi.o
 .debug_macro   0x000000000000268a       0xc0 ./src/webserver/httpd-fs.o
 .debug_macro   0x000000000000274a      0x231 ./src/webserver/httpd-fs.o
 .debug_macro   0x000000000000297b       0x12 ./src/webserver/httpd-fs.o
 .debug_macro   0x000000000000298d      0x1c3 ./src/webserver/httpd.o
 .debug_macro   0x0000000000002b50      0x263 ./src/uip/psock.o
 .debug_macro   0x0000000000002db3      0x231 ./src/uip/psock.o
 .debug_macro   0x0000000000002fe4      0x2f6 ./src/uip/uip.o
 .debug_macro   0x00000000000032da       0x1c ./src/uip/uip.o
 .debug_macro   0x00000000000032f6      0x1a5 ./src/uip/uip_arp.o
 .debug_macro   0x000000000000349b       0x23 ./src/uip/uip_arp.o
 .debug_macro   0x00000000000034be      0x164 ./src/ds18b20/ds18b20.o
 .debug_macro   0x0000000000003622      0x165 ./src/SPI_driver.o
 .debug_macro   0x0000000000003787      0x16e ./src/enc28j60.o
 .debug_macro   0x00000000000038f5      0x718 ./src/enc28j60.o
 .debug_macro   0x000000000000400d      0x21a ./src/main.o
 .debug_macro   0x0000000000004227       0x3d ./src/main.o