Component: ARM Compiler 5.06 update 5 (build 528) Tool: armlink [4d35e2]

==============================================================================

Section Cross References

    main.o(i.main) refers to main.o(i.PortC_Init) for PortC_Init
    main.o(i.main) refers to main.o(i.PortB_Init) for PortB_Init
    main.o(i.main) refers to enc28j60.o(i.enc28j60_init) for enc28j60_init
    main.o(i.main) refers to uip.o(i.uip_init) for uip_init
    main.o(i.main) refers to uip_arp.o(i.uip_arp_init) for uip_arp_init
    main.o(i.main) refers to httpd.o(i.httpd_init) for httpd_init
    main.o(i.main) refers to main.o(i.vTask_uIP_periodic) for vTask_uIP_periodic
    main.o(i.main) refers to main.o(i.vTask_uIP) for vTask_uIP
    main.o(i.main) refers to main.o(.constdata) for .constdata
    main.o(i.main) refers to uip.o(.data) for uip_ethaddr
    main.o(i.vTask_uIP) refers to enc28j60.o(i.enc28j60_recv_packet) for enc28j60_recv_packet
    main.o(i.vTask_uIP) refers to uip.o(i.htons) for htons
    main.o(i.vTask_uIP) refers to uip.o(i.uip_process) for uip_process
    main.o(i.vTask_uIP) refers to uip_arp.o(i.uip_arp_out) for uip_arp_out
    main.o(i.vTask_uIP) refers to enc28j60.o(i.enc28j60_send_packet) for enc28j60_send_packet
    main.o(i.vTask_uIP) refers to uip_arp.o(i.uip_arp_arpin) for uip_arp_arpin
    main.o(i.vTask_uIP) refers to uip.o(.bss) for uip_buf
    main.o(i.vTask_uIP) refers to uip.o(.data) for uip_len
    main.o(i.vTask_uIP_periodic) refers to uip.o(i.uip_process) for uip_process
    main.o(i.vTask_uIP_periodic) refers to uip_arp.o(i.uip_arp_out) for uip_arp_out
    main.o(i.vTask_uIP_periodic) refers to enc28j60.o(i.enc28j60_send_packet) for enc28j60_send_packet
    main.o(i.vTask_uIP_periodic) refers to uip_arp.o(i.uip_arp_timer) for uip_arp_timer
    main.o(i.vTask_uIP_periodic) refers to uip.o(.bss) for uip_conns
    main.o(i.vTask_uIP_periodic) refers to uip.o(.data) for uip_conn
    enc28j60.o(i.enc28j60_bfc) refers to enc28j60.o(i.enc28j60_set_bank) for enc28j60_set_bank
    enc28j60.o(i.enc28j60_bfc) refers to enc28j60.o(i.enc28j60_write_op) for enc28j60_write_op
    enc28j60.o(i.enc28j60_bfs) refers to enc28j60.o(i.enc28j60_set_bank) for enc28j60_set_bank
    enc28j60.o(i.enc28j60_bfs) refers to enc28j60.o(i.enc28j60_write_op) for enc28j60_write_op
    enc28j60.o(i.enc28j60_init) refers to spi_driver.o(i.SPI2_Init) for SPI2_Init
    enc28j60.o(i.enc28j60_init) refers to enc28j60.o(i.enc28j60_soft_reset) for enc28j60_soft_reset
    enc28j60.o(i.enc28j60_init) refers to enc28j60.o(i.enc28j60_wcr16) for enc28j60_wcr16
    enc28j60.o(i.enc28j60_init) refers to enc28j60.o(i.enc28j60_rcr16) for enc28j60_rcr16
    enc28j60.o(i.enc28j60_init) refers to enc28j60.o(i.enc28j60_wcr) for enc28j60_wcr
    enc28j60.o(i.enc28j60_init) refers to enc28j60.o(i.enc28j60_write_phy) for enc28j60_write_phy
    enc28j60.o(i.enc28j60_init) refers to enc28j60.o(i.enc28j60_bfs) for enc28j60_bfs
    enc28j60.o(i.enc28j60_init) refers to enc28j60.o(.data) for enc28j60_rxrdpt
    enc28j60.o(i.enc28j60_rcr) refers to enc28j60.o(i.enc28j60_set_bank) for enc28j60_set_bank
    enc28j60.o(i.enc28j60_rcr) refers to enc28j60.o(i.enc28j60_read_op) for enc28j60_read_op
    enc28j60.o(i.enc28j60_rcr16) refers to enc28j60.o(i.enc28j60_set_bank) for enc28j60_set_bank
    enc28j60.o(i.enc28j60_rcr16) refers to enc28j60.o(i.enc28j60_read_op) for enc28j60_read_op
    enc28j60.o(i.enc28j60_read_buffer) refers to enc28j60.o(i.enc28j60_rxtx) for enc28j60_rxtx
    enc28j60.o(i.enc28j60_read_op) refers to enc28j60.o(i.enc28j60_rxtx) for enc28j60_rxtx
    enc28j60.o(i.enc28j60_read_phy) refers to enc28j60.o(i.enc28j60_wcr) for enc28j60_wcr
    enc28j60.o(i.enc28j60_read_phy) refers to enc28j60.o(i.enc28j60_bfs) for enc28j60_bfs
    enc28j60.o(i.enc28j60_read_phy) refers to enc28j60.o(i.enc28j60_rcr) for enc28j60_rcr
    enc28j60.o(i.enc28j60_read_phy) refers to enc28j60.o(i.enc28j60_bfc) for enc28j60_bfc
    enc28j60.o(i.enc28j60_read_phy) refers to enc28j60.o(i.enc28j60_rcr16) for enc28j60_rcr16
    enc28j60.o(i.enc28j60_recv_packet) refers to enc28j60.o(i.enc28j60_rcr) for enc28j60_rcr
    enc28j60.o(i.enc28j60_recv_packet) refers to enc28j60.o(i.enc28j60_wcr16) for enc28j60_wcr16
    enc28j60.o(i.enc28j60_recv_packet) refers to enc28j60.o(i.enc28j60_read_buffer) for enc28j60_read_buffer
    enc28j60.o(i.enc28j60_recv_packet) refers to enc28j60.o(i.enc28j60_bfs) for enc28j60_bfs
    enc28j60.o(i.enc28j60_recv_packet) refers to enc28j60.o(.data) for enc28j60_rxrdpt
    enc28j60.o(i.enc28j60_rxtx) refers to spi_driver.o(i.SPI2_Transmit) for SPI2_Transmit
    enc28j60.o(i.enc28j60_rxtx) refers to spi_driver.o(i.SPI2_Receive) for SPI2_Receive
    enc28j60.o(i.enc28j60_send_packet) refers to enc28j60.o(i.enc28j60_rcr) for enc28j60_rcr
    enc28j60.o(i.enc28j60_send_packet) refers to enc28j60.o(i.enc28j60_bfs) for enc28j60_bfs
[...]
    ../clib/printf.c                         0x00000000   Number         0  __2snprintf.o ABSOLUTE
    ../clib/printf.c                         0x00000000   Number         0  _printf_hex_ll.o ABSOLUTE
    ../clib/printf.c                         0x00000000   Number         0  __printf.o ABSOLUTE
    ../clib/printf.c                         0x00000000   Number         0  _printf_hex_ll_ptr.o ABSOLUTE
    ../clib/printf.c                         0x00000000   Number         0  _printf_dec.o ABSOLUTE
    ../clib/printf.c                         0x00000000   Number         0  _printf_char_file_locked.o ABSOLUTE
    ../clib/printf.c                         0x00000000   Number         0  __printf_flags_wp.o ABSOLUTE
    ../clib/printf.c                         0x00000000   Number         0  __printf_wp.o ABSOLUTE
    ../clib/printf.c                         0x00000000   Number         0  noretval__2snprintf.o ABSOLUTE
    ../clib/printf.c                         0x00000000   Number         0  __printf_ss.o ABSOLUTE
    ../clib/printf.c                         0x00000000   Number         0  __printf_flags.o ABSOLUTE
    ../clib/printf.c                         0x00000000   Number         0  _printf_hex_int_ll_ptr.o ABSOLUTE
    ../clib/printf.c                         0x00000000   Number         0  _printf_hex_int_ptr.o ABSOLUTE
    ../clib/printf.c                         0x00000000   Number         0  _printf_hex_ptr.o ABSOLUTE
    ../clib/printf.c                         0x00000000   Number         0  __printf_ss_wp.o ABSOLUTE
    ../clib/printf.c                         0x00000000   Number         0  _printf_intcommon.o ABSOLUTE
    ../clib/printf.c                         0x00000000   Number         0  _printf_char_common.o ABSOLUTE
    ../clib/printf.c                         0x00000000   Number         0  __printf_flags_ss_wp.o ABSOLUTE
    ../clib/printf.c                         0x00000000   Number         0  _sputc.o ABSOLUTE
    ../clib/printf_percent.s                 0x00000000   Number         0  _printf_percent_end.o ABSOLUTE
    ../clib/printf_percent.s                 0x00000000   Number         0  _printf_d.o ABSOLUTE
    ../clib/printf_percent.s                 0x00000000   Number         0  _printf_percent.o ABSOLUTE
    ../clib/printf_percent.s                 0x00000000   Number         0  _printf_c.o ABSOLUTE
    ../clib/printf_percent.s                 0x00000000   Number         0  _printf_x.o ABSOLUTE
    ../clib/signal.c                         0x00000000   Number         0  defsig_rtmem_outer.o ABSOLUTE
    ../clib/signal.c                         0x00000000   Number         0  defsig_general.o ABSOLUTE
    ../clib/signal.c                         0x00000000   Number         0  __raise.o ABSOLUTE
    ../clib/signal.c                         0x00000000   Number         0  defsig_segv_inner.o ABSOLUTE
    ../clib/signal.c                         0x00000000   Number         0  defsig_other.o ABSOLUTE
    ../clib/signal.c                         0x00000000   Number         0  defsig_rtred_inner.o ABSOLUTE
    ../clib/signal.c                         0x00000000   Number         0  defsig_exit.o ABSOLUTE
    ../clib/signal.c                         0x00000000   Number         0  defsig_rtmem_formal.o ABSOLUTE
    ../clib/signal.c                         0x00000000   Number         0  defsig_rtred_outer.o ABSOLUTE
    ../clib/signal.c                         0x00000000   Number         0  defsig_rtred_formal.o ABSOLUTE
    ../clib/signal.c                         0x00000000   Number         0  defsig_rtmem_inner.o ABSOLUTE
    ../clib/signal.c                         0x00000000   Number         0  defsig_abrt_inner.o ABSOLUTE
    ../clib/signal.c                         0x00000000   Number         0  defsig_fpe_inner.o ABSOLUTE
    ../clib/signal.c                         0x00000000   Number         0  defsig_stak_inner.o ABSOLUTE
    ../clib/signal.c                         0x00000000   Number         0  defsig_pvfn_inner.o ABSOLUTE
    ../clib/signal.c                         0x00000000   Number         0  defsig_cppl_inner.o ABSOLUTE
    ../clib/signal.s                         0x00000000   Number         0  defsig.o ABSOLUTE
    ../clib/stdio.c                          0x00000000   Number         0  fputs_locked.o ABSOLUTE
    ../clib/stdio.c                          0x00000000   Number         0  ftell.o ABSOLUTE
    ../clib/stdio.c                          0x00000000   Number         0  streamlock.o ABSOLUTE
    ../clib/stdio.c                          0x00000000   Number         0  fputc.o ABSOLUTE
    ../clib/stdio.c                          0x00000000   Number         0  setvbuf_locked.o ABSOLUTE
    ../clib/stdio.c                          0x00000000   Number         0  initio.o ABSOLUTE
    ../clib/stdio.c                          0x00000000   Number         0  setvbuf.o ABSOLUTE
    ../clib/stdio.c                          0x00000000   Number         0  fputc_locked.o ABSOLUTE
    ../clib/stdio.c                          0x00000000   Number         0  fopen.o ABSOLUTE
    ../clib/stdio.c                          0x00000000   Number         0  ferror_locked.o ABSOLUTE
    ../clib/stdio.c                          0x00000000   Number         0  fopen_locked.o ABSOLUTE
    ../clib/stdio.c                          0x00000000   Number         0  flsbuf.o ABSOLUTE
    ../clib/stdio.c                          0x00000000   Number         0  fflush_locked.o ABSOLUTE
    ../clib/stdio.c                          0x00000000   Number         0  fclose.o ABSOLUTE
    ../clib/stdio.c                          0x00000000   Number         0  fflush.o ABSOLUTE
    ../clib/stdio.c                          0x00000000   Number         0  fputs.o ABSOLUTE
    ../clib/stdio.c                          0x00000000   Number         0  fseek.o ABSOLUTE
    ../clib/stdio.c                          0x00000000   Number         0  stdio.o ABSOLUTE
    ../clib/stdio.c                          0x00000000   Number         0  fwritefast.o ABSOLUTE
    ../clib/stdio.c                          0x00000000   Number         0  fwritefast_locked.o ABSOLUTE
    ../clib/stdio.c                          0x00000000   Number         0  initio_locked.o ABSOLUTE
    ../clib/stdio.c                          0x00000000   Number         0  ferror.o ABSOLUTE
    ../clib/stdio.c                          0x00000000   Number         0  stdio_streams.o ABSOLUTE
    ../clib/stdlib.c                         0x00000000   Number         0  exit.o ABSOLUTE
    ../clib/string.c                         0x00000000   Number         0  strcpy.o ABSOLUTE
    ../clib/string.c                         0x00000000   Number         0  strncmp.o ABSOLUTE
    ../clib/string.c                         0x00000000   Number         0  strrchr.o ABSOLUTE
    ../clib/string.c                         0x00000000   Number         0  strchr.o ABSOLUTE
    ../clib/string.c                         0x00000000   Number         0  strlen.o ABSOLUTE
    ../clib/wchar.c                          0x00000000   Number         0  flsbuf_fwide.o ABSOLUTE
    ../fplib/fpinit.s                        0x00000000   Number         0  fpinit.o ABSOLUTE
    RTE\Device\STM32F103C8\startup_stm32f10x_md.s 0x00000000   Number         0  startup_stm32f10x_md.o ABSOLUTE
    RTE\Device\STM32F103C8\system_stm32f10x.c 0x00000000   Number         0  system_stm32f10x.o ABSOLUTE
    RTE\\Device\\STM32F103C8\\system_stm32f10x.c 0x00000000   Number         0  system_stm32f10x.o ABSOLUTE
    RTE\uIP\psock.c                          0x00000000   Number         0  psock.o ABSOLUTE
    RTE\uIP\timer.c                          0x00000000   Number         0  timer.o ABSOLUTE
    RTE\uIP\uip-fw.c                         0x00000000   Number         0  uip-fw.o ABSOLUTE
    RTE\uIP\uip-neighbor.c                   0x00000000   Number         0  uip-neighbor.o ABSOLUTE
    RTE\uIP\uip-split.c                      0x00000000   Number         0  uip-split.o ABSOLUTE
    RTE\uIP\uip.c                            0x00000000   Number         0  uip.o ABSOLUTE
    RTE\uIP\uip_arp.c                        0x00000000   Number         0  uip_arp.o ABSOLUTE
    RTE\uIP\uiplib.c                         0x00000000   Number         0  uiplib.o ABSOLUTE
    SPI_driver.c                             0x00000000   Number         0  spi_driver.o ABSOLUTE
    SPI_driver.c                             0x00000000   Number         0  spi_driver.o ABSOLUTE
    clock-arch.c                             0x00000000   Number         0  clock-arch.o ABSOLUTE
    dc.s                                     0x00000000   Number         0  dc.o ABSOLUTE
    ds18b20\\ds18b20.c                       0x00000000   Number         0  ds18b20.o ABSOLUTE
    ds18b20\ds18b20.c                        0x00000000   Number         0  ds18b20.o ABSOLUTE
    enc28j60.c                               0x00000000   Number         0  enc28j60.o ABSOLUTE
    enc28j60.c                               0x00000000   Number         0  enc28j60.o ABSOLUTE
    main.c                                   0x00000000   Number         0  main.o ABSOLUTE
    main.c                                   0x00000000   Number         0  main.o ABSOLUTE
    webserver\http-strings.c                 0x00000000   Number         0  http-strings.o ABSOLUTE
    webserver\httpd-cgi.c                    0x00000000   Number         0  httpd-cgi.o ABSOLUTE
    webserver\httpd-fs.c                     0x00000000   Number         0  httpd-fs.o ABSOLUTE
    webserver\httpd.c                        0x00000000   Number         0  httpd.o ABSOLUTE
    RESET                                    0x08000000   Section      236  startup_stm32f10x_md.o(RESET)
    !!!main                                  0x080000ec   Section        8  __main.o(!!!main)
    !!!scatter                               0x080000f4   Section       52  __scatter.o(!!!scatter)
    !!handler_copy                           0x08000128   Section       26  __scatter_copy.o(!!handler_copy)
    !!handler_zi                             0x08000144   Section       28  __scatter_zi.o(!!handler_zi)
    .ARM.Collect$$_printf_percent$$00000000  0x08000160   Section        0  _printf_percent.o(.ARM.Collect$$_printf_percent$$00000000)
    .ARM.Collect$$_printf_percent$$00000009  0x08000160   Section        6  _printf_d.o(.ARM.Collect$$_printf_percent$$00000009)
    .ARM.Collect$$_printf_percent$$00000013  0x08000166   Section        6  _printf_c.o(.ARM.Collect$$_printf_percent$$00000013)
    .ARM.Collect$$_printf_percent$$00000017  0x0800016c   Section        4  _printf_percent_end.o(.ARM.Collect$$_printf_percent$$00000017)
    .ARM.Collect$$libinit$$00000000          0x08000170   Section        2  libinit.o(.ARM.Collect$$libinit$$00000000)
    .ARM.Collect$$libinit$$00000002          0x08000172   Section        0  libinit2.o(.ARM.Collect$$libinit$$00000002)
    .ARM.Collect$$libinit$$00000004          0x08000172   Section        0  libinit2.o(.ARM.Collect$$libinit$$00000004)
    .ARM.Collect$$libinit$$0000000A          0x08000172   Section        0  libinit2.o(.ARM.Collect$$libinit$$0000000A)
    .ARM.Collect$$libinit$$0000000C          0x08000172   Section        0  libinit2.o(.ARM.Collect$$libinit$$0000000C)
    .ARM.Collect$$libinit$$0000000E          0x08000172   Section        0  libinit2.o(.ARM.Collect$$libinit$$0000000E)
    .ARM.Collect$$libinit$$00000011          0x08000172   Section        0  libinit2.o(.ARM.Collect$$libinit$$00000011)
    .ARM.Collect$$libinit$$00000013          0x08000172   Section        0  libinit2.o(.ARM.Collect$$libinit$$00000013)
    .ARM.Collect$$libinit$$00000015          0x08000172   Section        0  libinit2.o(.ARM.Collect$$libinit$$00000015)
    .ARM.Collect$$libinit$$00000017          0x08000172   Section        0  libinit2.o(.ARM.Collect$$libinit$$00000017)
    .ARM.Collect$$libinit$$00000019          0x08000172   Section        0  libinit2.o(.ARM.Collect$$libinit$$00000019)
    .ARM.Collect$$libinit$$0000001B          0x08000172   Section        0  libinit2.o(.ARM.Collect$$libinit$$0000001B)
    .ARM.Collect$$libinit$$0000001D          0x08000172   Section        0  libinit2.o(.ARM.Collect$$libinit$$0000001D)
    .ARM.Collect$$libinit$$0000001F          0x08000172   Section        0  libinit2.o(.ARM.Collect$$libinit$$0000001F)
    .ARM.Collect$$libinit$$00000021          0x08000172   Section        0  libinit2.o(.ARM.Collect$$libinit$$00000021)
    .ARM.Collect$$libinit$$00000023          0x08000172   Section        0  libinit2.o(.ARM.Collect$$libinit$$00000023)
    .ARM.Collect$$libinit$$00000025          0x08000172   Section        0  libinit2.o(.ARM.Collect$$libinit$$00000025)
    .ARM.Collect$$libinit$$0000002C          0x08000172   Section        0  libinit2.o(.ARM.Collect$$libinit$$0000002C)
    .ARM.Collect$$libinit$$0000002E          0x08000172   Section        0  libinit2.o(.ARM.Collect$$libinit$$0000002E)
    .ARM.Collect$$libinit$$00000030          0x08000172   Section        0  libinit2.o(.ARM.Collect$$libinit$$00000030)
    .ARM.Collect$$libinit$$00000032          0x08000172   Section        0  libinit2.o(.ARM.Collect$$libinit$$00000032)
    .ARM.Collect$$libinit$$00000033          0x08000172   Section        2  libinit2.o(.ARM.Collect$$libinit$$00000033)
    .ARM.Collect$$libshutdown$$00000000      0x08000174   Section        2  libshutdown.o(.ARM.Collect$$libshutdown$$00000000)
    .ARM.Collect$$libshutdown$$00000002      0x08000176   Section        0  libshutdown2.o(.ARM.Collect$$libshutdown$$00000002)
    .ARM.Collect$$libshutdown$$00000004      0x08000176   Section        0  libshutdown2.o(.ARM.Collect$$libshutdown$$00000004)
    .ARM.Collect$$libshutdown$$00000007      0x08000176   Section        0  libshutdown2.o(.ARM.Collect$$libshutdown$$00000007)
    .ARM.Collect$$libshutdown$$0000000A      0x08000176   Section        0  libshutdown2.o(.ARM.Collect$$libshutdown$$0000000A)
    .ARM.Collect$$libshutdown$$0000000C      0x08000176   Section        0  libshutdown2.o(.ARM.Collect$$libshutdown$$0000000C)
    .ARM.Collect$$libshutdown$$0000000F      0x08000176   Section        0  libshutdown2.o(.ARM.Collect$$libshutdown$$0000000F)
    .ARM.Collect$$libshutdown$$00000010      0x08000176   Section        2  libshutdown2.o(.ARM.Collect$$libshutdown$$00000010)
    .ARM.Collect$$rtentry$$00000000          0x08000178   Section        0  __rtentry.o(.ARM.Collect$$rtentry$$00000000)
    .ARM.Collect$$rtentry$$00000002          0x08000178   Section        0  __rtentry2.o(.ARM.Collect$$rtentry$$00000002)
    .ARM.Collect$$rtentry$$00000004          0x08000178   Section        6  __rtentry4.o(.ARM.Collect$$rtentry$$00000004)
    .ARM.Collect$$rtentry$$00000009          0x0800017e   Section        0  __rtentry2.o(.ARM.Collect$$rtentry$$00000009)
    .ARM.Collect$$rtentry$$0000000A          0x0800017e   Section        4  __rtentry2.o(.ARM.Collect$$rtentry$$0000000A)
    .ARM.Collect$$rtentry$$0000000C          0x08000182   Section        0  __rtentry2.o(.ARM.Collect$$rtentry$$0000000C)
    .ARM.Collect$$rtentry$$0000000D          0x08000182   Section        8  __rtentry2.o(.ARM.Collect$$rtentry$$0000000D)
    .ARM.Collect$$rtexit$$00000000           0x0800018a   Section        2  rtexit.o(.ARM.Collect$$rtexit$$00000000)
    .ARM.Collect$$rtexit$$00000002           0x0800018c   Section        0  rtexit2.o(.ARM.Collect$$rtexit$$00000002)
    .ARM.Collect$$rtexit$$00000003           0x0800018c   Section        4  rtexit2.o(.ARM.Collect$$rtexit$$00000003)
    .ARM.Collect$$rtexit$$00000004           0x08000190   Section        6  rtexit2.o(.ARM.Collect$$rtexit$$00000004)
    .text                                    0x08000198   Section       64  startup_stm32f10x_md.o(.text)
    .text                                    0x080001d8   Section        0  __2snprintf.o(.text)
    .text                                    0x08000210   Section        0  _printf_str.o(.text)
    .text                                    0x08000264   Section        0  _printf_dec.o(.text)
    .text                                    0x080002dc   Section        0  __printf_flags_wp.o(.text)
    .text                                    0x08000414   Section        0  strchr.o(.text)
    .text                                    0x08000428   Section        0  strcpy.o(.text)
    .text                                    0x08000470   Section        0  strrchr.o(.text)
    .text                                    0x08000486   Section        0  strlen.o(.text)
    .text                                    0x080004c4   Section        0  strncmp.o(.text)
    .text                                    0x0800055a   Section      138  rt_memcpy_v6.o(.text)
    .text                                    0x080005e4   Section       16  aeabi_memset.o(.text)
    .text                                    0x080005f4   Section       86  strncpy.o(.text)
    .text                                    0x0800064a   Section        0  heapauxi.o(.text)
    .text                                    0x08000650   Section        0  _printf_intcommon.o(.text)
    .text                                    0x08000704   Section        0  _printf_char_common.o(.text)
    _printf_input_char                       0x08000705   Thumb Code    10  _printf_char_common.o(.text)
    .text                                    0x08000734   Section        0  _sputc.o(.text)
    .text                                    0x0800073e   Section        0  _snputc.o(.text)
    .text                                    0x0800074e   Section        0  _printf_char.o(.text)
    .text                                    0x0800077a   Section      100  rt_memcpy_w.o(.text)
    .text                                    0x080007de   Section       68  rt_memclr.o(.text)
    .text                                    0x08000822   Section       78  rt_memclr_w.o(.text)
    .text                                    0x08000870   Section       74  sys_stackheap_outer.o(.text)
    .text                                    0x080008ba   Section        0  exit.o(.text)
    .text                                    0x080008cc   Section        8  libspace.o(.text)
    .text                                    0x080008d4   Section        2  use_no_semi.o(.text)
    .text                                    0x080008d6   Section        0  indicate_semi.o(.text)
    .text                                    0x080008d8   Section        0  sys_exit.o(.text)
    i.PortB_Init                             0x080008e4   Section        0  main.o(i.PortB_Init)
    i.PortC_Init                             0x08000910   Section        0  main.o(i.PortC_Init)
    i.SPI2_Init                              0x08000934   Section        0  spi_driver.o(i.SPI2_Init)
    i.SPI2_Receive                           0x08000a18   Section        0  spi_driver.o(i.SPI2_Receive)
    i.SPI2_Transmit                          0x08000a34   Section        0  spi_driver.o(i.SPI2_Transmit)
    i.SetSysClock                            0x08000a50   Section        0  system_stm32f10x.o(i.SetSysClock)
    SetSysClock                              0x08000a51   Thumb Code     8  system_stm32f10x.o(i.SetSysClock)
    i.SetSysClockTo72                        0x08000a58   Section        0  system_stm32f10x.o(i.SetSysClockTo72)
    SetSysClockTo72                          0x08000a59   Thumb Code   214  system_stm32f10x.o(i.SetSysClockTo72)
    i.SystemInit                             0x08000b38   Section        0  system_stm32f10x.o(i.SystemInit)
    i._is_digit                              0x08000b98   Section        0  __printf_wp.o(i._is_digit)
    i.buf_bufto                              0x08000ba6   Section        0  psock.o(i.buf_bufto)
    buf_bufto                                0x08000ba7   Thumb Code   102  psock.o(i.buf_bufto)
    i.buf_setup                              0x08000c0c   Section        0  psock.o(i.buf_setup)
    buf_setup                                0x08000c0d   Thumb Code     6  psock.o(i.buf_setup)
    i.chksum                                 0x08000c12   Section        0  uip.o(i.chksum)
    chksum                                   0x08000c13   Thumb Code    70  uip.o(i.chksum)
    i.data_acked                             0x08000c58   Section        0  psock.o(i.data_acked)
    data_acked                               0x08000c59   Thumb Code    82  psock.o(i.data_acked)
    i.ds18b20_GetTempFloat                   0x08000cb4   Section        0  ds18b20.o(i.ds18b20_GetTempFloat)
    i.ds18b20_GetTempInteger                 0x08000cec   Section        0  ds18b20.o(i.ds18b20_GetTempInteger)
    i.ds18b20_GetTempSign                    0x08000d2c   Section        0  ds18b20.o(i.ds18b20_GetTempSign)
    i.ds18b20_GetTemperature                 0x08000d44   Section        0  ds18b20.o(i.ds18b20_GetTemperature)
    i.ds18b20_ReadResponse                   0x08000db4   Section        0  ds18b20.o(i.ds18b20_ReadResponse)
    i.ds18b20_SendCommand                    0x08000dd2   Section        0  ds18b20.o(i.ds18b20_SendCommand)
    i.ds18b20_readBit                        0x08000df8   Section        0  ds18b20.o(i.ds18b20_readBit)
    i.ds18b20_reset                          0x08000e88   Section        0  ds18b20.o(i.ds18b20_reset)
    i.ds18b20_slavePresent                   0x08000ec0   Section        0  ds18b20.o(i.ds18b20_slavePresent)
    i.ds18b20_write0                         0x08000f1c   Section        0  ds18b20.o(i.ds18b20_write0)
    i.ds18b20_write1                         0x08000f54   Section        0  ds18b20.o(i.ds18b20_write1)
    i.enc28j60_bfc                           0x08000f94   Section        0  enc28j60.o(i.enc28j60_bfc)
    i.enc28j60_bfs                           0x08000fac   Section        0  enc28j60.o(i.enc28j60_bfs)
    i.enc28j60_init                          0x08000fc4   Section        0  enc28j60.o(i.enc28j60_init)
    i.enc28j60_rcr                           0x080010bc   Section        0  enc28j60.o(i.enc28j60_rcr)
    i.enc28j60_rcr16                         0x080010d0   Section        0  enc28j60.o(i.enc28j60_rcr16)
    i.enc28j60_read_buffer                   0x080010f4   Section        0  enc28j60.o(i.enc28j60_read_buffer)
    i.enc28j60_read_op                       0x08001148   Section        0  enc28j60.o(i.enc28j60_read_op)
    i.enc28j60_recv_packet                   0x080011a0   Section        0  enc28j60.o(i.enc28j60_recv_packet)
    i.enc28j60_rxtx                          0x08001218   Section        0  enc28j60.o(i.enc28j60_rxtx)
    i.enc28j60_send_packet                   0x08001234   Section        0  enc28j60.o(i.enc28j60_send_packet)
    i.enc28j60_set_bank                      0x080012a4   Section        0  enc28j60.o(i.enc28j60_set_bank)
    i.enc28j60_soft_reset                    0x080012dc   Section        0  enc28j60.o(i.enc28j60_soft_reset)
    i.enc28j60_wcr                           0x08001340   Section        0  enc28j60.o(i.enc28j60_wcr)
    i.enc28j60_wcr16                         0x08001358   Section        0  enc28j60.o(i.enc28j60_wcr16)
    i.enc28j60_write_buffer                  0x0800137c   Section        0  enc28j60.o(i.enc28j60_write_buffer)
    i.enc28j60_write_op                      0x080013cc   Section        0  enc28j60.o(i.enc28j60_write_op)
    i.enc28j60_write_phy                     0x08001418   Section        0  enc28j60.o(i.enc28j60_write_phy)
    i.generate_part_of_file                  0x08001440   Section        0  httpd.o(i.generate_part_of_file)
    generate_part_of_file                    0x08001441   Thumb Code    62  httpd.o(i.generate_part_of_file)
    i.getRoomTemperature                     0x08001488   Section        0  httpd-cgi.o(i.getRoomTemperature)
    getRoomTemperature                       0x08001489   Thumb Code    56  httpd-cgi.o(i.getRoomTemperature)
    i.get_temperature                        0x080014c4   Section        0  httpd-cgi.o(i.get_temperature)
    get_temperature                          0x080014c5   Thumb Code    64  httpd-cgi.o(i.get_temperature)
    i.handle_connection                      0x08001514   Section        0  httpd.o(i.handle_connection)
    handle_connection                        0x08001515   Thumb Code    26  httpd.o(i.handle_connection)
    i.handle_input                           0x08001530   Section        0  httpd.o(i.handle_input)
    handle_input                             0x08001531   Thumb Code   260  httpd.o(i.handle_input)
    i.handle_output                          0x08001644   Section        0  httpd.o(i.handle_output)
    handle_output                            0x08001645   Thumb Code   246  httpd.o(i.handle_output)
    i.handle_script                          0x08001750   Section        0  httpd.o(i.handle_script)
    handle_script                            0x08001751   Thumb Code   376  httpd.o(i.handle_script)
    i.htons                                  0x080018cc   Section        0  uip.o(i.htons)
    i.httpd_appcall                          0x080018d8   Section        0  httpd.o(i.httpd_appcall)
    i.httpd_cgi                              0x0800197c   Section        0  httpd-cgi.o(i.httpd_cgi)
    i.httpd_fs_open                          0x080019b8   Section        0  httpd-fs.o(i.httpd_fs_open)
    i.httpd_fs_strcmp                        0x08001a04   Section        0  httpd-fs.o(i.httpd_fs_strcmp)
    httpd_fs_strcmp                          0x08001a05   Thumb Code    48  httpd-fs.o(i.httpd_fs_strcmp)
    i.httpd_init                             0x08001a34   Section        0  httpd.o(i.httpd_init)
    i.main                                   0x08001a40   Section        0  main.o(i.main)
    i.next_scriptstate                       0x08001b30   Section        0  httpd.o(i.next_scriptstate)
    next_scriptstate                         0x08001b31   Thumb Code    34  httpd.o(i.next_scriptstate)
    i.nullfunction                           0x08001b52   Section        0  httpd-cgi.o(i.nullfunction)
    nullfunction                             0x08001b53   Thumb Code    24  httpd-cgi.o(i.nullfunction)
    i.psock_datalen                          0x08001b6a   Section        0  psock.o(i.psock_datalen)
    i.psock_generator_send                   0x08001b78   Section        0  psock.o(i.psock_generator_send)
    i.psock_init                             0x08001c04   Section        0  psock.o(i.psock_init)
    i.psock_newdata                          0x08001c2c   Section        0  psock.o(i.psock_newdata)
    i.psock_readto                           0x08001c60   Section        0  psock.o(i.psock_readto)
    i.psock_send                             0x08001cf4   Section        0  psock.o(i.psock_send)
    i.send_data                              0x08001d60   Section        0  psock.o(i.send_data)
    send_data                                0x08001d61   Thumb Code    70  psock.o(i.send_data)
    i.send_file                              0x08001db0   Section        0  httpd.o(i.send_file)
    send_file                                0x08001db1   Thumb Code    90  httpd.o(i.send_file)
    i.send_headers                           0x08001e10   Section        0  httpd.o(i.send_headers)
    send_headers                             0x08001e11   Thumb Code   442  httpd.o(i.send_headers)
    i.send_part_of_file                      0x08002000   Section        0  httpd.o(i.send_part_of_file)
    send_part_of_file                        0x08002001   Thumb Code    58  httpd.o(i.send_part_of_file)
    i.uip_add32                              0x0800203c   Section        0  uip.o(i.uip_add32)
    i.uip_add_rcv_nxt                        0x080020ac   Section        0  uip.o(i.uip_add_rcv_nxt)
    uip_add_rcv_nxt                          0x080020ad   Thumb Code    58  uip.o(i.uip_add_rcv_nxt)
    i.uip_arp_arpin                          0x080020f0   Section        0  uip_arp.o(i.uip_arp_arpin)
    i.uip_arp_init                           0x080021d8   Section        0  uip_arp.o(i.uip_arp_init)
    i.uip_arp_out                            0x08002210   Section        0  uip_arp.o(i.uip_arp_out)
    i.uip_arp_timer                          0x080023b0   Section        0  uip_arp.o(i.uip_arp_timer)
    i.uip_arp_update                         0x08002408   Section        0  uip_arp.o(i.uip_arp_update)
    uip_arp_update                           0x08002409   Thumb Code   272  uip_arp.o(i.uip_arp_update)
    i.uip_init                               0x0800252c   Section        0  uip.o(i.uip_init)
    i.uip_ipchksum                           0x0800259c   Section        0  uip.o(i.uip_ipchksum)
    i.uip_listen                             0x080025c0   Section        0  uip.o(i.uip_listen)
    i.uip_log                                0x08002600   Section        0  uip.o(i.uip_log)
    i.uip_process                            0x08002604   Section        0  uip.o(i.uip_process)
    i.uip_send                               0x080035c0   Section        0  uip.o(i.uip_send)
    i.uip_tcpchksum                          0x080035f0   Section        0  uip.o(i.uip_tcpchksum)
    i.upper_layer_chksum                     0x080035fc   Section        0  uip.o(i.upper_layer_chksum)
    upper_layer_chksum                       0x080035fd   Thumb Code    66  uip.o(i.upper_layer_chksum)
    i.vTask_uIP                              0x08003644   Section        0  main.o(i.vTask_uIP)
    i.vTask_uIP_periodic                     0x080036bc   Section        0  main.o(i.vTask_uIP_periodic)
    .constdata                               0x0800372c   Section        6  main.o(.constdata)
    .constdata                               0x08003732   Section        8  uip.o(.constdata)
    all_ones_addr                            0x08003732   Data           4  uip.o(.constdata)
    all_zeroes_addr                          0x08003736   Data           4  uip.o(.constdata)
    .constdata                               0x0800373a   Section       10  uip_arp.o(.constdata)
    broadcast_ethaddr                        0x0800373a   Data           6  uip_arp.o(.constdata)
    broadcast_ipaddr                         0x08003740   Data           4  uip_arp.o(.constdata)
    .constdata                               0x08003744   Section       94  httpd-cgi.o(.constdata)
    temperature                              0x08003744   Data           8  httpd-cgi.o(.constdata)
    closed                                   0x0800374c   Data           7  httpd-cgi.o(.constdata)
    syn_rcvd                                 0x08003753   Data           9  httpd-cgi.o(.constdata)
    syn_sent                                 0x0800375c   Data           9  httpd-cgi.o(.constdata)
    established                              0x08003765   Data          12  httpd-cgi.o(.constdata)
    fin_wait_1                               0x08003771   Data          11  httpd-cgi.o(.constdata)
    fin_wait_2                               0x0800377c   Data          11  httpd-cgi.o(.constdata)
    closing                                  0x08003787   Data           8  httpd-cgi.o(.constdata)
    time_wait                                0x0800378f   Data          10  httpd-cgi.o(.constdata)
    last_ack                                 0x08003799   Data           9  httpd-cgi.o(.constdata)
    .constdata                               0x080037a4   Section     2020  httpd-fs.o(.constdata)
    data_index_html                          0x080037a4   Data         746  httpd-fs.o(.constdata)
    data_style_css                           0x08003a8e   Data        1026  httpd-fs.o(.constdata)
    data_test_function_shtml                 0x08003e90   Data         187  httpd-fs.o(.constdata)
    .constdata                               0x08003f88   Section      586  http-strings.o(.constdata)
    .constdata                               0x080041d2   Section       17  __printf_flags_wp.o(.constdata)
    maptable                                 0x080041d2   Data          17  __printf_flags_wp.o(.constdata)
    .conststring                             0x080041e4   Section       16  httpd-cgi.o(.conststring)
    .data                                    0x20000000   Section        4  enc28j60.o(.data)
    .data                                    0x20000004   Section       56  uip.o(.data)
    ipid                                     0x2000002c   Data           2  uip.o(.data)
    iss                                      0x2000002e   Data           4  uip.o(.data)
    lastport                                 0x20000032   Data           2  uip.o(.data)
    c                                        0x20000038   Data           1  uip.o(.data)
    opt                                      0x20000039   Data           1  uip.o(.data)
    tmp16                                    0x2000003a   Data           2  uip.o(.data)
    .data                                    0x2000003c   Section        8  uip_arp.o(.data)
    ipaddr                                   0x2000003c   Data           4  uip_arp.o(.data)
    i                                        0x20000040   Data           1  uip_arp.o(.data)
    c                                        0x20000041   Data           1  uip_arp.o(.data)
    arptime                                  0x20000042   Data           1  uip_arp.o(.data)
    tmpage                                   0x20000043   Data           1  uip_arp.o(.data)
    .data                                    0x20000044   Section       44  httpd-cgi.o(.data)
    calls                                    0x20000044   Data           8  httpd-cgi.o(.data)
    states                                   0x2000004c   Data          36  httpd-cgi.o(.data)
    .data                                    0x20000070   Section        6  httpd-fs.o(.data)
    count                                    0x20000070   Data           6  httpd-fs.o(.data)
    .bss                                     0x20000078   Section     8708  uip.o(.bss)
    .bss                                     0x2000227c   Section       96  uip_arp.o(.bss)
    arp_table                                0x2000227c   Data          96  uip_arp.o(.bss)
    .bss                                     0x200022dc   Section       96  libspace.o(.bss)
    HEAP                                     0x20002340   Section      512  startup_stm32f10x_md.o(HEAP)
    Heap_Mem                                 0x20002340   Data         512  startup_stm32f10x_md.o(HEAP)
    STACK                                    0x20002540   Section     1024  startup_stm32f10x_md.o(STACK)
    Stack_Mem                                0x20002540   Data        1024  startup_stm32f10x_md.o(STACK)
    __initial_sp                             0x20002940   Data           0  startup_stm32f10x_md.o(STACK)

    Global Symbols

    Symbol Name                              Value     Ov Type        Size  Object(Section)

    BuildAttributes$$THM_ISAv4$P$D$K$B$S$PE$A:L22UL41UL21$X:L11$S22US41US21$IEEE1$IW$USESV6$~STKCKD$USESV7$~SHL$OTIME$ROPI$EBA8$UX$STANDARDLIB$REQ8$PRES8$EABIv2 0x00000000   Number         0  anon$$obj.o ABSOLUTE
    __ARM_use_no_argv                        0x00000000   Number         0  main.o ABSOLUTE
    _printf_flags                            0x00000000   Number         0  printf_stubs.o ABSOLUTE
    _printf_return_value                     0x00000000   Number         0  printf_stubs.o ABSOLUTE
    _printf_sizespec                         0x00000000   Number         0  printf_stubs.o ABSOLUTE
    _printf_widthprec                        0x00000000   Number         0  printf_stubs.o ABSOLUTE
    __ARM_exceptions_init                     - Undefined Weak Reference
    __alloca_initialize                       - Undefined Weak Reference
    __arm_preinit_                            - Undefined Weak Reference
    __cpp_initialize__aeabi_                  - Undefined Weak Reference
    __cxa_finalize                            - Undefined Weak Reference
    __rt_locale                               - Undefined Weak Reference
    __sigvec_lookup                           - Undefined Weak Reference
    __user_heap_extent                        - Undefined Weak Reference
    _atexit_init                              - Undefined Weak Reference
    _call_atexit_fns                          - Undefined Weak Reference
    _clock_init                               - Undefined Weak Reference
    _fp_trap_init                             - Undefined Weak Reference
    _fp_trap_shutdown                         - Undefined Weak Reference
    _get_lc_collate                           - Undefined Weak Reference
    _get_lc_ctype                             - Undefined Weak Reference
    _get_lc_monetary                          - Undefined Weak Reference
    _get_lc_numeric                           - Undefined Weak Reference
    _get_lc_time                              - Undefined Weak Reference
    _getenv_init                              - Undefined Weak Reference
    _handle_redirection                       - Undefined Weak Reference
    _mutex_acquire                            - Undefined Weak Reference
    _mutex_free                               - Undefined Weak Reference
    _mutex_release                            - Undefined Weak Reference
    _printf_mbtowc                            - Undefined Weak Reference
    _printf_truncate_signed                   - Undefined Weak Reference
    _printf_truncate_unsigned                 - Undefined Weak Reference
    _rand_init                                - Undefined Weak Reference
    _signal_finish                            - Undefined Weak Reference
    _signal_init                              - Undefined Weak Reference
    __Vectors_Size                           0x000000ec   Number         0  startup_stm32f10x_md.o ABSOLUTE
    __Vectors                                0x08000000   Data           4  startup_stm32f10x_md.o(RESET)
    __Vectors_End                            0x080000ec   Data           0  startup_stm32f10x_md.o(RESET)
    __main                                   0x080000ed   Thumb Code     8  __main.o(!!!main)
    __scatterload                            0x080000f5   Thumb Code     0  __scatter.o(!!!scatter)
    __scatterload_rt2                        0x080000f5   Thumb Code    44  __scatter.o(!!!scatter)
    __scatterload_rt2_thumb_only             0x080000f5   Thumb Code     0  __scatter.o(!!!scatter)
    __scatterload_null                       0x08000103   Thumb Code     0  __scatter.o(!!!scatter)
    __scatterload_copy                       0x08000129   Thumb Code    26  __scatter_copy.o(!!handler_copy)
    __scatterload_zeroinit                   0x08000145   Thumb Code    28  __scatter_zi.o(!!handler_zi)
    _printf_d                                0x08000161   Thumb Code     0  _printf_d.o(.ARM.Collect$$_printf_percent$$00000009)
    _printf_percent                          0x08000161   Thumb Code     0  _printf_percent.o(.ARM.Collect$$_printf_percent$$00000000)
    _printf_c                                0x08000167   Thumb Code     0  _printf_c.o(.ARM.Collect$$_printf_percent$$00000013)
    _printf_percent_end                      0x0800016d   Thumb Code     0  _printf_percent_end.o(.ARM.Collect$$_printf_percent$$00000017)
    __rt_lib_init                            0x08000171   Thumb Code     0  libinit.o(.ARM.Collect$$libinit$$00000000)
    __rt_lib_init_alloca_1                   0x08000173   Thumb Code     0  libinit2.o(.ARM.Collect$$libinit$$0000002E)
    __rt_lib_init_argv_1                     0x08000173   Thumb Code     0  libinit2.o(.ARM.Collect$$libinit$$0000002C)
    __rt_lib_init_atexit_1                   0x08000173   Thumb Code     0  libinit2.o(.ARM.Collect$$libinit$$0000001B)
    __rt_lib_init_clock_1                    0x08000173   Thumb Code     0  libinit2.o(.ARM.Collect$$libinit$$00000021)
    __rt_lib_init_cpp_1                      0x08000173   Thumb Code     0  libinit2.o(.ARM.Collect$$libinit$$00000032)
    __rt_lib_init_exceptions_1               0x08000173   Thumb Code     0  libinit2.o(.ARM.Collect$$libinit$$00000030)
    __rt_lib_init_fp_1                       0x08000173   Thumb Code     0  libinit2.o(.ARM.Collect$$libinit$$00000002)
    __rt_lib_init_fp_trap_1                  0x08000173   Thumb Code     0  libinit2.o(.ARM.Collect$$libinit$$0000001F)
    __rt_lib_init_getenv_1                   0x08000173   Thumb Code     0  libinit2.o(.ARM.Collect$$libinit$$00000023)
    __rt_lib_init_heap_1                     0x08000173   Thumb Code     0  libinit2.o(.ARM.Collect$$libinit$$0000000A)
    __rt_lib_init_lc_collate_1               0x08000173   Thumb Code     0  libinit2.o(.ARM.Collect$$libinit$$00000011)
    __rt_lib_init_lc_ctype_1                 0x08000173   Thumb Code     0  libinit2.o(.ARM.Collect$$libinit$$00000013)
    __rt_lib_init_lc_monetary_1              0x08000173   Thumb Code     0  libinit2.o(.ARM.Collect$$libinit$$00000015)
    __rt_lib_init_lc_numeric_1               0x08000173   Thumb Code     0  libinit2.o(.ARM.Collect$$libinit$$00000017)
    __rt_lib_init_lc_time_1                  0x08000173   Thumb Code     0  libinit2.o(.ARM.Collect$$libinit$$00000019)
    __rt_lib_init_preinit_1                  0x08000173   Thumb Code     0  libinit2.o(.ARM.Collect$$libinit$$00000004)
    __rt_lib_init_rand_1                     0x08000173   Thumb Code     0  libinit2.o(.ARM.Collect$$libinit$$0000000E)
    __rt_lib_init_return                     0x08000173   Thumb Code     0  libinit2.o(.ARM.Collect$$libinit$$00000033)
    __rt_lib_init_signal_1                   0x08000173   Thumb Code     0  libinit2.o(.ARM.Collect$$libinit$$0000001D)
    __rt_lib_init_stdio_1                    0x08000173   Thumb Code     0  libinit2.o(.ARM.Collect$$libinit$$00000025)
    __rt_lib_init_user_alloc_1               0x08000173   Thumb Code     0  libinit2.o(.ARM.Collect$$libinit$$0000000C)
    __rt_lib_shutdown                        0x08000175   Thumb Code     0  libshutdown.o(.ARM.Collect$$libshutdown$$00000000)
    __rt_lib_shutdown_cpp_1                  0x08000177   Thumb Code     0  libshutdown2.o(.ARM.Collect$$libshutdown$$00000002)
    __rt_lib_shutdown_fp_trap_1              0x08000177   Thumb Code     0  libshutdown2.o(.ARM.Collect$$libshutdown$$00000007)
    __rt_lib_shutdown_heap_1                 0x08000177   Thumb Code     0  libshutdown2.o(.ARM.Collect$$libshutdown$$0000000F)
    __rt_lib_shutdown_return                 0x08000177   Thumb Code     0  libshutdown2.o(.ARM.Collect$$libshutdown$$00000010)
    __rt_lib_shutdown_signal_1               0x08000177   Thumb Code     0  libshutdown2.o(.ARM.Collect$$libshutdown$$0000000A)
    __rt_lib_shutdown_stdio_1                0x08000177   Thumb Code     0  libshutdown2.o(.ARM.Collect$$libshutdown$$00000004)
    __rt_lib_shutdown_user_alloc_1           0x08000177   Thumb Code     0  libshutdown2.o(.ARM.Collect$$libshutdown$$0000000C)
    __rt_entry                               0x08000179   Thumb Code     0  __rtentry.o(.ARM.Collect$$rtentry$$00000000)
    __rt_entry_presh_1                       0x08000179   Thumb Code     0  __rtentry2.o(.ARM.Collect$$rtentry$$00000002)
    __rt_entry_sh                            0x08000179   Thumb Code     0  __rtentry4.o(.ARM.Collect$$rtentry$$00000004)
    __rt_entry_li                            0x0800017f   Thumb Code     0  __rtentry2.o(.ARM.Collect$$rtentry$$0000000A)
    __rt_entry_postsh_1                      0x0800017f   Thumb Code     0  __rtentry2.o(.ARM.Collect$$rtentry$$00000009)
    __rt_entry_main                          0x08000183   Thumb Code     0  __rtentry2.o(.ARM.Collect$$rtentry$$0000000D)
    __rt_entry_postli_1                      0x08000183   Thumb Code     0  __rtentry2.o(.ARM.Collect$$rtentry$$0000000C)
    __rt_exit                                0x0800018b   Thumb Code     0  rtexit.o(.ARM.Collect$$rtexit$$00000000)
    __rt_exit_ls                             0x0800018d   Thumb Code     0  rtexit2.o(.ARM.Collect$$rtexit$$00000003)
    __rt_exit_prels_1                        0x0800018d   Thumb Code     0  rtexit2.o(.ARM.Collect$$rtexit$$00000002)
    __rt_exit_exit                           0x08000191   Thumb Code     0  rtexit2.o(.ARM.Collect$$rtexit$$00000004)
    Reset_Handler                            0x08000199   Thumb Code     8  startup_stm32f10x_md.o(.text)
    NMI_Handler                              0x080001a1   Thumb Code     2  startup_stm32f10x_md.o(.text)
    HardFault_Handler                        0x080001a3   Thumb Code     2  startup_stm32f10x_md.o(.text)
    MemManage_Handler                        0x080001a5   Thumb Code     2  startup_stm32f10x_md.o(.text)
    BusFault_Handler                         0x080001a7   Thumb Code     2  startup_stm32f10x_md.o(.text)
    UsageFault_Handler                       0x080001a9   Thumb Code     2  startup_stm32f10x_md.o(.text)
    SVC_Handler                              0x080001ab   Thumb Code     2  startup_stm32f10x_md.o(.text)
    DebugMon_Handler                         0x080001ad   Thumb Code     2  startup_stm32f10x_md.o(.text)
    PendSV_Handler                           0x080001af   Thumb Code     2  startup_stm32f10x_md.o(.text)
    SysTick_Handler                          0x080001b1   Thumb Code     2  startup_stm32f10x_md.o(.text)
    ADC1_2_IRQHandler                        0x080001b3   Thumb Code     0  startup_stm32f10x_md.o(.text)
    CAN1_RX1_IRQHandler                      0x080001b3   Thumb Code     0  startup_stm32f10x_md.o(.text)
    CAN1_SCE_IRQHandler                      0x080001b3   Thumb Code     0  startup_stm32f10x_md.o(.text)
    DMA1_Channel1_IRQHandler                 0x080001b3   Thumb Code     0  startup_stm32f10x_md.o(.text)
    DMA1_Channel2_IRQHandler                 0x080001b3   Thumb Code     0  startup_stm32f10x_md.o(.text)
    DMA1_Channel3_IRQHandler                 0x080001b3   Thumb Code     0  startup_stm32f10x_md.o(.text)
    DMA1_Channel4_IRQHandler                 0x080001b3   Thumb Code     0  startup_stm32f10x_md.o(.text)
    DMA1_Channel5_IRQHandler                 0x080001b3   Thumb Code     0  startup_stm32f10x_md.o(.text)
    DMA1_Channel6_IRQHandler                 0x080001b3   Thumb Code     0  startup_stm32f10x_md.o(.text)
    DMA1_Channel7_IRQHandler                 0x080001b3   Thumb Code     0  startup_stm32f10x_md.o(.text)
    EXTI0_IRQHandler                         0x080001b3   Thumb Code     0  startup_stm32f10x_md.o(.text)
    EXTI15_10_IRQHandler                     0x080001b3   Thumb Code     0  startup_stm32f10x_md.o(.text)
    EXTI1_IRQHandler                         0x080001b3   Thumb Code     0  startup_stm32f10x_md.o(.text)
    EXTI2_IRQHandler                         0x080001b3   Thumb Code     0  startup_stm32f10x_md.o(.text)
    EXTI3_IRQHandler                         0x080001b3   Thumb Code     0  startup_stm32f10x_md.o(.text)
    EXTI4_IRQHandler                         0x080001b3   Thumb Code     0  startup_stm32f10x_md.o(.text)
    EXTI9_5_IRQHandler                       0x080001b3   Thumb Code     0  startup_stm32f10x_md.o(.text)
    FLASH_IRQHandler                         0x080001b3   Thumb Code     0  startup_stm32f10x_md.o(.text)
    I2C1_ER_IRQHandler                       0x080001b3   Thumb Code     0  startup_stm32f10x_md.o(.text)
    I2C1_EV_IRQHandler                       0x080001b3   Thumb Code     0  startup_stm32f10x_md.o(.text)
    I2C2_ER_IRQHandler                       0x080001b3   Thumb Code     0  startup_stm32f10x_md.o(.text)
    I2C2_EV_IRQHandler                       0x080001b3   Thumb Code     0  startup_stm32f10x_md.o(.text)
    PVD_IRQHandler                           0x080001b3   Thumb Code     0  startup_stm32f10x_md.o(.text)
    RCC_IRQHandler                           0x080001b3   Thumb Code     0  startup_stm32f10x_md.o(.text)
    RTCAlarm_IRQHandler                      0x080001b3   Thumb Code     0  startup_stm32f10x_md.o(.text)
    RTC_IRQHandler                           0x080001b3   Thumb Code     0  startup_stm32f10x_md.o(.text)
    SPI1_IRQHandler                          0x080001b3   Thumb Code     0  startup_stm32f10x_md.o(.text)
    SPI2_IRQHandler                          0x080001b3   Thumb Code     0  startup_stm32f10x_md.o(.text)
    TAMPER_IRQHandler                        0x080001b3   Thumb Code     0  startup_stm32f10x_md.o(.text)
    TIM1_BRK_IRQHandler                      0x080001b3   Thumb Code     0  startup_stm32f10x_md.o(.text)
    TIM1_CC_IRQHandler                       0x080001b3   Thumb Code     0  startup_stm32f10x_md.o(.text)
    TIM1_TRG_COM_IRQHandler                  0x080001b3   Thumb Code     0  startup_stm32f10x_md.o(.text)
    TIM1_UP_IRQHandler                       0x080001b3   Thumb Code     0  startup_stm32f10x_md.o(.text)
    TIM2_IRQHandler                          0x080001b3   Thumb Code     0  startup_stm32f10x_md.o(.text)
    TIM3_IRQHandler                          0x080001b3   Thumb Code     0  startup_stm32f10x_md.o(.text)
    TIM4_IRQHandler                          0x080001b3   Thumb Code     0  startup_stm32f10x_md.o(.text)
    USART1_IRQHandler                        0x080001b3   Thumb Code     0  startup_stm32f10x_md.o(.text)
    USART2_IRQHandler                        0x080001b3   Thumb Code     0  startup_stm32f10x_md.o(.text)
    USART3_IRQHandler                        0x080001b3   Thumb Code     0  startup_stm32f10x_md.o(.text)
    USBWakeUp_IRQHandler                     0x080001b3   Thumb Code     0  startup_stm32f10x_md.o(.text)
    USB_HP_CAN1_TX_IRQHandler                0x080001b3   Thumb Code     0  startup_stm32f10x_md.o(.text)
    USB_LP_CAN1_RX0_IRQHandler               0x080001b3   Thumb Code     0  startup_stm32f10x_md.o(.text)
    WWDG_IRQHandler                          0x080001b3   Thumb Code     0  startup_stm32f10x_md.o(.text)
    __user_initial_stackheap                 0x080001b5   Thumb Code     0  startup_stm32f10x_md.o(.text)
    __2snprintf                              0x080001d9   Thumb Code    50  __2snprintf.o(.text)
    _printf_str                              0x08000211   Thumb Code    82  _printf_str.o(.text)
    _printf_int_dec                          0x08000265   Thumb Code   104  _printf_dec.o(.text)
    __printf                                 0x080002dd   Thumb Code   308  __printf_flags_wp.o(.text)
    strchr                                   0x08000415   Thumb Code    20  strchr.o(.text)
    strcpy                                   0x08000429   Thumb Code    72  strcpy.o(.text)
    strrchr                                  0x08000471   Thumb Code    22  strrchr.o(.text)
    strlen                                   0x08000487   Thumb Code    62  strlen.o(.text)
    strncmp                                  0x080004c5   Thumb Code   150  strncmp.o(.text)
    __aeabi_memcpy                           0x0800055b   Thumb Code     0  rt_memcpy_v6.o(.text)
    __rt_memcpy                              0x0800055b   Thumb Code   138  rt_memcpy_v6.o(.text)
    _memcpy_lastbytes                        0x080005c1   Thumb Code     0  rt_memcpy_v6.o(.text)
    __aeabi_memset                           0x080005e5   Thumb Code    16  aeabi_memset.o(.text)
    strncpy                                  0x080005f5   Thumb Code    86  strncpy.o(.text)
    __use_two_region_memory                  0x0800064b   Thumb Code     2  heapauxi.o(.text)
    __rt_heap_escrow                         0x0800064d   Thumb Code     2  heapauxi.o(.text)
    __rt_heap_expand                         0x0800064f   Thumb Code     2  heapauxi.o(.text)
    _printf_int_common                       0x08000651   Thumb Code   178  _printf_intcommon.o(.text)
    _printf_char_common                      0x0800070f   Thumb Code    32  _printf_char_common.o(.text)
    _sputc                                   0x08000735   Thumb Code    10  _sputc.o(.text)
    _snputc                                  0x0800073f   Thumb Code    16  _snputc.o(.text)
    _printf_cs_common                        0x0800074f   Thumb Code    20  _printf_char.o(.text)
    _printf_char                             0x08000763   Thumb Code    16  _printf_char.o(.text)
    _printf_string                           0x08000773   Thumb Code     8  _printf_char.o(.text)
    __aeabi_memcpy4                          0x0800077b   Thumb Code     0  rt_memcpy_w.o(.text)
    __aeabi_memcpy8                          0x0800077b   Thumb Code     0  rt_memcpy_w.o(.text)
    __rt_memcpy_w                            0x0800077b   Thumb Code   100  rt_memcpy_w.o(.text)
    _memcpy_lastbytes_aligned                0x080007c3   Thumb Code     0  rt_memcpy_w.o(.text)
    __aeabi_memclr                           0x080007df   Thumb Code     0  rt_memclr.o(.text)
    __rt_memclr                              0x080007df   Thumb Code    68  rt_memclr.o(.text)
    _memset                                  0x080007e3   Thumb Code     0  rt_memclr.o(.text)
    __aeabi_memclr4                          0x08000823   Thumb Code     0  rt_memclr_w.o(.text)
    __aeabi_memclr8                          0x08000823   Thumb Code     0  rt_memclr_w.o(.text)
    __rt_memclr_w                            0x08000823   Thumb Code    78  rt_memclr_w.o(.text)
    _memset_w                                0x08000827   Thumb Code     0  rt_memclr_w.o(.text)
    __user_setup_stackheap                   0x08000871   Thumb Code    74  sys_stackheap_outer.o(.text)
    exit                                     0x080008bb   Thumb Code    18  exit.o(.text)
    __user_libspace                          0x080008cd   Thumb Code     8  libspace.o(.text)
    __user_perproc_libspace                  0x080008cd   Thumb Code     0  libspace.o(.text)
    __user_perthread_libspace                0x080008cd   Thumb Code     0  libspace.o(.text)
    __I$use$semihosting                      0x080008d5   Thumb Code     0  use_no_semi.o(.text)
    __use_no_semihosting_swi                 0x080008d5   Thumb Code     2  use_no_semi.o(.text)
    __semihosting_library_function           0x080008d7   Thumb Code     0  indicate_semi.o(.text)
    _sys_exit                                0x080008d9   Thumb Code     8  sys_exit.o(.text)
    PortB_Init                               0x080008e5   Thumb Code    36  main.o(i.PortB_Init)
    PortC_Init                               0x08000911   Thumb Code    26  main.o(i.PortC_Init)
    SPI2_Init                                0x08000935   Thumb Code   204  spi_driver.o(i.SPI2_Init)
    SPI2_Receive                             0x08000a19   Thumb Code    24  spi_driver.o(i.SPI2_Receive)
    SPI2_Transmit                            0x08000a35   Thumb Code    22  spi_driver.o(i.SPI2_Transmit)
    SystemInit                               0x08000b39   Thumb Code    78  system_stm32f10x.o(i.SystemInit)
    _is_digit                                0x08000b99   Thumb Code    14  __printf_wp.o(i._is_digit)
    ds18b20_GetTempFloat                     0x08000cb5   Thumb Code    56  ds18b20.o(i.ds18b20_GetTempFloat)
    ds18b20_GetTempInteger                   0x08000ced   Thumb Code    64  ds18b20.o(i.ds18b20_GetTempInteger)
    ds18b20_GetTempSign                      0x08000d2d   Thumb Code    22  ds18b20.o(i.ds18b20_GetTempSign)
    ds18b20_GetTemperature                   0x08000d45   Thumb Code   108  ds18b20.o(i.ds18b20_GetTemperature)
    ds18b20_ReadResponse                     0x08000db5   Thumb Code    30  ds18b20.o(i.ds18b20_ReadResponse)
    ds18b20_SendCommand                      0x08000dd3   Thumb Code    38  ds18b20.o(i.ds18b20_SendCommand)
    ds18b20_readBit                          0x08000df9   Thumb Code   140  ds18b20.o(i.ds18b20_readBit)
    ds18b20_reset                            0x08000e89   Thumb Code    52  ds18b20.o(i.ds18b20_reset)
    ds18b20_slavePresent                     0x08000ec1   Thumb Code    86  ds18b20.o(i.ds18b20_slavePresent)
    ds18b20_write0                           0x08000f1d   Thumb Code    50  ds18b20.o(i.ds18b20_write0)
    ds18b20_write1                           0x08000f55   Thumb Code    60  ds18b20.o(i.ds18b20_write1)
    enc28j60_bfc                             0x08000f95   Thumb Code    24  enc28j60.o(i.enc28j60_bfc)
    enc28j60_bfs                             0x08000fad   Thumb Code    24  enc28j60.o(i.enc28j60_bfs)
    enc28j60_init                            0x08000fc5   Thumb Code   236  enc28j60.o(i.enc28j60_init)
    enc28j60_rcr                             0x080010bd   Thumb Code    20  enc28j60.o(i.enc28j60_rcr)
    enc28j60_rcr16                           0x080010d1   Thumb Code    36  enc28j60.o(i.enc28j60_rcr16)
    enc28j60_read_buffer                     0x080010f5   Thumb Code    74  enc28j60.o(i.enc28j60_read_buffer)
    enc28j60_read_op                         0x08001149   Thumb Code    80  enc28j60.o(i.enc28j60_read_op)
    enc28j60_recv_packet                     0x080011a1   Thumb Code   116  enc28j60.o(i.enc28j60_recv_packet)
    enc28j60_rxtx                            0x08001219   Thumb Code    28  enc28j60.o(i.enc28j60_rxtx)
    enc28j60_send_packet                     0x08001235   Thumb Code   108  enc28j60.o(i.enc28j60_send_packet)
    enc28j60_set_bank                        0x080012a5   Thumb Code    50  enc28j60.o(i.enc28j60_set_bank)
    enc28j60_soft_reset                      0x080012dd   Thumb Code    88  enc28j60.o(i.enc28j60_soft_reset)
    enc28j60_wcr                             0x08001341   Thumb Code    24  enc28j60.o(i.enc28j60_wcr)
    enc28j60_wcr16                           0x08001359   Thumb Code    36  enc28j60.o(i.enc28j60_wcr16)
    enc28j60_write_buffer                    0x0800137d   Thumb Code    72  enc28j60.o(i.enc28j60_write_buffer)
    enc28j60_write_op                        0x080013cd   Thumb Code    66  enc28j60.o(i.enc28j60_write_op)
    enc28j60_write_phy                       0x08001419   Thumb Code    40  enc28j60.o(i.enc28j60_write_phy)
    htons                                    0x080018cd   Thumb Code    12  uip.o(i.htons)
    httpd_appcall                            0x080018d9   Thumb Code   154  httpd.o(i.httpd_appcall)
    httpd_cgi                                0x0800197d   Thumb Code    50  httpd-cgi.o(i.httpd_cgi)
    httpd_fs_open                            0x080019b9   Thumb Code    66  httpd-fs.o(i.httpd_fs_open)
    httpd_init                               0x08001a35   Thumb Code    12  httpd.o(i.httpd_init)
    main                                     0x08001a41   Thumb Code   214  main.o(i.main)
    psock_datalen                            0x08001b6b   Thumb Code    12  psock.o(i.psock_datalen)
    psock_generator_send                     0x08001b79   Thumb Code   130  psock.o(i.psock_generator_send)
    psock_init                               0x08001c05   Thumb Code    40  psock.o(i.psock_init)
    psock_newdata                            0x08001c2d   Thumb Code    48  psock.o(i.psock_newdata)
    psock_readto                             0x08001c61   Thumb Code   138  psock.o(i.psock_readto)
    psock_send                               0x08001cf5   Thumb Code   108  psock.o(i.psock_send)
    uip_add32                                0x0800203d   Thumb Code   106  uip.o(i.uip_add32)
    uip_arp_arpin                            0x080020f1   Thumb Code   216  uip_arp.o(i.uip_arp_arpin)
    uip_arp_init                             0x080021d9   Thumb Code    46  uip_arp.o(i.uip_arp_init)
    uip_arp_out                              0x08002211   Thumb Code   366  uip_arp.o(i.uip_arp_out)
    uip_arp_timer                            0x080023b1   Thumb Code    76  uip_arp.o(i.uip_arp_timer)
    uip_init                                 0x0800252d   Thumb Code    96  uip.o(i.uip_init)
    uip_ipchksum                             0x0800259d   Thumb Code    30  uip.o(i.uip_ipchksum)
    uip_listen                               0x080025c1   Thumb Code    54  uip.o(i.uip_listen)
    uip_log                                  0x08002601   Thumb Code     2  uip.o(i.uip_log)
    uip_process                              0x08002605   Thumb Code  4002  uip.o(i.uip_process)
    uip_send                                 0x080035c1   Thumb Code    38  uip.o(i.uip_send)
    uip_tcpchksum                            0x080035f1   Thumb Code    10  uip.o(i.uip_tcpchksum)
    vTask_uIP                                0x08003645   Thumb Code   110  main.o(i.vTask_uIP)
    vTask_uIP_periodic                       0x080036bd   Thumb Code    94  main.o(i.vTask_uIP_periodic)
    file_index_html                          0x08003f4c   Data          20  httpd-fs.o(.constdata)
    file_style_css                           0x08003f60   Data          20  httpd-fs.o(.constdata)
    file_test_function_shtml                 0x08003f74   Data          20  httpd-fs.o(.constdata)
    http_http                                0x08003f88   Data           8  http-strings.o(.constdata)
    http_200                                 0x08003f90   Data           5  http-strings.o(.constdata)
    http_301                                 0x08003f95   Data           5  http-strings.o(.constdata)
    http_302                                 0x08003f9a   Data           5  http-strings.o(.constdata)
    http_get                                 0x08003f9f   Data           5  http-strings.o(.constdata)
    http_10                                  0x08003fa4   Data           9  http-strings.o(.constdata)
    http_11                                  0x08003fad   Data           9  http-strings.o(.constdata)
    http_content_type                        0x08003fb6   Data          15  http-strings.o(.constdata)
    http_texthtml                            0x08003fc5   Data          10  http-strings.o(.constdata)
    http_location                            0x08003fcf   Data          11  http-strings.o(.constdata)
    http_host                                0x08003fda   Data           7  http-strings.o(.constdata)
    http_crnl                                0x08003fe1   Data           3  http-strings.o(.constdata)
    http_index_html                          0x08003fe4   Data          12  http-strings.o(.constdata)
    http_404_html                            0x08003ff0   Data          10  http-strings.o(.constdata)
    http_referer                             0x08003ffa   Data           9  http-strings.o(.constdata)
    http_header_200                          0x08004003   Data          84  http-strings.o(.constdata)
    http_header_404                          0x08004057   Data          91  http-strings.o(.constdata)
    http_content_type_plain                  0x080040b2   Data          29  http-strings.o(.constdata)
    http_content_type_html                   0x080040cf   Data          28  http-strings.o(.constdata)
    http_content_type_css                    0x080040eb   Data          27  http-strings.o(.constdata)
    http_content_type_text                   0x08004106   Data          28  http-strings.o(.constdata)
    http_content_type_png                    0x08004122   Data          28  http-strings.o(.constdata)
    http_content_type_gif                    0x0800413e   Data          28  http-strings.o(.constdata)
    http_content_type_jpg                    0x0800415a   Data          29  http-strings.o(.constdata)
    http_content_type_binary                 0x08004177   Data          43  http-strings.o(.constdata)
    http_html                                0x080041a2   Data           6  http-strings.o(.constdata)
    http_shtml                               0x080041a8   Data           7  http-strings.o(.constdata)
    http_htm                                 0x080041af   Data           5  http-strings.o(.constdata)
    http_css                                 0x080041b4   Data           5  http-strings.o(.constdata)
    http_png                                 0x080041b9   Data           5  http-strings.o(.constdata)
    http_gif                                 0x080041be   Data           5  http-strings.o(.constdata)
    http_jpg                                 0x080041c3   Data           5  http-strings.o(.constdata)
    http_text                                0x080041c8   Data           5  http-strings.o(.constdata)
    http_txt                                 0x080041cd   Data           5  http-strings.o(.constdata)
    Region$$Table$$Base                      0x080041f4   Number         0  anon$$obj.o(Region$$Table)
    Region$$Table$$Limit                     0x08004214   Number         0  anon$$obj.o(Region$$Table)
    enc28j60_current_bank                    0x20000000   Data           1  enc28j60.o(.data)
    enc28j60_rxrdpt                          0x20000002   Data           2  enc28j60.o(.data)
    uip_hostaddr                             0x20000004   Data           4  uip.o(.data)
    uip_draddr                               0x20000008   Data           4  uip.o(.data)
    uip_netmask                              0x2000000c   Data           4  uip.o(.data)
    uip_ethaddr                              0x20000010   Data           6  uip.o(.data)
    uip_appdata                              0x20000018   Data           4  uip.o(.data)
    uip_sappdata                             0x2000001c   Data           4  uip.o(.data)
    uip_len                                  0x20000020   Data           2  uip.o(.data)
    uip_slen                                 0x20000022   Data           2  uip.o(.data)
    uip_flags                                0x20000024   Data           1  uip.o(.data)
    uip_conn                                 0x20000028   Data           4  uip.o(.data)
    uip_acc32                                0x20000034   Data           4  uip.o(.data)
    uip_buf                                  0x20000078   Data         422  uip.o(.bss)
    uip_conns                                0x20000220   Data        8160  uip.o(.bss)
    uip_listenports                          0x20002200   Data          80  uip.o(.bss)
    uip_stat                                 0x20002250   Data          44  uip.o(.bss)
    __libspace_start                         0x200022dc   Data          96  libspace.o(.bss)
    __temporary_stack_top$libspace           0x2000233c   Data           0  libspace.o(.bss)



==============================================================================

Memory Map of the image

  Image Entry point : 0x08000199

  Load Region LR_1 (Base: 0x08000000, Size: 0x0000428c, Max: 0xffffffff, ABSOLUTE)

    Execution Region ER_RO (Exec base: 0x08000000, Load base: 0x08000000, Size: 0x00004214, Max: 0xffffffff, ABSOLUTE)

    Exec Addr    Load Addr    Size         Type   Attr      Idx    E Section Name        Object

    0x08000000   0x08000000   0x000000ec   Data   RO          981    RESET               startup_stm32f10x_md.o
    0x080000ec   0x080000ec   0x00000008   Code   RO         1113  * !!!main             c_w.l(__main.o)
    0x080000f4   0x080000f4   0x00000034   Code   RO         1468    !!!scatter          c_w.l(__scatter.o)
    0x08000128   0x08000128   0x0000001a   Code   RO         1470    !!handler_copy      c_w.l(__scatter_copy.o)
    0x08000142   0x08000142   0x00000002   PAD
    0x08000144   0x08000144   0x0000001c   Code   RO         1472    !!handler_zi        c_w.l(__scatter_zi.o)
    0x08000160   0x08000160   0x00000000   Code   RO         1094    .ARM.Collect$$_printf_percent$$00000000  c_w.l(_printf_percent.o)
    0x08000160   0x08000160   0x00000006   Code   RO         1093    .ARM.Collect$$_printf_percent$$00000009  c_w.l(_printf_d.o)
    0x08000166   0x08000166   0x00000006   Code   RO         1091    .ARM.Collect$$_printf_percent$$00000013  c_w.l(_printf_c.o)
    0x0800016c   0x0800016c   0x00000004   Code   RO         1128    .ARM.Collect$$_printf_percent$$00000017  c_w.l(_printf_percent_end.o)
    0x08000170   0x08000170   0x00000002   Code   RO         1261    .ARM.Collect$$libinit$$00000000  c_w.l(libinit.o)
    0x08000172   0x08000172   0x00000000   Code   RO         1263    .ARM.Collect$$libinit$$00000002  c_w.l(libinit2.o)
    0x08000172   0x08000172   0x00000000   Code   RO         1265    .ARM.Collect$$libinit$$00000004  c_w.l(libinit2.o)
    0x08000172   0x08000172   0x00000000   Code   RO         1268    .ARM.Collect$$libinit$$0000000A  c_w.l(libinit2.o)
    0x08000172   0x08000172   0x00000000   Code   RO         1270    .ARM.Collect$$libinit$$0000000C  c_w.l(libinit2.o)
    0x08000172   0x08000172   0x00000000   Code   RO         1272    .ARM.Collect$$libinit$$0000000E  c_w.l(libinit2.o)
    0x08000172   0x08000172   0x00000000   Code   RO         1275    .ARM.Collect$$libinit$$00000011  c_w.l(libinit2.o)
    0x08000172   0x08000172   0x00000000   Code   RO         1277    .ARM.Collect$$libinit$$00000013  c_w.l(libinit2.o)
    0x08000172   0x08000172   0x00000000   Code   RO         1279    .ARM.Collect$$libinit$$00000015  c_w.l(libinit2.o)
    0x08000172   0x08000172   0x00000000   Code   RO         1281    .ARM.Collect$$libinit$$00000017  c_w.l(libinit2.o)
    0x08000172   0x08000172   0x00000000   Code   RO         1283    .ARM.Collect$$libinit$$00000019  c_w.l(libinit2.o)
    0x08000172   0x08000172   0x00000000   Code   RO         1285    .ARM.Collect$$libinit$$0000001B  c_w.l(libinit2.o)
    0x08000172   0x08000172   0x00000000   Code   RO         1287    .ARM.Collect$$libinit$$0000001D  c_w.l(libinit2.o)
    0x08000172   0x08000172   0x00000000   Code   RO         1289    .ARM.Collect$$libinit$$0000001F  c_w.l(libinit2.o)
    0x08000172   0x08000172   0x00000000   Code   RO         1291    .ARM.Collect$$libinit$$00000021  c_w.l(libinit2.o)
    0x08000172   0x08000172   0x00000000   Code   RO         1293    .ARM.Collect$$libinit$$00000023  c_w.l(libinit2.o)
    0x08000172   0x08000172   0x00000000   Code   RO         1295    .ARM.Collect$$libinit$$00000025  c_w.l(libinit2.o)
    0x08000172   0x08000172   0x00000000   Code   RO         1299    .ARM.Collect$$libinit$$0000002C  c_w.l(libinit2.o)
    0x08000172   0x08000172   0x00000000   Code   RO         1301    .ARM.Collect$$libinit$$0000002E  c_w.l(libinit2.o)
    0x08000172   0x08000172   0x00000000   Code   RO         1303    .ARM.Collect$$libinit$$00000030  c_w.l(libinit2.o)
    0x08000172   0x08000172   0x00000000   Code   RO         1305    .ARM.Collect$$libinit$$00000032  c_w.l(libinit2.o)
    0x08000172   0x08000172   0x00000002   Code   RO         1306    .ARM.Collect$$libinit$$00000033  c_w.l(libinit2.o)
    0x08000174   0x08000174   0x00000002   Code   RO         1447    .ARM.Collect$$libshutdown$$00000000  c_w.l(libshutdown.o)
    0x08000176   0x08000176   0x00000000   Code   RO         1308    .ARM.Collect$$libshutdown$$00000002  c_w.l(libshutdown2.o)
    0x08000176   0x08000176   0x00000000   Code   RO         1310    .ARM.Collect$$libshutdown$$00000004  c_w.l(libshutdown2.o)
    0x08000176   0x08000176   0x00000000   Code   RO         1313    .ARM.Collect$$libshutdown$$00000007  c_w.l(libshutdown2.o)
    0x08000176   0x08000176   0x00000000   Code   RO         1316    .ARM.Collect$$libshutdown$$0000000A  c_w.l(libshutdown2.o)
    0x08000176   0x08000176   0x00000000   Code   RO         1318    .ARM.Collect$$libshutdown$$0000000C  c_w.l(libshutdown2.o)
    0x08000176   0x08000176   0x00000000   Code   RO         1321    .ARM.Collect$$libshutdown$$0000000F  c_w.l(libshutdown2.o)
    0x08000176   0x08000176   0x00000002   Code   RO         1322    .ARM.Collect$$libshutdown$$00000010  c_w.l(libshutdown2.o)
    0x08000178   0x08000178   0x00000000   Code   RO         1115    .ARM.Collect$$rtentry$$00000000  c_w.l(__rtentry.o)
    0x08000178   0x08000178   0x00000000   Code   RO         1140    .ARM.Collect$$rtentry$$00000002  c_w.l(__rtentry2.o)
    0x08000178   0x08000178   0x00000006   Code   RO         1152    .ARM.Collect$$rtentry$$00000004  c_w.l(__rtentry4.o)
    0x0800017e   0x0800017e   0x00000000   Code   RO         1142    .ARM.Collect$$rtentry$$00000009  c_w.l(__rtentry2.o)
    0x0800017e   0x0800017e   0x00000004   Code   RO         1143    .ARM.Collect$$rtentry$$0000000A  c_w.l(__rtentry2.o)
    0x08000182   0x08000182   0x00000000   Code   RO         1145    .ARM.Collect$$rtentry$$0000000C  c_w.l(__rtentry2.o)
    0x08000182   0x08000182   0x00000008   Code   RO         1146    .ARM.Collect$$rtentry$$0000000D  c_w.l(__rtentry2.o)
    0x0800018a   0x0800018a   0x00000002   Code   RO         1331    .ARM.Collect$$rtexit$$00000000  c_w.l(rtexit.o)
    0x0800018c   0x0800018c   0x00000000   Code   RO         1385    .ARM.Collect$$rtexit$$00000002  c_w.l(rtexit2.o)
    0x0800018c   0x0800018c   0x00000004   Code   RO         1386    .ARM.Collect$$rtexit$$00000003  c_w.l(rtexit2.o)
    0x08000190   0x08000190   0x00000006   Code   RO         1387    .ARM.Collect$$rtexit$$00000004  c_w.l(rtexit2.o)
    0x08000196   0x08000196   0x00000002   PAD
    0x08000198   0x08000198   0x00000040   Code   RO          982  * .text               startup_stm32f10x_md.o
    0x080001d8   0x080001d8   0x00000038   Code   RO         1036    .text               c_w.l(__2snprintf.o)
    0x08000210   0x08000210   0x00000052   Code   RO         1046    .text               c_w.l(_printf_str.o)
    0x08000262   0x08000262   0x00000002   PAD
    0x08000264   0x08000264   0x00000078   Code   RO         1048    .text               c_w.l(_printf_dec.o)
    0x080002dc   0x080002dc   0x00000138   Code   RO         1083    .text               c_w.l(__printf_flags_wp.o)
    0x08000414   0x08000414   0x00000014   Code   RO         1095    .text               c_w.l(strchr.o)
    0x08000428   0x08000428   0x00000048   Code   RO         1097    .text               c_w.l(strcpy.o)
    0x08000470   0x08000470   0x00000016   Code   RO         1099    .text               c_w.l(strrchr.o)
    0x08000486   0x08000486   0x0000003e   Code   RO         1101    .text               c_w.l(strlen.o)
    0x080004c4   0x080004c4   0x00000096   Code   RO         1103    .text               c_w.l(strncmp.o)
    0x0800055a   0x0800055a   0x0000008a   Code   RO         1105    .text               c_w.l(rt_memcpy_v6.o)
    0x080005e4   0x080005e4   0x00000010   Code   RO         1107    .text               c_w.l(aeabi_memset.o)
    0x080005f4   0x080005f4   0x00000056   Code   RO         1109    .text               c_w.l(strncpy.o)
    0x0800064a   0x0800064a   0x00000006   Code   RO         1111    .text               c_w.l(heapauxi.o)
    0x08000650   0x08000650   0x000000b2   Code   RO         1116    .text               c_w.l(_printf_intcommon.o)
    0x08000702   0x08000702   0x00000002   PAD
    0x08000704   0x08000704   0x00000030   Code   RO         1118    .text               c_w.l(_printf_char_common.o)
    0x08000734   0x08000734   0x0000000a   Code   RO         1120    .text               c_w.l(_sputc.o)
    0x0800073e   0x0800073e   0x00000010   Code   RO         1122    .text               c_w.l(_snputc.o)
    0x0800074e   0x0800074e   0x0000002c   Code   RO         1124    .text               c_w.l(_printf_char.o)
    0x0800077a   0x0800077a   0x00000064   Code   RO         1135    .text               c_w.l(rt_memcpy_w.o)
    0x080007de   0x080007de   0x00000044   Code   RO         1137    .text               c_w.l(rt_memclr.o)
    0x08000822   0x08000822   0x0000004e   Code   RO         1170    .text               c_w.l(rt_memclr_w.o)
    0x08000870   0x08000870   0x0000004a   Code   RO         1179    .text               c_w.l(sys_stackheap_outer.o)
    0x080008ba   0x080008ba   0x00000012   Code   RO         1250    .text               c_w.l(exit.o)
    0x080008cc   0x080008cc   0x00000008   Code   RO         1325    .text               c_w.l(libspace.o)
    0x080008d4   0x080008d4   0x00000002   Code   RO         1328    .text               c_w.l(use_no_semi.o)
    0x080008d6   0x080008d6   0x00000000   Code   RO         1330    .text               c_w.l(indicate_semi.o)
    0x080008d6   0x080008d6   0x00000002   PAD
    0x080008d8   0x080008d8   0x0000000c   Code   RO         1382    .text               c_w.l(sys_exit.o)
    0x080008e4   0x080008e4   0x0000002c   Code   RO            4    i.PortB_Init        main.o
    0x08000910   0x08000910   0x00000024   Code   RO            5    i.PortC_Init        main.o
    0x08000934   0x08000934   0x000000e4   Code   RO          264    i.SPI2_Init         spi_driver.o
    0x08000a18   0x08000a18   0x0000001c   Code   RO          265    i.SPI2_Receive      spi_driver.o
    0x08000a34   0x08000a34   0x0000001c   Code   RO          266    i.SPI2_Transmit     spi_driver.o
    0x08000a50   0x08000a50   0x00000008   Code   RO          989    i.SetSysClock       system_stm32f10x.o
    0x08000a58   0x08000a58   0x000000e0   Code   RO          990    i.SetSysClockTo72   system_stm32f10x.o
    0x08000b38   0x08000b38   0x00000060   Code   RO          992    i.SystemInit        system_stm32f10x.o
    0x08000b98   0x08000b98   0x0000000e   Code   RO         1081    i._is_digit         c_w.l(__printf_wp.o)
    0x08000ba6   0x08000ba6   0x00000066   Code   RO          298    i.buf_bufto         psock.o
    0x08000c0c   0x08000c0c   0x00000006   Code   RO          299    i.buf_setup         psock.o
    0x08000c12   0x08000c12   0x00000046   Code   RO          420    i.chksum            uip.o
    0x08000c58   0x08000c58   0x0000005c   Code   RO          300    i.data_acked        psock.o
    0x08000cb4   0x08000cb4   0x00000038   Code   RO          895    i.ds18b20_GetTempFloat  ds18b20.o
    0x08000cec   0x08000cec   0x00000040   Code   RO          896    i.ds18b20_GetTempInteger  ds18b20.o
    0x08000d2c   0x08000d2c   0x00000016   Code   RO          897    i.ds18b20_GetTempSign  ds18b20.o
    0x08000d42   0x08000d42   0x00000002   PAD
    0x08000d44   0x08000d44   0x00000070   Code   RO          898    i.ds18b20_GetTemperature  ds18b20.o
    0x08000db4   0x08000db4   0x0000001e   Code   RO          899    i.ds18b20_ReadResponse  ds18b20.o
    0x08000dd2   0x08000dd2   0x00000026   Code   RO          900    i.ds18b20_SendCommand  ds18b20.o
    0x08000df8   0x08000df8   0x00000090   Code   RO          901    i.ds18b20_readBit   ds18b20.o
    0x08000e88   0x08000e88   0x00000038   Code   RO          902    i.ds18b20_reset     ds18b20.o
    0x08000ec0   0x08000ec0   0x0000005c   Code   RO          903    i.ds18b20_slavePresent  ds18b20.o
    0x08000f1c   0x08000f1c   0x00000038   Code   RO          904    i.ds18b20_write0    ds18b20.o
    0x08000f54   0x08000f54   0x00000040   Code   RO          905    i.ds18b20_write1    ds18b20.o
    0x08000f94   0x08000f94   0x00000018   Code   RO          135    i.enc28j60_bfc      enc28j60.o
    0x08000fac   0x08000fac   0x00000018   Code   RO          136    i.enc28j60_bfs      enc28j60.o
    0x08000fc4   0x08000fc4   0x000000f8   Code   RO          137    i.enc28j60_init     enc28j60.o
    0x080010bc   0x080010bc   0x00000014   Code   RO          138    i.enc28j60_rcr      enc28j60.o
    0x080010d0   0x080010d0   0x00000024   Code   RO          139    i.enc28j60_rcr16    enc28j60.o
    0x080010f4   0x080010f4   0x00000054   Code   RO          140    i.enc28j60_read_buffer  enc28j60.o
    0x08001148   0x08001148   0x00000058   Code   RO          141    i.enc28j60_read_op  enc28j60.o
    0x080011a0   0x080011a0   0x00000078   Code   RO          143    i.enc28j60_recv_packet  enc28j60.o
    0x08001218   0x08001218   0x0000001c   Code   RO          144    i.enc28j60_rxtx     enc28j60.o
    0x08001234   0x08001234   0x00000070   Code   RO          145    i.enc28j60_send_packet  enc28j60.o
    0x080012a4   0x080012a4   0x00000038   Code   RO          146    i.enc28j60_set_bank  enc28j60.o
    0x080012dc   0x080012dc   0x00000064   Code   RO          147    i.enc28j60_soft_reset  enc28j60.o
    0x08001340   0x08001340   0x00000018   Code   RO          148    i.enc28j60_wcr      enc28j60.o
    0x08001358   0x08001358   0x00000024   Code   RO          149    i.enc28j60_wcr16    enc28j60.o
    0x0800137c   0x0800137c   0x00000050   Code   RO          150    i.enc28j60_write_buffer  enc28j60.o
    0x080013cc   0x080013cc   0x0000004c   Code   RO          151    i.enc28j60_write_op  enc28j60.o
    0x08001418   0x08001418   0x00000028   Code   RO          152    i.enc28j60_write_phy  enc28j60.o
    0x08001440   0x08001440   0x00000048   Code   RO          731    i.generate_part_of_file  httpd.o
    0x08001488   0x08001488   0x0000003c   Code   RO          799    i.getRoomTemperature  httpd-cgi.o
    0x080014c4   0x080014c4   0x00000050   Code   RO          800    i.get_temperature   httpd-cgi.o
    0x08001514   0x08001514   0x0000001a   Code   RO          732    i.handle_connection  httpd.o
    0x0800152e   0x0800152e   0x00000002   PAD
    0x08001530   0x08001530   0x00000114   Code   RO          733    i.handle_input      httpd.o
    0x08001644   0x08001644   0x0000010c   Code   RO          734    i.handle_output     httpd.o
    0x08001750   0x08001750   0x0000017c   Code   RO          735    i.handle_script     httpd.o
    0x080018cc   0x080018cc   0x0000000c   Code   RO          421    i.htons             uip.o
    0x080018d8   0x080018d8   0x000000a4   Code   RO          736    i.httpd_appcall     httpd.o
    0x0800197c   0x0800197c   0x0000003c   Code   RO          801    i.httpd_cgi         httpd-cgi.o
    0x080019b8   0x080019b8   0x0000004c   Code   RO          835    i.httpd_fs_open     httpd-fs.o
    0x08001a04   0x08001a04   0x00000030   Code   RO          836    i.httpd_fs_strcmp   httpd-fs.o
    0x08001a34   0x08001a34   0x0000000c   Code   RO          737    i.httpd_init        httpd.o
    0x08001a40   0x08001a40   0x000000f0   Code   RO            6    i.main              main.o
    0x08001b30   0x08001b30   0x00000022   Code   RO          738    i.next_scriptstate  httpd.o
    0x08001b52   0x08001b52   0x00000018   Code   RO          802    i.nullfunction      httpd-cgi.o
    0x08001b6a   0x08001b6a   0x0000000c   Code   RO          301    i.psock_datalen     psock.o
    0x08001b76   0x08001b76   0x00000002   PAD
    0x08001b78   0x08001b78   0x0000008c   Code   RO          302    i.psock_generator_send  psock.o
    0x08001c04   0x08001c04   0x00000028   Code   RO          303    i.psock_init        psock.o
    0x08001c2c   0x08001c2c   0x00000034   Code   RO          304    i.psock_newdata     psock.o
    0x08001c60   0x08001c60   0x00000094   Code   RO          306    i.psock_readto      psock.o
    0x08001cf4   0x08001cf4   0x0000006c   Code   RO          307    i.psock_send        psock.o
    0x08001d60   0x08001d60   0x00000050   Code   RO          308    i.send_data         psock.o
    0x08001db0   0x08001db0   0x00000060   Code   RO          739    i.send_file         httpd.o
    0x08001e10   0x08001e10   0x000001f0   Code   RO          740    i.send_headers      httpd.o
    0x08002000   0x08002000   0x0000003a   Code   RO          741    i.send_part_of_file  httpd.o
    0x0800203a   0x0800203a   0x00000002   PAD
    0x0800203c   0x0800203c   0x00000070   Code   RO          422    i.uip_add32         uip.o
    0x080020ac   0x080020ac   0x00000044   Code   RO          423    i.uip_add_rcv_nxt   uip.o
    0x080020f0   0x080020f0   0x000000e8   Code   RO          543    i.uip_arp_arpin     uip_arp.o
    0x080021d8   0x080021d8   0x00000038   Code   RO          544    i.uip_arp_init      uip_arp.o
    0x08002210   0x08002210   0x000001a0   Code   RO          545    i.uip_arp_out       uip_arp.o
    0x080023b0   0x080023b0   0x00000058   Code   RO          546    i.uip_arp_timer     uip_arp.o
    0x08002408   0x08002408   0x00000124   Code   RO          547    i.uip_arp_update    uip_arp.o
    0x0800252c   0x0800252c   0x00000070   Code   RO          426    i.uip_init          uip.o
    0x0800259c   0x0800259c   0x00000024   Code   RO          427    i.uip_ipchksum      uip.o
    0x080025c0   0x080025c0   0x00000040   Code   RO          428    i.uip_listen        uip.o
    0x08002600   0x08002600   0x00000002   Code   RO          429    i.uip_log           uip.o
    0x08002602   0x08002602   0x00000002   PAD
    0x08002604   0x08002604   0x00000fbc   Code   RO          430    i.uip_process       uip.o
    0x080035c0   0x080035c0   0x00000030   Code   RO          431    i.uip_send          uip.o
    0x080035f0   0x080035f0   0x0000000a   Code   RO          433    i.uip_tcpchksum     uip.o
    0x080035fa   0x080035fa   0x00000002   PAD
    0x080035fc   0x080035fc   0x00000048   Code   RO          436    i.upper_layer_chksum  uip.o
    0x08003644   0x08003644   0x00000078   Code   RO            7    i.vTask_uIP         main.o
    0x080036bc   0x080036bc   0x00000070   Code   RO            8    i.vTask_uIP_periodic  main.o
    0x0800372c   0x0800372c   0x00000006   Data   RO            9    .constdata          main.o
    0x08003732   0x08003732   0x00000008   Data   RO          438    .constdata          uip.o
    0x0800373a   0x0800373a   0x0000000a   Data   RO          549    .constdata          uip_arp.o
    0x08003744   0x08003744   0x0000005e   Data   RO          803    .constdata          httpd-cgi.o
    0x080037a2   0x080037a2   0x00000002   PAD
    0x080037a4   0x080037a4   0x000007e4   Data   RO          837    .constdata          httpd-fs.o
    0x08003f88   0x08003f88   0x0000024a   Data   RO          885    .constdata          http-strings.o
    0x080041d2   0x080041d2   0x00000011   Data   RO         1084    .constdata          c_w.l(__printf_flags_wp.o)
    0x080041e3   0x080041e3   0x00000001   PAD
    0x080041e4   0x080041e4   0x00000010   Data   RO          804    .conststring        httpd-cgi.o
    0x080041f4   0x080041f4   0x00000020   Data   RO         1466    Region$$Table       anon$$obj.o


    Execution Region ER_RW (Exec base: 0x20000000, Load base: 0x08004214, Size: 0x00000078, Max: 0xffffffff, ABSOLUTE)

    Exec Addr    Load Addr    Size         Type   Attr      Idx    E Section Name        Object

    0x20000000   0x08004214   0x00000004   Data   RW          153    .data               enc28j60.o
    0x20000004   0x08004218   0x00000038   Data   RW          439    .data               uip.o
    0x2000003c   0x08004250   0x00000008   Data   RW          550    .data               uip_arp.o
    0x20000044   0x08004258   0x0000002c   Data   RW          805    .data               httpd-cgi.o
    0x20000070   0x08004284   0x00000006   Data   RW          838    .data               httpd-fs.o


    Execution Region ER_ZI (Exec base: 0x20000078, Load base: 0x0800428c, Size: 0x000028c8, Max: 0xffffffff, ABSOLUTE)

    Exec Addr    Load Addr    Size         Type   Attr      Idx    E Section Name        Object

    0x20000078        -       0x00002204   Zero   RW          437    .bss                uip.o
    0x2000227c        -       0x00000060   Zero   RW          548    .bss                uip_arp.o
    0x200022dc        -       0x00000060   Zero   RW         1326    .bss                c_w.l(libspace.o)
    0x2000233c   0x0800428c   0x00000004   PAD
    0x20002340        -       0x00000200   Zero   RW          980    HEAP                startup_stm32f10x_md.o
    0x20002540        -       0x00000400   Zero   RW          979    STACK               startup_stm32f10x_md.o


==============================================================================

Image component sizes


      Code (inc. data)   RO Data    RW Data    ZI Data      Debug   Object Name

       734         28          0          0          0       6343   ds18b20.o
      1196         74          0          4          0       9857   enc28j60.o
         0          0        586          0          0       2165   http-strings.o
       224         30        110         44          0       3264   httpd-cgi.o
       124         10       2020          6          0       3318   httpd-fs.o
      1882        122          0          0          0       7465   httpd.o
       552         72          6          0          0      18400   main.o
       780         44          0          0          0      13010   psock.o
       284         34          0          0          0       1287   spi_driver.o
        64         26        236          0       1536        800   startup_stm32f10x_md.o
       328         28          0          0          0       1941   system_stm32f10x.o
      4634        550          8         56       8708      16374   uip.o
      1084        108         10          8         96       4743   uip_arp.o

    ----------------------------------------------------------------------
     11898       1126       3010        120      10340      88967   Object Totals
         0          0         32          0          0          0   (incl. Generated)
        12          0          2          2          0          0   (incl. Padding)

    ----------------------------------------------------------------------

      Code (inc. data)   RO Data    RW Data    ZI Data      Debug   Library Member Name

        56          6          0          0          0         88   __2snprintf.o
         8          0          0          0          0         68   __main.o
       312          4         17          0          0         92   __printf_flags_wp.o
        14          0          0          0          0         68   __printf_wp.o
         0          0          0          0          0          0   __rtentry.o
        12          0          0          0          0          0   __rtentry2.o
         6          0          0          0          0          0   __rtentry4.o
        52          8          0          0          0          0   __scatter.o
        26          0          0          0          0          0   __scatter_copy.o
        28          0          0          0          0          0   __scatter_zi.o
         6          0          0          0          0          0   _printf_c.o
        44          0          0          0          0        108   _printf_char.o
        48          6          0          0          0         96   _printf_char_common.o
         6          0          0          0          0          0   _printf_d.o
       120         16          0          0          0         92   _printf_dec.o
       178          0          0          0          0         88   _printf_intcommon.o
         0          0          0          0          0          0   _printf_percent.o
         4          0          0          0          0          0   _printf_percent_end.o
        82          0          0          0          0         80   _printf_str.o
        16          0          0          0          0         68   _snputc.o
        10          0          0          0          0         68   _sputc.o
        16          0          0          0          0         68   aeabi_memset.o
        18          0          0          0          0         80   exit.o
         6          0          0          0          0        152   heapauxi.o
         0          0          0          0          0          0   indicate_semi.o
         2          0          0          0          0          0   libinit.o
         2          0          0          0          0          0   libinit2.o
         2          0          0          0          0          0   libshutdown.o
         2          0          0          0          0          0   libshutdown2.o
         8          4          0          0         96         68   libspace.o
        68          0          0          0          0         68   rt_memclr.o
        78          0          0          0          0         80   rt_memclr_w.o
       138          0          0          0          0         68   rt_memcpy_v6.o
       100          0          0          0          0         80   rt_memcpy_w.o
         2          0          0          0          0          0   rtexit.o
        10          0          0          0          0          0   rtexit2.o
        20          0          0          0          0         68   strchr.o
        72          0          0          0          0         80   strcpy.o
        62          0          0          0          0         76   strlen.o
       150          0          0          0          0         80   strncmp.o
        86          0          0          0          0         76   strncpy.o
        22          0          0          0          0         68   strrchr.o
        12          4          0          0          0         68   sys_exit.o
        74          0          0          0          0         80   sys_stackheap_outer.o
         2          0          0          0          0         68   use_no_semi.o

    ----------------------------------------------------------------------
      1990         48         18          0        100       2244   Library Totals
        10          0          1          0          4          0   (incl. Padding)

    ----------------------------------------------------------------------

      Code (inc. data)   RO Data    RW Data    ZI Data      Debug   Library Name

      1980         48         17          0         96       2244   c_w.l

    ----------------------------------------------------------------------
      1990         48         18          0        100       2244   Library Totals

    ----------------------------------------------------------------------

==============================================================================


      Code (inc. data)   RO Data    RW Data    ZI Data      Debug   

     13888       1174       3028        120      10440      85851   Grand Totals
     13888       1174       3028        120      10440      85851   ELF Image Totals
     13888       1174       3028        120          0          0   ROM Totals

==============================================================================

    Total RO  Size (Code + RO Data)                16916 (  16.52kB)
    Total RW  Size (RW Data + ZI Data)             10560 (  10.31kB)
    Total ROM Size (Code + RO Data + RW Data)      17036 (  16.64kB)

==============================================================================

